 Trial_cgxe

 Timestamp is 65173010 (Sat Sep 30 01:44:08 2023)

 Preferred load address is 0000000180000000

 Start         Length     Name                   Class
 0001:00000000 000115c0H .text$mn                CODE
 0001:000115c0 00000036H .text$mn$00             CODE
 0001:000115f6 00000092H .text$x                 CODE
 0002:00000000 00000320H .idata$5                DATA
 0002:00000320 00000038H .00cfg                  DATA
 0002:00000358 00000008H .CRT$XCA                DATA
 0002:00000360 00000008H .CRT$XCZ                DATA
 0002:00000368 00000008H .CRT$XIA                DATA
 0002:00000370 00000008H .CRT$XIZ                DATA
 0002:00000378 00000008H .CRT$XPA                DATA
 0002:00000380 00000008H .CRT$XPZ                DATA
 0002:00000388 00000008H .CRT$XTA                DATA
 0002:00000390 00000010H .CRT$XTZ                DATA
 0002:00000398 00000000H .gehcont$y              DATA
 0002:00000398 00000000H .gfids$y                DATA
 0002:000003a0 000003e0H .rdata                  DATA
 0002:00000780 00000080H .rdata$CastGuardVftablesA DATA
 0002:00000800 00000080H .rdata$CastGuardVftablesC DATA
 0002:00000880 00000194H .rdata$voltmd           DATA
 0002:00000a14 0000027cH .rdata$zzzdbg           DATA
 0002:00000c90 00000008H .rtc$IAA                DATA
 0002:00000c98 00000008H .rtc$IZZ                DATA
 0002:00000ca0 00000008H .rtc$TAA                DATA
 0002:00000ca8 00000008H .rtc$TZZ                DATA
 0002:00000cb0 00000be0H .xdata                  DATA
 0002:00001890 00000074H .edata                  DATA
 0002:00001904 000000c8H .idata$2                DATA
 0002:000019cc 00000014H .idata$3                DATA
 0002:000019e0 00000320H .idata$4                DATA
 0002:00001d00 00000830H .idata$6                DATA
 0003:00000000 00003a20H .data                   DATA
 0003:00003a20 00000640H .bss                    DATA
 0004:00000000 00000ec4H .pdata                  DATA

  Address         Publics by Value              Rva+Base               Lib:Object

 0000:00000000       __AbsoluteZero             0000000000000000     <absolute>
 0000:00000000       ___safe_se_handler_count   0000000000000000     <absolute>
 0000:00000000       ___safe_se_handler_table   0000000000000000     <absolute>
 0000:00000000       __arm64x_extra_rfe_table   0000000000000000     <absolute>
 0000:00000000       __arm64x_extra_rfe_table_size 0000000000000000     <absolute>
 0000:00000000       __arm64x_native_entrypoint 0000000000000000     <absolute>
 0000:00000000       __arm64x_redirection_metadata 0000000000000000     <absolute>
 0000:00000000       __arm64x_redirection_metadata_count 0000000000000000     <absolute>
 0000:00000000       __dynamic_value_reloc_table 0000000000000000     <absolute>
 0000:00000000       __enclave_config           0000000000000000     <absolute>
 0000:00000000       __guard_check_icall_a64n_fptr 0000000000000000     <absolute>
 0000:00000000       __guard_eh_cont_count      0000000000000000     <absolute>
 0000:00000000       __guard_eh_cont_table      0000000000000000     <absolute>
 0000:00000000       __guard_fids_count         0000000000000000     <absolute>
 0000:00000000       __guard_fids_table         0000000000000000     <absolute>
 0000:00000000       __guard_iat_count          0000000000000000     <absolute>
 0000:00000000       __guard_iat_table          0000000000000000     <absolute>
 0000:00000000       __guard_longjmp_count      0000000000000000     <absolute>
 0000:00000000       __guard_longjmp_table      0000000000000000     <absolute>
 0000:00000000       __hybrid_auxiliary_delayload_iat 0000000000000000     <absolute>
 0000:00000000       __hybrid_auxiliary_delayload_iat_copy 0000000000000000     <absolute>
 0000:00000000       __hybrid_auxiliary_iat     0000000000000000     <absolute>
 0000:00000000       __hybrid_auxiliary_iat_copy 0000000000000000     <absolute>
 0000:00000000       __hybrid_code_map          0000000000000000     <absolute>
 0000:00000000       __hybrid_code_map_count    0000000000000000     <absolute>
 0000:00000000       __x64_code_ranges_to_entry_points 0000000000000000     <absolute>
 0000:00000000       __x64_code_ranges_to_entry_points_count 0000000000000000     <absolute>
 0000:00000100       __guard_flags              0000000000000100     <absolute>
 0000:00000000       __ImageBase                0000000180000000     <linker-defined>
 0001:00000000       mexfilerequiredapiversion  0000000180001000 f   c_mexapi_version.obj
 0001:00000030       cgxe_Trial_method_dispatcher 0000000180001030 f   Trial_cgxe.obj
 0001:00000240       method_dispatcher_DH3jGOJ4u96z2aK3hkI3OE 0000000180001240 f   m_DH3jGOJ4u96z2aK3hkI3OE.obj
 0001:00001df0       cgxe_DH3jGOJ4u96z2aK3hkI3OE_BuildInfoUpdate 0000000180002df0 f   m_DH3jGOJ4u96z2aK3hkI3OE.obj
 0001:00001f80       cgxe_DH3jGOJ4u96z2aK3hkI3OE_fallback_info 0000000180002f80 f   m_DH3jGOJ4u96z2aK3hkI3OE.obj
 0001:00002020       method_dispatcher_yXjhySGjxhbOwMeUG2qaED 0000000180003020 f   m_yXjhySGjxhbOwMeUG2qaED.obj
 0001:00003860       cgxe_yXjhySGjxhbOwMeUG2qaED_BuildInfoUpdate 0000000180004860 f   m_yXjhySGjxhbOwMeUG2qaED.obj
 0001:000039f0       cgxe_yXjhySGjxhbOwMeUG2qaED_fallback_info 00000001800049f0 f   m_yXjhySGjxhbOwMeUG2qaED.obj
 0001:00003a90       method_dispatcher_UOPiPZ4gyGXLET3FdL2udC 0000000180004a90 f   m_UOPiPZ4gyGXLET3FdL2udC.obj
 0001:000052d0       cgxe_UOPiPZ4gyGXLET3FdL2udC_BuildInfoUpdate 00000001800062d0 f   m_UOPiPZ4gyGXLET3FdL2udC.obj
 0001:00005460       cgxe_UOPiPZ4gyGXLET3FdL2udC_fallback_info 0000000180006460 f   m_UOPiPZ4gyGXLET3FdL2udC.obj
 0001:00005500       method_dispatcher_DYUjf4SydzIrcGQMWETqVE 0000000180006500 f   m_DYUjf4SydzIrcGQMWETqVE.obj
 0001:00006d40       cgxe_DYUjf4SydzIrcGQMWETqVE_BuildInfoUpdate 0000000180007d40 f   m_DYUjf4SydzIrcGQMWETqVE.obj
 0001:00006ed0       cgxe_DYUjf4SydzIrcGQMWETqVE_fallback_info 0000000180007ed0 f   m_DYUjf4SydzIrcGQMWETqVE.obj
 0001:00006f70       mexFunction                0000000180007f70 f   Trial_cgxe_registry.obj
 0001:00008de0       _ssSetInputPortDirectFeedThroughFcn 0000000180009de0 f   Trial_cgxe_registry.obj
 0001:00008f50       _ssSetRWorkValueFcn        0000000180009f50 f   Trial_cgxe_registry.obj
 0001:00008fd0       _ssGetRWorkValueFcn        0000000180009fd0 f   Trial_cgxe_registry.obj
 0001:00009040       _ssSetIWorkValueFcn        000000018000a040 f   Trial_cgxe_registry.obj
 0001:000090c0       _ssGetIWorkValueFcn        000000018000a0c0 f   Trial_cgxe_registry.obj
 0001:00009130       _ssSetPWorkValueFcn        000000018000a130 f   Trial_cgxe_registry.obj
 0001:000091b0       _ssGetPWorkValueFcn        000000018000a1b0 f   Trial_cgxe_registry.obj
 0001:00009220       _ssGetInputPortSignalFcn   000000018000a220 f   Trial_cgxe_registry.obj
 0001:000095b0       _ssGetInputPortBufferDstPortFcn 000000018000a5b0 f   Trial_cgxe_registry.obj
 0001:00009630       _ssGetInputPortSignalPtrsFcn 000000018000a630 f   Trial_cgxe_registry.obj
 0001:000099c0       ssGetParameterTuningCompliance 000000018000a9c0 f   Trial_cgxe_registry.obj
 0001:00009a30       _ssReadInputStringFcn      000000018000aa30 f   Trial_cgxe_registry.obj
 0001:00009aa0       ssGetDTypeIdFromMxArray    000000018000aaa0 f   Trial_cgxe_registry.obj
 0001:00009bc0       ssWriteRTWMx2dMatParam     000000018000abc0 f   Trial_cgxe_registry.obj
 0001:00009c50       ssWriteRTWMxVectParam      000000018000ac50 f   Trial_cgxe_registry.obj
 0001:00009cd0       ssWriteRTWParameters       000000018000acd0 f   Trial_cgxe_registry.obj
 0001:0000a290       ssWriteRTWParamSettings    000000018000b290 f   Trial_cgxe_registry.obj
 0001:0000a980       ssWriteRTWStr              000000018000b980 f   Trial_cgxe_registry.obj
 0001:0000a9e0       ssWriteRTWWorkVect         000000018000b9e0 f   Trial_cgxe_registry.obj
 0001:0000af40       ssWarning                  000000018000bf40 f   Trial_cgxe_registry.obj
 0001:0000b030       ssGetRootSS                000000018000c030 f   Trial_cgxe_registry.obj
 0001:0000b0f0       ssGetParentSS              000000018000c0f0 f   Trial_cgxe_registry.obj
 0001:0000b1b0       ssWriteRTWNameValuePair    000000018000c1b0 f   Trial_cgxe_registry.obj
 0001:0000b6b0       _ssSetInputPortMatrixDimensions 000000018000c6b0 f   Trial_cgxe_registry.obj
 0001:0000b800       _ssSetOutputPortMatrixDimensions 000000018000c800 f   Trial_cgxe_registry.obj
 0001:0000b950       _ssSetInputPortVectorDimension 000000018000c950 f   Trial_cgxe_registry.obj
 0001:0000ba00       _ssSetOutputPortVectorDimension 000000018000ca00 f   Trial_cgxe_registry.obj
 0001:0000bab0       ssIsRunTimeParamTunable    000000018000cab0 f   Trial_cgxe_registry.obj
 0001:0000bb20       ssGetSFuncBlockHandle      000000018000cb20 f   Trial_cgxe_registry.obj
 0001:0000bb90       _ssGetCallSystemNumFcnCallDestinations 000000018000cb90 f   Trial_cgxe_registry.obj
 0001:0000bc00       _ssGetCurrentInputPortWidth 000000018000cc00 f   Trial_cgxe_registry.obj
 0001:0000bd40       _ssGetCurrentOutputPortWidth 000000018000cd40 f   Trial_cgxe_registry.obj
 0001:0000be80       ssGetIsZeroCrossControlDisabled 000000018000ce80 f   Trial_cgxe_registry.obj
 0001:0000bef0       ssSetIsInputPortUsedForContZcSignal 000000018000cef0 f   Trial_cgxe_registry.obj
 0001:0000bf60       ssSetZcSignalIsZcElementDisc 000000018000cf60 f   Trial_cgxe_registry.obj
 0001:0000c010       ssSetZcSignalName          000000018000d010 f   Trial_cgxe_registry.obj
 0001:0000c080       ssSetZcSignalWidth         000000018000d080 f   Trial_cgxe_registry.obj
 0001:0000c0f0       ssSetZcSignalZcEventType   000000018000d0f0 f   Trial_cgxe_registry.obj
 0001:0000c160       ssSetZcSignalType          000000018000d160 f   Trial_cgxe_registry.obj
 0001:0000c1d0       ssSetZcSignalZcTol         000000018000d1d0 f   Trial_cgxe_registry.obj
 0001:0000c240       ssSetZcSignalNeedsEventNotification 000000018000d240 f   Trial_cgxe_registry.obj
 0001:0000c2b0       ssCreateAndAddZcSignalInfo 000000018000d2b0 f   Trial_cgxe_registry.obj
 0001:0000c320       ssCloneAndAddZcSignalInfo  000000018000d320 f   Trial_cgxe_registry.obj
 0001:0000c390       ssGetNumZcSignals          000000018000d390 f   Trial_cgxe_registry.obj
 0001:0000c400       ssGetZcSignalVector        000000018000d400 f   Trial_cgxe_registry.obj
 0001:0000c470       ssGetZcSignalName          000000018000d470 f   Trial_cgxe_registry.obj
 0001:0000c4e0       ssGetZcSignalWidth         000000018000d4e0 f   Trial_cgxe_registry.obj
 0001:0000c550       ssGetZcSignalZcEventType   000000018000d550 f   Trial_cgxe_registry.obj
 0001:0000c5c0       ssGetZcSignalZcEvents      000000018000d5c0 f   Trial_cgxe_registry.obj
 0001:0000c630       ssGetZcSignalType          000000018000d630 f   Trial_cgxe_registry.obj
 0001:0000c6a0       ssGetZcSignalZcTol         000000018000d6a0 f   Trial_cgxe_registry.obj
 0001:0000c720       ssGetZcSignalNeedsEventNotification 000000018000d720 f   Trial_cgxe_registry.obj
 0001:0000c790       ssGetZcSignalIsZcElementDisc 000000018000d790 f   Trial_cgxe_registry.obj
 0001:0000c830       ssGetIsInputPortElementContinuous 000000018000d830 f   Trial_cgxe_registry.obj
 0001:0000c8d0       _ssGetAbsTol               000000018000d8d0 f   Trial_cgxe_registry.obj
 0001:0000c940       _ssSetStateAbsTol          000000018000d940 f   Trial_cgxe_registry.obj
 0001:0000ca20       _ssSetInputPortReusableFcn 000000018000da20 f   Trial_cgxe_registry.obj
 0001:0000cb20       _ssSetOutputPortReusableFcn 000000018000db20 f   Trial_cgxe_registry.obj
 0001:0000cc20       _ssSetSymbolicDimsSupport  000000018000dc20 f   Trial_cgxe_registry.obj
 0001:0000cc90       _ssRegisterSymbolicDimsExpr 000000018000dc90 f   Trial_cgxe_registry.obj
 0001:0000cd10       _ssRegisterSymbolicDimsMATLABExpr 000000018000dd10 f   Trial_cgxe_registry.obj
 0001:0000cda0       _ssRegisterSymbolicDims    000000018000dda0 f   Trial_cgxe_registry.obj
 0001:0000ce40       _ssRegisterSymbolicDimsString 000000018000de40 f   Trial_cgxe_registry.obj
 0001:0000cec0       _ssRegisterSymbolicDimsIntValue 000000018000dec0 f   Trial_cgxe_registry.obj
 0001:0000cf30       _ssRegisterSymbolicEqualRelation 000000018000df30 f   Trial_cgxe_registry.obj
 0001:0000cfa0       _ssRegisterSymbolicEqualValue 000000018000dfa0 f   Trial_cgxe_registry.obj
 0001:0000d010       _ssAmendLeadingSymbolicDims 000000018000e010 f   Trial_cgxe_registry.obj
 0001:0000d090       _ssAmendTrailingSymbolicDims 000000018000e090 f   Trial_cgxe_registry.obj
 0001:0000d110       _ssRegisterSymbolicDimsPlus 000000018000e110 f   Trial_cgxe_registry.obj
 0001:0000d190       _ssRegisterSymbolicDimsMinus 000000018000e190 f   Trial_cgxe_registry.obj
 0001:0000d210       _ssRegisterSymbolicDimsMultiply 000000018000e210 f   Trial_cgxe_registry.obj
 0001:0000d290       _ssRegisterSymbolicDimsDivide 000000018000e290 f   Trial_cgxe_registry.obj
 0001:0000d310       _ssGetNumSymbolicDims      000000018000e310 f   Trial_cgxe_registry.obj
 0001:0000d380       _ssGetSymbolicDim          000000018000e380 f   Trial_cgxe_registry.obj
 0001:0000d400       _ssSetInputPortSymbolicDimsId 000000018000e400 f   Trial_cgxe_registry.obj
 0001:0000d470       _ssGetCompInputPortSymbolicDimsId 000000018000e470 f   Trial_cgxe_registry.obj
 0001:0000d4e0       _ssSetCompInputPortSymbolicDimsId 000000018000e4e0 f   Trial_cgxe_registry.obj
 0001:0000d550       _ssSetOutputPortSymbolicDimsId 000000018000e550 f   Trial_cgxe_registry.obj
 0001:0000d5c0       _ssGetCompOutputPortSymbolicDimsId 000000018000e5c0 f   Trial_cgxe_registry.obj
 0001:0000d630       _ssSetCompOutputPortSymbolicDimsId 000000018000e630 f   Trial_cgxe_registry.obj
 0001:0000d6a0       _ssGetDWorkSymbolicDimsId  000000018000e6a0 f   Trial_cgxe_registry.obj
 0001:0000d710       _ssSetDWorkSymbolicDimsId  000000018000e710 f   Trial_cgxe_registry.obj
 0001:0000d780       _ssGetCompDWorkSymbolicDimsId 000000018000e780 f   Trial_cgxe_registry.obj
 0001:0000d7f0       _ssSetCompDWorkSymbolicDimsId 000000018000e7f0 f   Trial_cgxe_registry.obj
 0001:0000d860       _ssCreateSLCGStringBuffer  000000018000e860 f   Trial_cgxe_registry.obj
 0001:0000d8d0       _ssAddToSLCGStringBuffer   000000018000e8d0 f   Trial_cgxe_registry.obj
 0001:0000d940       _ssGetPointerContainedData 000000018000e940 f   Trial_cgxe_registry.obj
 0001:0000d9d0       _ssGetPointerContainedDataWidth 000000018000e9d0 f   Trial_cgxe_registry.obj
 0001:0000da60       _ssRegisterDynamicArrayDataTypeFcn 000000018000ea60 f   Trial_cgxe_registry.obj
 0001:0000db00       _ssGetDynamicArrayContainedDataCurrentWidthFcn 000000018000eb00 f   Trial_cgxe_registry.obj
 0001:0000dbd0       _ssGetDynamicArrayContainedDataFcn 000000018000ebd0 f   Trial_cgxe_registry.obj
 0001:0000dca0       _ssGetInputPortDynamicArrayDataFcn 000000018000eca0 f   Trial_cgxe_registry.obj
 0001:0000dd60       _ssGetOutputPortDynamicArrayDataFcn 000000018000ed60 f   Trial_cgxe_registry.obj
 0001:0000de20       _ssGetInputPortDynamicArrayContainedDataFcn 000000018000ee20 f   Trial_cgxe_registry.obj
 0001:0000dee0       _ssGetOutputPortDynamicArrayContainedDataFcn 000000018000eee0 f   Trial_cgxe_registry.obj
 0001:0000dfa0       _ssGetDynamicArrayDWorkContainedDataFcn 000000018000efa0 f   Trial_cgxe_registry.obj
 0001:0000fd90       __local_stdio_printf_options 0000000180010d90 f i Trial_cgxe_registry.obj
 0001:0000fda0       _vsnprintf_l               0000000180010da0 f i Trial_cgxe_registry.obj
 0001:0000fe20       _vsprintf_l                0000000180010e20 f i Trial_cgxe_registry.obj
 0001:0000fe70       sprintf                    0000000180010e70 f i Trial_cgxe_registry.obj
 0001:0000febf       mxSetCell_800              0000000180010ebf f   libmx:libmx.dll
 0001:0000fec5       mxSetFieldByNumber_800     0000000180010ec5 f   libmx:libmx.dll
 0001:0000fecb       mxCreateString_800         0000000180010ecb f   libmx:libmx.dll
 0001:0000fed1       mxCreateCellMatrix_800     0000000180010ed1 f   libmx:libmx.dll
 0001:0000fed7       mxCreateStructMatrix_800   0000000180010ed7 f   libmx:libmx.dll
 0001:0000fedd       mxCalloc_800               0000000180010edd f   libmx:libmx.dll
 0001:0000fee3       mxGetM_800                 0000000180010ee3 f   libmx:libmx.dll
 0001:0000fee9       mxGetClassID_800           0000000180010ee9 f   libmx:libmx.dll
 0001:0000feef       mxGetData_800              0000000180010eef f   libmx:libmx.dll
 0001:0000fef5       mxIsNumeric_800            0000000180010ef5 f   libmx:libmx.dll
 0001:0000fefb       mxIsChar_800               0000000180010efb f   libmx:libmx.dll
 0001:0000ff01       mxIsComplex_800            0000000180010f01 f   libmx:libmx.dll
 0001:0000ff07       mxGetN_800                 0000000180010f07 f   libmx:libmx.dll
 0001:0000ff0d       mxGetPr_800                0000000180010f0d f   libmx:libmx.dll
 0001:0000ff13       mxSetField_800             0000000180010f13 f   libmx:libmx.dll
 0001:0000ff19       mxCreateNumericMatrix_800  0000000180010f19 f   libmx:libmx.dll
 0001:0000ff1f       mxCreateDoubleMatrix_800   0000000180010f1f f   libmx:libmx.dll
 0001:0000ff25       mxCreateDoubleScalar_800   0000000180010f25 f   libmx:libmx.dll
 0001:0000ff2b       mxGetString_800            0000000180010f2b f   libmx:libmx.dll
 0001:0000ff31       mexWarnMsgTxt_800          0000000180010f31 f   libmex:libmex.dll
 0001:0000ff37       mexPrintf_800              0000000180010f37 f   libmex:libmex.dll
 0001:0000ff3d       mexCallMATLAB_800          0000000180010f3d f   libmex:libmex.dll
 0001:0000ff43       mexUnlock_800              0000000180010f43 f   libmex:libmex.dll
 0001:0000ff49       mexIsLocked_800            0000000180010f49 f   libmex:libmex.dll
 0001:0000ff4f       emlrtAlias                 0000000180010f4f f   libemlrt:libemlrt.dll
 0001:0000ff55       emlrtAssign                0000000180010f55 f   libemlrt:libemlrt.dll
 0001:0000ff5b       emlrtCreateStructMatrix    0000000180010f5b f   libemlrt:libemlrt.dll
 0001:0000ff61       emlrtGetFieldR2017b        0000000180010f61 f   libemlrt:libemlrt.dll
 0001:0000ff67       emlrtSetFieldR2017b        0000000180010f67 f   libemlrt:libemlrt.dll
 0001:0000ff6d       emlrtCreateCellMatrix      0000000180010f6d f   libemlrt:libemlrt.dll
 0001:0000ff73       emlrtSetCell               0000000180010f73 f   libemlrt:libemlrt.dll
 0001:0000ff79       emlrtGetCell               0000000180010f79 f   libemlrt:libemlrt.dll
 0001:0000ff7f       emlrtCreateNumericMatrix   0000000180010f7f f   libemlrt:libemlrt.dll
 0001:0000ff85       emlrtCreateLogicalScalar   0000000180010f85 f   libemlrt:libemlrt.dll
 0001:0000ff8b       emlrtCreateCharArray       0000000180010f8b f   libemlrt:libemlrt.dll
 0001:0000ff91       emlrtDestroyArray          0000000180010f91 f   libemlrt:libemlrt.dll
 0001:0000ff97       emlrtCallMATLABR2012b      0000000180010f97 f   libemlrt:libemlrt.dll
 0001:0000ff9d       emlrtInitCharArrayR2013a   0000000180010f9d f   libemlrt:libemlrt.dll
 0001:0000ffa3       emlrtCheckBuiltInR2012b    0000000180010fa3 f   libemlrt:libemlrt.dll
 0001:0000ffa9       emlrtCheckStructR2012b     0000000180010fa9 f   libemlrt:libemlrt.dll
 0001:0000ffaf       emlrtMxGetData             0000000180010faf f   libemlrt:libemlrt.dll
 0001:0000ffb5       emlrtMxGetLogicals         0000000180010fb5 f   libemlrt:libemlrt.dll
 0001:0000ffbb       cgxertGetOutputPortSignal  0000000180010fbb f   libmwcgxert:libmwcgxert.dll
 0001:0000ffc1       cgxertGetRuntimeInstance   0000000180010fc1 f   libmwcgxert:libmwcgxert.dll
 0001:0000ffc7       cgxertSetRuntimeInstance   0000000180010fc7 f   libmwcgxert:libmwcgxert.dll
 0001:0000ffcd       cgxertGetEMLRTCtx          0000000180010fcd f   libmwcgxert:libmwcgxert.dll
 0001:0000ffd3       cgxertSetGcb               0000000180010fd3 f   libmwcgxert:libmwcgxert.dll
 0001:0000ffd9       cgxertRestoreGcb           0000000180010fd9 f   libmwcgxert:libmwcgxert.dll
 0001:0000ffdf       cgxertGetInputPortSignal   0000000180010fdf f   libmwcgxert:libmwcgxert.dll
 0001:0000ffe8       __GSHandlerCheck           0000000180010fe8 f   MSVCRT:gshandler.obj
 0001:00010008       __GSHandlerCheckCommon     0000000180011008 f   MSVCRT:gshandler.obj
 0001:00010080       __security_check_cookie    0000000180011080 f   MSVCRT:amdsecgs.obj
 0001:000100a0       __raise_securityfailure    00000001800110a0 f   MSVCRT:gs_report.obj
 0001:000100d4       __report_gsfailure         00000001800110d4 f   MSVCRT:gs_report.obj
 0001:000101a8       __report_rangecheckfailure 00000001800111a8 f   MSVCRT:gs_report.obj
 0001:000101bc       __report_securityfailure   00000001800111bc f   MSVCRT:gs_report.obj
 0001:00010258       __report_securityfailureEx 0000000180011258 f   MSVCRT:gs_report.obj
 0001:00010788       _CRT_INIT                  0000000180011788 f   MSVCRT:dll_dllmain.obj
 0001:00010790       _DllMainCRTStartup         0000000180011790 f   MSVCRT:dll_dllmain.obj
 0001:0001083c       __security_init_cookie     000000018001183c f   MSVCRT:gs_support.obj
 0001:000108e8       DllMain                    00000001800118e8 f   MSVCRT:dll_dllmain_stub.obj
 0001:0001090c       ?__scrt_initialize_type_info@@YAXXZ 000000018001190c f   MSVCRT:tncleanup.obj
 0001:0001091c       ?__scrt_uninitialize_type_info@@YAXXZ 000000018001191c f   MSVCRT:tncleanup.obj
 0001:00010928       __local_stdio_scanf_options 0000000180011928 f i MSVCRT:default_local_stdio_options.obj
 0001:00010930       __scrt_initialize_default_local_stdio_options 0000000180011930 f   MSVCRT:default_local_stdio_options.obj
 0001:0001094c       ?configure_argv@__scrt_narrow_argv_policy@@SAHXZ 000000018001194c f i MSVCRT:utility.obj
 0001:000109ac       ?initialize_environment@__scrt_narrow_environment_policy@@SAHXZ 00000001800119ac f i MSVCRT:utility.obj
 0001:000109e4       NtCurrentTeb               00000001800119e4 f i MSVCRT:utility.obj
 0001:000109f0       __scrt_acquire_startup_lock 00000001800119f0 f   MSVCRT:utility.obj
 0001:00010a2c       __scrt_dllmain_after_initialize_c 0000000180011a2c f   MSVCRT:utility.obj
 0001:00010a60       __scrt_dllmain_before_initialize_c 0000000180011a60 f   MSVCRT:utility.obj
 0001:00010a78       __scrt_dllmain_crt_thread_attach 0000000180011a78 f   MSVCRT:utility.obj
 0001:00010aa0       __scrt_dllmain_crt_thread_detach 0000000180011aa0 f   MSVCRT:utility.obj
 0001:00010ab8       __scrt_dllmain_exception_filter 0000000180011ab8 f   MSVCRT:utility.obj
 0001:00010b18       __scrt_dllmain_uninitialize_c 0000000180011b18 f   MSVCRT:utility.obj
 0001:00010b48       __scrt_dllmain_uninitialize_critical 0000000180011b48 f   MSVCRT:utility.obj
 0001:00010b5c       __scrt_initialize_crt      0000000180011b5c f   MSVCRT:utility.obj
 0001:00010ba8       __scrt_initialize_onexit_tables 0000000180011ba8 f   MSVCRT:utility.obj
 0001:00010c34       __scrt_is_nonwritable_in_current_image 0000000180011c34 f   MSVCRT:utility.obj
 0001:00010ccc       __scrt_release_startup_lock 0000000180011ccc f   MSVCRT:utility.obj
 0001:00010cf0       __scrt_uninitialize_crt    0000000180011cf0 f   MSVCRT:utility.obj
 0001:00010d1c       _onexit                    0000000180011d1c f   MSVCRT:utility.obj
 0001:00010d58       at_quick_exit              0000000180011d58 f   MSVCRT:utility.obj
 0001:00010d78       atexit                     0000000180011d78 f   MSVCRT:utility.obj
 0001:00010d90       __scrt_get_dyn_tls_init_callback 0000000180011d90 f   MSVCRT:dyn_tls_init.obj
 0001:00010d98       __crt_debugger_hook        0000000180011d98 f   MSVCRT:utility_desktop.obj
 0001:00010da0       __scrt_fastfail            0000000180011da0 f   MSVCRT:utility_desktop.obj
 0001:00010eec       __scrt_get_show_window_mode 0000000180011eec f   MSVCRT:utility_desktop.obj
 0001:00010f28       __scrt_initialize_mta      0000000180011f28 f   MSVCRT:utility_desktop.obj
 0001:00010f30       __scrt_initialize_winrt    0000000180011f30 f   MSVCRT:utility_desktop.obj
 0001:00010f34       __scrt_is_managed_app      0000000180011f34 f   MSVCRT:utility_desktop.obj
 0001:00010f88       __scrt_set_unhandled_exception_filter 0000000180011f88 f   MSVCRT:utility_desktop.obj
 0001:00010f98       __scrt_exe_initialize_mta  0000000180011f98 f   MSVCRT:utility_desktop.obj
 0001:00010f98       __scrt_stub_for_initialize_mta 0000000180011f98 f   MSVCRT:utility_desktop.obj
 0001:00010f9c       __scrt_unhandled_exception_filter 0000000180011f9c f   MSVCRT:utility_desktop.obj
 0001:00010ff8       _RTC_Initialize            0000000180011ff8 f   MSVCRT:initsect.obj
 0001:00011034       _RTC_Terminate             0000000180012034 f   MSVCRT:initsect.obj
 0001:00011070       _guard_check_icall_nop     0000000180012070 f i MSVCRT:guard_support.obj
 0001:00011074       ReadNoFence64              0000000180012074 f i MSVCRT:guard_support.obj
 0001:00011078       ReadPointerNoFence         0000000180012078 f i MSVCRT:guard_support.obj
 0001:0001107c       __castguard_check_failure_debugbreak 000000018001207c f i MSVCRT:guard_support.obj
 0001:00011098       __castguard_check_failure_fastfail 0000000180012098 f i MSVCRT:guard_support.obj
 0001:000110bc       __castguard_check_failure_nop 00000001800120bc f i MSVCRT:guard_support.obj
 0001:000110c0       __castguard_check_failure_os_handled 00000001800120c0 f i MSVCRT:guard_support.obj
 0001:0001111c       __castguard_check_failure_user_handled 000000018001211c f i MSVCRT:guard_support.obj
 0001:00011190       __castguard_set_user_handler 0000000180012190 f i MSVCRT:guard_support.obj
 0001:0001119c       __castguard_slow_path_check_debugbreak 000000018001219c f i MSVCRT:guard_support.obj
 0001:000111d0       __castguard_slow_path_check_fastfail 00000001800121d0 f i MSVCRT:guard_support.obj
 0001:0001120c       __castguard_slow_path_check_nop 000000018001220c f i MSVCRT:guard_support.obj
 0001:00011210       __castguard_slow_path_check_os_handled 0000000180012210 f i MSVCRT:guard_support.obj
 0001:00011264       __castguard_slow_path_check_user_handled 0000000180012264 f i MSVCRT:guard_support.obj
 0001:000112d0       _guard_icall_checks_enforced 00000001800122d0 f i MSVCRT:guard_support.obj
 0001:000112e8       _guard_rf_checks_enforced  00000001800122e8 f i MSVCRT:guard_support.obj
 0001:000112ec       __isa_available_init       00000001800122ec f   MSVCRT:cpu_disp.obj
 0001:00011498       _get_startup_argv_mode     0000000180012498 f   MSVCRT:argv_mode.obj
 0001:000114a0       __scrt_is_ucrt_dll_in_use  00000001800124a0 f   MSVCRT:ucrt_detection.obj
 0001:000114b0       RtlCaptureContext          00000001800124b0 f   kernel32:KERNEL32.dll
 0001:000114b6       RtlLookupFunctionEntry     00000001800124b6 f   kernel32:KERNEL32.dll
 0001:000114bc       RtlVirtualUnwind           00000001800124bc f   kernel32:KERNEL32.dll
 0001:000114c2       UnhandledExceptionFilter   00000001800124c2 f   kernel32:KERNEL32.dll
 0001:000114c8       SetUnhandledExceptionFilter 00000001800124c8 f   kernel32:KERNEL32.dll
 0001:000114ce       GetCurrentProcess          00000001800124ce f   kernel32:KERNEL32.dll
 0001:000114d4       TerminateProcess           00000001800124d4 f   kernel32:KERNEL32.dll
 0001:000114da       IsProcessorFeaturePresent  00000001800124da f   kernel32:KERNEL32.dll
 0001:000114e0       QueryPerformanceCounter    00000001800124e0 f   kernel32:KERNEL32.dll
 0001:000114e6       GetCurrentProcessId        00000001800124e6 f   kernel32:KERNEL32.dll
 0001:000114ec       GetCurrentThreadId         00000001800124ec f   kernel32:KERNEL32.dll
 0001:000114f2       GetSystemTimeAsFileTime    00000001800124f2 f   kernel32:KERNEL32.dll
 0001:000114f8       DisableThreadLibraryCalls  00000001800124f8 f   kernel32:KERNEL32.dll
 0001:000114fe       InitializeSListHead        00000001800124fe f   kernel32:KERNEL32.dll
 0001:00011504       IsDebuggerPresent          0000000180012504 f   kernel32:KERNEL32.dll
 0001:0001150a       GetStartupInfoW            000000018001250a f   kernel32:KERNEL32.dll
 0001:00011510       GetModuleHandleW           0000000180012510 f   kernel32:KERNEL32.dll
 0001:00011516       memcpy                     0000000180012516 f   vcruntime:VCRUNTIME140.dll
 0001:0001151c       __C_specific_handler       000000018001251c f   vcruntime:VCRUNTIME140.dll
 0001:00011522       __std_type_info_destroy_list 0000000180012522 f   vcruntime:VCRUNTIME140.dll
 0001:00011528       __current_exception        0000000180012528 f   vcruntime:VCRUNTIME140.dll
 0001:0001152e       __current_exception_context 000000018001252e f   vcruntime:VCRUNTIME140.dll
 0001:00011534       memset                     0000000180012534 f   vcruntime:VCRUNTIME140.dll
 0001:0001153a       calloc                     000000018001253a f   ucrt:api-ms-win-crt-heap-l1-1-0.dll
 0001:00011540       free                       0000000180012540 f   ucrt:api-ms-win-crt-heap-l1-1-0.dll
 0001:00011546       strcmp                     0000000180012546 f   ucrt:api-ms-win-crt-string-l1-1-0.dll
 0001:0001154c       strlen                     000000018001254c f   ucrt:api-ms-win-crt-string-l1-1-0.dll
 0001:00011552       __stdio_common_vsprintf    0000000180012552 f   ucrt:api-ms-win-crt-stdio-l1-1-0.dll
 0001:00011558       malloc                     0000000180012558 f   ucrt:api-ms-win-crt-heap-l1-1-0.dll
 0001:0001155e       _initterm                  000000018001255e f   ucrt:api-ms-win-crt-runtime-l1-1-0.dll
 0001:00011564       _initterm_e                0000000180012564 f   ucrt:api-ms-win-crt-runtime-l1-1-0.dll
 0001:0001156a       _seh_filter_dll            000000018001256a f   ucrt:api-ms-win-crt-runtime-l1-1-0.dll
 0001:00011570       _configure_narrow_argv     0000000180012570 f   ucrt:api-ms-win-crt-runtime-l1-1-0.dll
 0001:00011576       _initialize_narrow_environment 0000000180012576 f   ucrt:api-ms-win-crt-runtime-l1-1-0.dll
 0001:0001157c       _initialize_onexit_table   000000018001257c f   ucrt:api-ms-win-crt-runtime-l1-1-0.dll
 0001:00011582       _register_onexit_function  0000000180012582 f   ucrt:api-ms-win-crt-runtime-l1-1-0.dll
 0001:00011588       _execute_onexit_table      0000000180012588 f   ucrt:api-ms-win-crt-runtime-l1-1-0.dll
 0001:0001158e       _crt_atexit                000000018001258e f   ucrt:api-ms-win-crt-runtime-l1-1-0.dll
 0001:00011594       _crt_at_quick_exit         0000000180012594 f   ucrt:api-ms-win-crt-runtime-l1-1-0.dll
 0001:0001159a       _cexit                     000000018001259a f   ucrt:api-ms-win-crt-runtime-l1-1-0.dll
 0001:000115a0       terminate                  00000001800125a0 f   ucrt:api-ms-win-crt-runtime-l1-1-0.dll
 0001:000115a8       __acrt_initialize          00000001800125a8 f   MSVCRT:ucrt_stubs.obj
 0001:000115a8       __scrt_stub_for_acrt_initialize 00000001800125a8 f   MSVCRT:ucrt_stubs.obj
 0001:000115a8       __vcrt_initialize          00000001800125a8 f   MSVCRT:ucrt_stubs.obj
 0001:000115ac       __acrt_thread_attach       00000001800125ac f   MSVCRT:ucrt_stubs.obj
 0001:000115ac       __scrt_stub_for_acrt_thread_attach 00000001800125ac f   MSVCRT:ucrt_stubs.obj
 0001:000115ac       __vcrt_thread_attach       00000001800125ac f   MSVCRT:ucrt_stubs.obj
 0001:000115b0       __acrt_thread_detach       00000001800125b0 f   MSVCRT:ucrt_stubs.obj
 0001:000115b0       __scrt_stub_for_acrt_thread_detach 00000001800125b0 f   MSVCRT:ucrt_stubs.obj
 0001:000115b0       __vcrt_thread_detach       00000001800125b0 f   MSVCRT:ucrt_stubs.obj
 0001:000115b4       __acrt_uninitialize        00000001800125b4 f   MSVCRT:ucrt_stubs.obj
 0001:000115b4       __scrt_stub_for_acrt_uninitialize 00000001800125b4 f   MSVCRT:ucrt_stubs.obj
 0001:000115b4       __vcrt_uninitialize        00000001800125b4 f   MSVCRT:ucrt_stubs.obj
 0001:000115b8       __acrt_uninitialize_critical 00000001800125b8 f   MSVCRT:ucrt_stubs.obj
 0001:000115b8       __scrt_stub_for_acrt_uninitialize_critical 00000001800125b8 f   MSVCRT:ucrt_stubs.obj
 0001:000115b8       __vcrt_uninitialize_critical 00000001800125b8 f   MSVCRT:ucrt_stubs.obj
 0001:000115bc       __scrt_stub_for_is_c_termination_complete 00000001800125bc f   MSVCRT:ucrt_stubs.obj
 0001:000115bc       _is_c_termination_complete 00000001800125bc f   MSVCRT:ucrt_stubs.obj
 0001:000115d0       _guard_dispatch_icall_nop  00000001800125d0 f   MSVCRT:guard_dispatch.obj
 0001:000115f0       _guard_xfg_dispatch_icall_nop 00000001800125f0 f   MSVCRT:guard_xfg_dispatch.obj
 0002:00000000       __imp_GetCurrentThreadId   0000000180013000     kernel32:KERNEL32.dll
 0002:00000008       __imp_IsDebuggerPresent    0000000180013008     kernel32:KERNEL32.dll
 0002:00000010       __imp_GetStartupInfoW      0000000180013010     kernel32:KERNEL32.dll
 0002:00000018       __imp_RtlCaptureContext    0000000180013018     kernel32:KERNEL32.dll
 0002:00000020       __imp_RtlLookupFunctionEntry 0000000180013020     kernel32:KERNEL32.dll
 0002:00000028       __imp_RtlVirtualUnwind     0000000180013028     kernel32:KERNEL32.dll
 0002:00000030       __imp_UnhandledExceptionFilter 0000000180013030     kernel32:KERNEL32.dll
 0002:00000038       __imp_SetUnhandledExceptionFilter 0000000180013038     kernel32:KERNEL32.dll
 0002:00000040       __imp_GetCurrentProcess    0000000180013040     kernel32:KERNEL32.dll
 0002:00000048       __imp_TerminateProcess     0000000180013048     kernel32:KERNEL32.dll
 0002:00000050       __imp_IsProcessorFeaturePresent 0000000180013050     kernel32:KERNEL32.dll
 0002:00000058       __imp_QueryPerformanceCounter 0000000180013058     kernel32:KERNEL32.dll
 0002:00000060       __imp_GetCurrentProcessId  0000000180013060     kernel32:KERNEL32.dll
 0002:00000068       __imp_InitializeSListHead  0000000180013068     kernel32:KERNEL32.dll
 0002:00000070       __imp_GetSystemTimeAsFileTime 0000000180013070     kernel32:KERNEL32.dll
 0002:00000078       __imp_DisableThreadLibraryCalls 0000000180013078     kernel32:KERNEL32.dll
 0002:00000080       __imp_GetModuleHandleW     0000000180013080     kernel32:KERNEL32.dll
 0002:00000088       \177KERNEL32_NULL_THUNK_DATA 0000000180013088     kernel32:KERNEL32.dll
 0002:00000090       __imp___current_exception  0000000180013090     vcruntime:VCRUNTIME140.dll
 0002:00000098       __imp___std_type_info_destroy_list 0000000180013098     vcruntime:VCRUNTIME140.dll
 0002:000000a0       __imp___C_specific_handler 00000001800130a0     vcruntime:VCRUNTIME140.dll
 0002:000000a8       __imp_memset               00000001800130a8     vcruntime:VCRUNTIME140.dll
 0002:000000b0       __imp___current_exception_context 00000001800130b0     vcruntime:VCRUNTIME140.dll
 0002:000000b8       __imp_memcpy               00000001800130b8     vcruntime:VCRUNTIME140.dll
 0002:000000c0       \177VCRUNTIME140_NULL_THUNK_DATA 00000001800130c0     vcruntime:VCRUNTIME140.dll
 0002:000000c8       __imp_calloc               00000001800130c8     ucrt:api-ms-win-crt-heap-l1-1-0.dll
 0002:000000d0       __imp_malloc               00000001800130d0     ucrt:api-ms-win-crt-heap-l1-1-0.dll
 0002:000000d8       __imp_free                 00000001800130d8     ucrt:api-ms-win-crt-heap-l1-1-0.dll
 0002:000000e0       \177api-ms-win-crt-heap-l1-1-0_NULL_THUNK_DATA 00000001800130e0     ucrt:api-ms-win-crt-heap-l1-1-0.dll
 0002:000000e8       __imp__seh_filter_dll      00000001800130e8     ucrt:api-ms-win-crt-runtime-l1-1-0.dll
 0002:000000f0       __imp__configure_narrow_argv 00000001800130f0     ucrt:api-ms-win-crt-runtime-l1-1-0.dll
 0002:000000f8       __imp__initialize_narrow_environment 00000001800130f8     ucrt:api-ms-win-crt-runtime-l1-1-0.dll
 0002:00000100       __imp__initialize_onexit_table 0000000180013100     ucrt:api-ms-win-crt-runtime-l1-1-0.dll
 0002:00000108       __imp__initterm_e          0000000180013108     ucrt:api-ms-win-crt-runtime-l1-1-0.dll
 0002:00000110       __imp__execute_onexit_table 0000000180013110     ucrt:api-ms-win-crt-runtime-l1-1-0.dll
 0002:00000118       __imp__crt_atexit          0000000180013118     ucrt:api-ms-win-crt-runtime-l1-1-0.dll
 0002:00000120       __imp__crt_at_quick_exit   0000000180013120     ucrt:api-ms-win-crt-runtime-l1-1-0.dll
 0002:00000128       __imp__cexit               0000000180013128     ucrt:api-ms-win-crt-runtime-l1-1-0.dll
 0002:00000130       __imp_terminate            0000000180013130     ucrt:api-ms-win-crt-runtime-l1-1-0.dll
 0002:00000138       __imp__register_onexit_function 0000000180013138     ucrt:api-ms-win-crt-runtime-l1-1-0.dll
 0002:00000140       __imp__initterm            0000000180013140     ucrt:api-ms-win-crt-runtime-l1-1-0.dll
 0002:00000148       \177api-ms-win-crt-runtime-l1-1-0_NULL_THUNK_DATA 0000000180013148     ucrt:api-ms-win-crt-runtime-l1-1-0.dll
 0002:00000150       __imp___stdio_common_vsprintf 0000000180013150     ucrt:api-ms-win-crt-stdio-l1-1-0.dll
 0002:00000158       \177api-ms-win-crt-stdio-l1-1-0_NULL_THUNK_DATA 0000000180013158     ucrt:api-ms-win-crt-stdio-l1-1-0.dll
 0002:00000160       __imp_strlen               0000000180013160     ucrt:api-ms-win-crt-string-l1-1-0.dll
 0002:00000168       __imp_strcmp               0000000180013168     ucrt:api-ms-win-crt-string-l1-1-0.dll
 0002:00000170       \177api-ms-win-crt-string-l1-1-0_NULL_THUNK_DATA 0000000180013170     ucrt:api-ms-win-crt-string-l1-1-0.dll
 0002:00000178       __imp_emlrtMxGetLogicals   0000000180013178     libemlrt:libemlrt.dll
 0002:00000180       __imp_emlrtMxGetData       0000000180013180     libemlrt:libemlrt.dll
 0002:00000188       __imp_emlrtAlias           0000000180013188     libemlrt:libemlrt.dll
 0002:00000190       __imp_emlrtAssign          0000000180013190     libemlrt:libemlrt.dll
 0002:00000198       __imp_emlrtCreateStructMatrix 0000000180013198     libemlrt:libemlrt.dll
 0002:000001a0       __imp_emlrtCheckStructR2012b 00000001800131a0     libemlrt:libemlrt.dll
 0002:000001a8       __imp_emlrtCheckBuiltInR2012b 00000001800131a8     libemlrt:libemlrt.dll
 0002:000001b0       __imp_emlrtCallMATLABR2012b 00000001800131b0     libemlrt:libemlrt.dll
 0002:000001b8       __imp_emlrtDestroyArray    00000001800131b8     libemlrt:libemlrt.dll
 0002:000001c0       __imp_emlrtCreateCharArray 00000001800131c0     libemlrt:libemlrt.dll
 0002:000001c8       __imp_emlrtCreateLogicalScalar 00000001800131c8     libemlrt:libemlrt.dll
 0002:000001d0       __imp_emlrtCreateNumericMatrix 00000001800131d0     libemlrt:libemlrt.dll
 0002:000001d8       __imp_emlrtGetCell         00000001800131d8     libemlrt:libemlrt.dll
 0002:000001e0       __imp_emlrtSetCell         00000001800131e0     libemlrt:libemlrt.dll
 0002:000001e8       __imp_emlrtCreateCellMatrix 00000001800131e8     libemlrt:libemlrt.dll
 0002:000001f0       __imp_emlrtSetFieldR2017b  00000001800131f0     libemlrt:libemlrt.dll
 0002:000001f8       __imp_emlrtGetFieldR2017b  00000001800131f8     libemlrt:libemlrt.dll
 0002:00000200       __imp_emlrtInitCharArrayR2013a 0000000180013200     libemlrt:libemlrt.dll
 0002:00000208       \177libemlrt_NULL_THUNK_DATA 0000000180013208     libemlrt:libemlrt.dll
 0002:00000210       __imp_mexWarnMsgTxt_800    0000000180013210     libmex:libmex.dll
 0002:00000218       __imp_mexPrintf_800        0000000180013218     libmex:libmex.dll
 0002:00000220       __imp_mexIsLocked_800      0000000180013220     libmex:libmex.dll
 0002:00000228       __imp_mexUnlock_800        0000000180013228     libmex:libmex.dll
 0002:00000230       __imp_mexCallMATLAB_800    0000000180013230     libmex:libmex.dll
 0002:00000238       \177libmex_NULL_THUNK_DATA 0000000180013238     libmex:libmex.dll
 0002:00000240       __imp_cgxertGetEMLRTCtx    0000000180013240     libmwcgxert:libmwcgxert.dll
 0002:00000248       __imp_cgxertSetRuntimeInstance 0000000180013248     libmwcgxert:libmwcgxert.dll
 0002:00000250       __imp_cgxertGetRuntimeInstance 0000000180013250     libmwcgxert:libmwcgxert.dll
 0002:00000258       __imp_cgxertGetOutputPortSignal 0000000180013258     libmwcgxert:libmwcgxert.dll
 0002:00000260       __imp_cgxertRestoreGcb     0000000180013260     libmwcgxert:libmwcgxert.dll
 0002:00000268       __imp_cgxertGetInputPortSignal 0000000180013268     libmwcgxert:libmwcgxert.dll
 0002:00000270       __imp_cgxertSetGcb         0000000180013270     libmwcgxert:libmwcgxert.dll
 0002:00000278       \177libmwcgxert_NULL_THUNK_DATA 0000000180013278     libmwcgxert:libmwcgxert.dll
 0002:00000280       __imp_mxSetFieldByNumber_800 0000000180013280     libmx:libmx.dll
 0002:00000288       __imp_mxGetString_800      0000000180013288     libmx:libmx.dll
 0002:00000290       __imp_mxCreateDoubleScalar_800 0000000180013290     libmx:libmx.dll
 0002:00000298       __imp_mxCreateDoubleMatrix_800 0000000180013298     libmx:libmx.dll
 0002:000002a0       __imp_mxCreateNumericMatrix_800 00000001800132a0     libmx:libmx.dll
 0002:000002a8       __imp_mxSetField_800       00000001800132a8     libmx:libmx.dll
 0002:000002b0       __imp_mxGetPr_800          00000001800132b0     libmx:libmx.dll
 0002:000002b8       __imp_mxGetN_800           00000001800132b8     libmx:libmx.dll
 0002:000002c0       __imp_mxIsComplex_800      00000001800132c0     libmx:libmx.dll
 0002:000002c8       __imp_mxIsChar_800         00000001800132c8     libmx:libmx.dll
 0002:000002d0       __imp_mxIsNumeric_800      00000001800132d0     libmx:libmx.dll
 0002:000002d8       __imp_mxGetData_800        00000001800132d8     libmx:libmx.dll
 0002:000002e0       __imp_mxGetClassID_800     00000001800132e0     libmx:libmx.dll
 0002:000002e8       __imp_mxGetM_800           00000001800132e8     libmx:libmx.dll
 0002:000002f0       __imp_mxCalloc_800         00000001800132f0     libmx:libmx.dll
 0002:000002f8       __imp_mxCreateStructMatrix_800 00000001800132f8     libmx:libmx.dll
 0002:00000300       __imp_mxCreateCellMatrix_800 0000000180013300     libmx:libmx.dll
 0002:00000308       __imp_mxCreateString_800   0000000180013308     libmx:libmx.dll
 0002:00000310       __imp_mxSetCell_800        0000000180013310     libmx:libmx.dll
 0002:00000318       \177libmx_NULL_THUNK_DATA  0000000180013318     libmx:libmx.dll
 0002:00000320       __guard_check_icall_fptr   0000000180013320     MSVCRT:guard_support.obj
 0002:00000328       __guard_xfg_check_icall_fptr 0000000180013328     MSVCRT:guard_support.obj
 0002:00000330       __guard_dispatch_icall_fptr 0000000180013330     MSVCRT:guard_support.obj
 0002:00000338       __guard_xfg_dispatch_icall_fptr 0000000180013338     MSVCRT:guard_support.obj
 0002:00000340       __guard_xfg_table_dispatch_icall_fptr 0000000180013340     MSVCRT:guard_support.obj
 0002:00000348       __castguard_check_failure_os_handled_fptr 0000000180013348     MSVCRT:guard_support.obj
 0002:00000350       __guard_memcpy_fptr        0000000180013350     vcruntime:softmemtag.obj
 0002:00000358       __xc_a                     0000000180013358     MSVCRT:initializers.obj
 0002:00000360       __xc_z                     0000000180013360     MSVCRT:initializers.obj
 0002:00000368       __xi_a                     0000000180013368     MSVCRT:initializers.obj
 0002:00000370       __xi_z                     0000000180013370     MSVCRT:initializers.obj
 0002:00000378       __xp_a                     0000000180013378     MSVCRT:initializers.obj
 0002:00000380       __xp_z                     0000000180013380     MSVCRT:initializers.obj
 0002:00000388       __xt_a                     0000000180013388     MSVCRT:initializers.obj
 0002:00000390       __xt_z                     0000000180013390     MSVCRT:initializers.obj
 0002:00000500       DYNAMIC_DIMENSION_DEF      0000000180013500     Trial_cgxe_registry.obj
 0002:00000518       __real@0000000000000000    0000000180013518     Trial_cgxe_registry.obj
 0002:00000520       __real@4010000000000000    0000000180013520     Trial_cgxe_registry.obj
 0002:00000528       __real@41602cbca0000000    0000000180013528     Trial_cgxe_registry.obj
 0002:00000530       __real@41d54f661c400000    0000000180013530     Trial_cgxe_registry.obj
 0002:00000538       __real@41dc67f553c00000    0000000180013538     Trial_cgxe_registry.obj
 0002:00000540       __real@41dd73c809c00000    0000000180013540     Trial_cgxe_registry.obj
 0002:00000548       __real@41e13401bfc00000    0000000180013548     Trial_cgxe_registry.obj
 0002:00000550       __real@41e2069ed9a00000    0000000180013550     Trial_cgxe_registry.obj
 0002:00000558       __real@41e5b0b712600000    0000000180013558     Trial_cgxe_registry.obj
 0002:00000560       __real@41e69b193d600000    0000000180013560     Trial_cgxe_registry.obj
 0002:00000568       __real@41e6e15008400000    0000000180013568     Trial_cgxe_registry.obj
 0002:00000570       __real@41e723597bc00000    0000000180013570     Trial_cgxe_registry.obj
 0002:00000578       __real@41e7aef3c5800000    0000000180013578     Trial_cgxe_registry.obj
 0002:00000580       __real@41e7ec99ab000000    0000000180013580     Trial_cgxe_registry.obj
 0002:00000588       __real@41e863a1b5a00000    0000000180013588     Trial_cgxe_registry.obj
 0002:00000590       __real@41e94249a3000000    0000000180013590     Trial_cgxe_registry.obj
 0002:00000598       __real@41eb8a9519200000    0000000180013598     Trial_cgxe_registry.obj
 0002:000005a0       __real@41ebcb74d1a00000    00000001800135a0     Trial_cgxe_registry.obj
 0002:000005a8       __real@41ef984df0600000    00000001800135a8     Trial_cgxe_registry.obj
 0002:000005b0       __real@bff0000000000000    00000001800135b0     Trial_cgxe_registry.obj
 0002:000005c8       _pDefaultRawDllMain        00000001800135c8     MSVCRT:dll_dllmain.obj
 0002:000005c8       _pRawDllMain               00000001800135c8     MSVCRT:dll_dllmain.obj
 0002:000005d0       __xmm@ffffffffffffffffffffffffffffffff 00000001800135d0     MSVCRT:utility.obj
 0002:000005e0       _load_config_used          00000001800135e0     MSVCRT:loadcfg.obj
 0002:00000780       __CastGuardVftablesStart   0000000180013780     MSVCRT:guard_support.obj
 0002:00000800       __CastGuardVftablesEnd     0000000180013800     MSVCRT:guard_support.obj
 0002:00000880       __volatile_metadata        0000000180013880     <linker-defined>
 0002:00000c90       __rtc_iaa                  0000000180013c90     MSVCRT:initsect.obj
 0002:00000c98       __rtc_izz                  0000000180013c98     MSVCRT:initsect.obj
 0002:00000ca0       __rtc_taa                  0000000180013ca0     MSVCRT:initsect.obj
 0002:00000ca8       __rtc_tzz                  0000000180013ca8     MSVCRT:initsect.obj
 0002:00001904       __IMPORT_DESCRIPTOR_libmx  0000000180014904     libmx:libmx.dll
 0002:00001918       __IMPORT_DESCRIPTOR_libmex 0000000180014918     libmex:libmex.dll
 0002:0000192c       __IMPORT_DESCRIPTOR_libemlrt 000000018001492c     libemlrt:libemlrt.dll
 0002:00001940       __IMPORT_DESCRIPTOR_libmwcgxert 0000000180014940     libmwcgxert:libmwcgxert.dll
 0002:00001954       __IMPORT_DESCRIPTOR_KERNEL32 0000000180014954     kernel32:KERNEL32.dll
 0002:00001968       __IMPORT_DESCRIPTOR_VCRUNTIME140 0000000180014968     vcruntime:VCRUNTIME140.dll
 0002:0000197c       __IMPORT_DESCRIPTOR_api-ms-win-crt-heap-l1-1-0 000000018001497c     ucrt:api-ms-win-crt-heap-l1-1-0.dll
 0002:00001990       __IMPORT_DESCRIPTOR_api-ms-win-crt-string-l1-1-0 0000000180014990     ucrt:api-ms-win-crt-string-l1-1-0.dll
 0002:000019a4       __IMPORT_DESCRIPTOR_api-ms-win-crt-stdio-l1-1-0 00000001800149a4     ucrt:api-ms-win-crt-stdio-l1-1-0.dll
 0002:000019b8       __IMPORT_DESCRIPTOR_api-ms-win-crt-runtime-l1-1-0 00000001800149b8     ucrt:api-ms-win-crt-runtime-l1-1-0.dll
 0002:000019cc       __NULL_IMPORT_DESCRIPTOR   00000001800149cc     libmx:libmx.dll
 0003:00001730       DYNAMIC_DIMENSION          0000000180017730     Trial_cgxe_registry.obj
 0003:000039e0       __security_cookie_complement 00000001800199e0     MSVCRT:gs_cookie.obj
 0003:000039e8       __security_cookie          00000001800199e8     MSVCRT:gs_cookie.obj
 0003:000039f0       _fltused                   00000001800199f0     MSVCRT:fltused.obj
 0003:000039f4       __scrt_native_dllmain_reason 00000001800199f4     MSVCRT:utility.obj
 0003:000039f8       __isa_available            00000001800199f8     MSVCRT:cpu_disp.obj
 0003:000039fc       __isa_enabled              00000001800199fc     MSVCRT:cpu_disp.obj
 0003:00003a00       __memset_fast_string_threshold 0000000180019a00     MSVCRT:cpu_disp.obj
 0003:00003a08       __memset_nt_threshold      0000000180019a08     MSVCRT:cpu_disp.obj
 0003:00003a10       __scrt_ucrt_dll_is_in_use  0000000180019a10     MSVCRT:ucrt_stubs.obj
 0003:00003fd0       ?__type_info_root_node@@3U__type_info_node@@A 0000000180019fd0     MSVCRT:tncleanup.obj
 0003:00003fe0       ?_OptionsStorage@?1??__local_stdio_printf_options@@9@4_KA 0000000180019fe0     MSVCRT:default_local_stdio_options.obj
 0003:00003fe8       ?_OptionsStorage@?1??__local_stdio_scanf_options@@9@4_KA 0000000180019fe8     MSVCRT:default_local_stdio_options.obj
 0003:00003ff0       __scrt_current_native_startup_state 0000000180019ff0     MSVCRT:utility.obj
 0003:00003ff8       __scrt_native_startup_lock 0000000180019ff8     MSVCRT:utility.obj
 0003:00004038       __scrt_debugger_hook_flag  000000018001a038     MSVCRT:utility_desktop.obj
 0003:00004040       __castguard_check_failure_user_handled_fptr 000000018001a040     MSVCRT:guard_support.obj
 0003:00004048       __favor                    000000018001a048     MSVCRT:cpu_disp.obj
 0003:00004050       ?_OptionsStorage@?1??__local_stdio_printf_options@@9@9 000000018001a050     <common>
 0003:00004058       __dyn_tls_init_callback    000000018001a058     <common>

 entry point at        0001:00010790

 Static symbols

 0000:00000000       .debug$S                   0000000180000000     Trial_cgxe.exp
 0000:00000000       _volmd                     0000000180000000     Trial_cgxe_registry.obj
 0000:00000000       _volmd                     0000000180000000     m_DH3jGOJ4u96z2aK3hkI3OE.obj
 0000:00000000       _volmd                     0000000180000000     m_DYUjf4SydzIrcGQMWETqVE.obj
 0000:00000000       _volmd                     0000000180000000     m_UOPiPZ4gyGXLET3FdL2udC.obj
 0000:00000000       _volmd                     0000000180000000     m_yXjhySGjxhbOwMeUG2qaED.obj
 0000:00000000       .debug$S                   0000000180000000     ucrt:api-ms-win-crt-heap-l1-1-0.dll
 0000:00000000       .debug$S                   0000000180000000     ucrt:api-ms-win-crt-heap-l1-1-0.dll
 0000:00000000       .debug$S                   0000000180000000     ucrt:api-ms-win-crt-heap-l1-1-0.dll
 0000:00000000       .debug$S                   0000000180000000     ucrt:api-ms-win-crt-runtime-l1-1-0.dll
 0000:00000000       .debug$S                   0000000180000000     ucrt:api-ms-win-crt-runtime-l1-1-0.dll
 0000:00000000       .debug$S                   0000000180000000     ucrt:api-ms-win-crt-runtime-l1-1-0.dll
 0000:00000000       .debug$S                   0000000180000000     ucrt:api-ms-win-crt-runtime-l1-1-0.dll
 0000:00000000       .debug$S                   0000000180000000     ucrt:api-ms-win-crt-runtime-l1-1-0.dll
 0000:00000000       .debug$S                   0000000180000000     ucrt:api-ms-win-crt-runtime-l1-1-0.dll
 0000:00000000       .debug$S                   0000000180000000     ucrt:api-ms-win-crt-runtime-l1-1-0.dll
 0000:00000000       .debug$S                   0000000180000000     ucrt:api-ms-win-crt-runtime-l1-1-0.dll
 0000:00000000       .debug$S                   0000000180000000     ucrt:api-ms-win-crt-runtime-l1-1-0.dll
 0000:00000000       .debug$S                   0000000180000000     ucrt:api-ms-win-crt-runtime-l1-1-0.dll
 0000:00000000       .debug$S                   0000000180000000     ucrt:api-ms-win-crt-runtime-l1-1-0.dll
 0000:00000000       .debug$S                   0000000180000000     ucrt:api-ms-win-crt-runtime-l1-1-0.dll
 0000:00000000       .debug$S                   0000000180000000     ucrt:api-ms-win-crt-stdio-l1-1-0.dll
 0000:00000000       .debug$S                   0000000180000000     ucrt:api-ms-win-crt-string-l1-1-0.dll
 0000:00000000       .debug$S                   0000000180000000     ucrt:api-ms-win-crt-string-l1-1-0.dll
 0000:00000000       .debug$S                   0000000180000000     kernel32:KERNEL32.dll
 0000:00000000       .debug$S                   0000000180000000     kernel32:KERNEL32.dll
 0000:00000000       .debug$S                   0000000180000000     kernel32:KERNEL32.dll
 0000:00000000       .debug$S                   0000000180000000     kernel32:KERNEL32.dll
 0000:00000000       .debug$S                   0000000180000000     kernel32:KERNEL32.dll
 0000:00000000       .debug$S                   0000000180000000     kernel32:KERNEL32.dll
 0000:00000000       .debug$S                   0000000180000000     kernel32:KERNEL32.dll
 0000:00000000       .debug$S                   0000000180000000     kernel32:KERNEL32.dll
 0000:00000000       .debug$S                   0000000180000000     kernel32:KERNEL32.dll
 0000:00000000       .debug$S                   0000000180000000     kernel32:KERNEL32.dll
 0000:00000000       .debug$S                   0000000180000000     kernel32:KERNEL32.dll
 0000:00000000       .debug$S                   0000000180000000     kernel32:KERNEL32.dll
 0000:00000000       .debug$S                   0000000180000000     kernel32:KERNEL32.dll
 0000:00000000       .debug$S                   0000000180000000     kernel32:KERNEL32.dll
 0000:00000000       .debug$S                   0000000180000000     kernel32:KERNEL32.dll
 0000:00000000       .debug$S                   0000000180000000     kernel32:KERNEL32.dll
 0000:00000000       .debug$S                   0000000180000000     kernel32:KERNEL32.dll
 0000:00000000       .debug$S                   0000000180000000     libemlrt:libemlrt.dll
 0000:00000000       .debug$S                   0000000180000000     libemlrt:libemlrt.dll
 0000:00000000       .debug$S                   0000000180000000     libemlrt:libemlrt.dll
 0000:00000000       .debug$S                   0000000180000000     libemlrt:libemlrt.dll
 0000:00000000       .debug$S                   0000000180000000     libemlrt:libemlrt.dll
 0000:00000000       .debug$S                   0000000180000000     libemlrt:libemlrt.dll
 0000:00000000       .debug$S                   0000000180000000     libemlrt:libemlrt.dll
 0000:00000000       .debug$S                   0000000180000000     libemlrt:libemlrt.dll
 0000:00000000       .debug$S                   0000000180000000     libemlrt:libemlrt.dll
 0000:00000000       .debug$S                   0000000180000000     libemlrt:libemlrt.dll
 0000:00000000       .debug$S                   0000000180000000     libemlrt:libemlrt.dll
 0000:00000000       .debug$S                   0000000180000000     libemlrt:libemlrt.dll
 0000:00000000       .debug$S                   0000000180000000     libemlrt:libemlrt.dll
 0000:00000000       .debug$S                   0000000180000000     libemlrt:libemlrt.dll
 0000:00000000       .debug$S                   0000000180000000     libemlrt:libemlrt.dll
 0000:00000000       .debug$S                   0000000180000000     libemlrt:libemlrt.dll
 0000:00000000       .debug$S                   0000000180000000     libemlrt:libemlrt.dll
 0000:00000000       .debug$S                   0000000180000000     libemlrt:libemlrt.dll
 0000:00000000       .debug$S                   0000000180000000     libmex:libmex.dll
 0000:00000000       .debug$S                   0000000180000000     libmex:libmex.dll
 0000:00000000       .debug$S                   0000000180000000     libmex:libmex.dll
 0000:00000000       .debug$S                   0000000180000000     libmex:libmex.dll
 0000:00000000       .debug$S                   0000000180000000     libmex:libmex.dll
 0000:00000000       .debug$S                   0000000180000000     libmwcgxert:libmwcgxert.dll
 0000:00000000       .debug$S                   0000000180000000     libmwcgxert:libmwcgxert.dll
 0000:00000000       .debug$S                   0000000180000000     libmwcgxert:libmwcgxert.dll
 0000:00000000       .debug$S                   0000000180000000     libmwcgxert:libmwcgxert.dll
 0000:00000000       .debug$S                   0000000180000000     libmwcgxert:libmwcgxert.dll
 0000:00000000       .debug$S                   0000000180000000     libmwcgxert:libmwcgxert.dll
 0000:00000000       .debug$S                   0000000180000000     libmwcgxert:libmwcgxert.dll
 0000:00000000       .debug$S                   0000000180000000     libmx:libmx.dll
 0000:00000000       .debug$S                   0000000180000000     libmx:libmx.dll
 0000:00000000       .debug$S                   0000000180000000     libmx:libmx.dll
 0000:00000000       .debug$S                   0000000180000000     libmx:libmx.dll
 0000:00000000       .debug$S                   0000000180000000     libmx:libmx.dll
 0000:00000000       .debug$S                   0000000180000000     libmx:libmx.dll
 0000:00000000       .debug$S                   0000000180000000     libmx:libmx.dll
 0000:00000000       .debug$S                   0000000180000000     libmx:libmx.dll
 0000:00000000       .debug$S                   0000000180000000     libmx:libmx.dll
 0000:00000000       .debug$S                   0000000180000000     libmx:libmx.dll
 0000:00000000       .debug$S                   0000000180000000     libmx:libmx.dll
 0000:00000000       .debug$S                   0000000180000000     libmx:libmx.dll
 0000:00000000       .debug$S                   0000000180000000     libmx:libmx.dll
 0000:00000000       .debug$S                   0000000180000000     libmx:libmx.dll
 0000:00000000       .debug$S                   0000000180000000     libmx:libmx.dll
 0000:00000000       .debug$S                   0000000180000000     libmx:libmx.dll
 0000:00000000       .debug$S                   0000000180000000     libmx:libmx.dll
 0000:00000000       .debug$S                   0000000180000000     libmx:libmx.dll
 0000:00000000       .debug$S                   0000000180000000     libmx:libmx.dll
 0000:00000000       _volmd                     0000000180000000     MSVCRT:cpu_disp.obj
 0002:fffed000       __guard_ehcont_?dllmain_dispatch@@YAHQEAUHINSTANCE__@@KQEAX@Z 0000000180000000     MSVCRT:dll_dllmain.obj
 0002:fffed000       __guard_fids_?dllmain_dispatch@@YAHQEAUHINSTANCE__@@KQEAX@Z 0000000180000000     MSVCRT:dll_dllmain.obj
 0000:00000000       _volmd                     0000000180000000     MSVCRT:gs_report.obj
 0000:00000000       _volmd                     0000000180000000     MSVCRT:gs_report.obj
 0000:00000000       _volmd                     0000000180000000     MSVCRT:gs_report.obj
 0002:fffed000       __guard_fids__             0000000180000000     MSVCRT:guard_support.obj
 0002:fffed000       __guard_fids__             0000000180000000     MSVCRT:guard_support.obj
 0002:fffed000       __guard_fids__guard_icall_checks_enforced 0000000180000000     MSVCRT:guard_support.obj
 0000:00000000       _volmd                     0000000180000000     MSVCRT:guard_support.obj
 0000:00000000       _volmd                     0000000180000000     MSVCRT:guard_support.obj
 0000:00000000       _volmd                     0000000180000000     MSVCRT:guard_support.obj
 0000:00000000       _volmd                     0000000180000000     MSVCRT:guard_support.obj
 0000:00000000       _volmd                     0000000180000000     MSVCRT:guard_support.obj
 0000:00000000       _volmd                     0000000180000000     MSVCRT:guard_support.obj
 0000:00000000       _volmd                     0000000180000000     MSVCRT:guard_support.obj
 0000:00000000       _volmd                     0000000180000000     MSVCRT:guard_support.obj
 0000:00000000       _volmd                     0000000180000000     MSVCRT:guard_support.obj
 0000:00000000       _volmd                     0000000180000000     MSVCRT:guard_support.obj
 0002:fffed000       __guard_ehcont___scrt_is_nonwritable_in_current_image 0000000180000000     MSVCRT:utility.obj
 0000:00000000       _volmd                     0000000180000000     MSVCRT:utility.obj
 0000:00000000       _volmd                     0000000180000000     MSVCRT:utility.obj
 0000:00000000       _volmd                     0000000180000000     MSVCRT:utility.obj
 0002:fffed000       __guard_fids___scrt_set_unhandled_exception_filter 0000000180000000     MSVCRT:utility_desktop.obj
 0000:00000000       _volmd                     0000000180000000     MSVCRT:utility_desktop.obj
 0002:fffed000       __guard_fids__             0000000180000000     vcruntime:softmemtag.obj
 0000:00000000       .debug$S                   0000000180000000     vcruntime:VCRUNTIME140.dll
 0000:00000000       .debug$S                   0000000180000000     vcruntime:VCRUNTIME140.dll
 0000:00000000       .debug$S                   0000000180000000     vcruntime:VCRUNTIME140.dll
 0000:00000000       .debug$S                   0000000180000000     vcruntime:VCRUNTIME140.dll
 0000:00000000       .debug$S                   0000000180000000     vcruntime:VCRUNTIME140.dll
 0000:00000000       .debug$S                   0000000180000000     vcruntime:VCRUNTIME140.dll
 0000:00000010       _volmd                     0000000180000010     Trial_cgxe_registry.obj
 0000:00000010       _volmd                     0000000180000010     m_DH3jGOJ4u96z2aK3hkI3OE.obj
 0000:00000010       _volmd                     0000000180000010     m_DYUjf4SydzIrcGQMWETqVE.obj
 0000:00000010       _volmd                     0000000180000010     m_UOPiPZ4gyGXLET3FdL2udC.obj
 0000:00000010       _volmd                     0000000180000010     m_yXjhySGjxhbOwMeUG2qaED.obj
 0000:00000020       _volmd                     0000000180000020     Trial_cgxe_registry.obj
 0000:00000020       _volmd                     0000000180000020     m_DH3jGOJ4u96z2aK3hkI3OE.obj
 0000:00000020       _volmd                     0000000180000020     m_DYUjf4SydzIrcGQMWETqVE.obj
 0000:00000020       _volmd                     0000000180000020     m_UOPiPZ4gyGXLET3FdL2udC.obj
 0000:00000020       _volmd                     0000000180000020     m_yXjhySGjxhbOwMeUG2qaED.obj
 0000:00000030       _volmd                     0000000180000030     Trial_cgxe_registry.obj
 0000:00000030       _volmd                     0000000180000030     m_DH3jGOJ4u96z2aK3hkI3OE.obj
 0000:00000040       _volmd                     0000000180000040     Trial_cgxe_registry.obj
 0000:00000040       _volmd                     0000000180000040     m_DH3jGOJ4u96z2aK3hkI3OE.obj
 0000:00000050       _volmd                     0000000180000050     Trial_cgxe_registry.obj
 0000:00000060       _volmd                     0000000180000060     Trial_cgxe_registry.obj
 0000:00000070       _volmd                     0000000180000070     Trial_cgxe_registry.obj
 0000:00000080       _volmd                     0000000180000080     Trial_cgxe_registry.obj
 0000:00000090       _volmd                     0000000180000090     Trial_cgxe_registry.obj
 0000:000000a0       _volmd                     00000001800000a0     Trial_cgxe_registry.obj
 0000:000000b0       _volmd                     00000001800000b0     Trial_cgxe_registry.obj
 0000:000000c0       _volmd                     00000001800000c0     Trial_cgxe_registry.obj
 0000:000000d0       _volmd                     00000001800000d0     Trial_cgxe_registry.obj
 0000:000000e0       _volmd                     00000001800000e0     Trial_cgxe_registry.obj
 0001:000002d0       cgxe_mdl_start             00000001800012d0 f   m_DH3jGOJ4u96z2aK3hkI3OE.obj
 0001:00000360       cgxe_mdl_initialize        0000000180001360 f   m_DH3jGOJ4u96z2aK3hkI3OE.obj
 0001:000003e0       cgxe_mdl_outputs           00000001800013e0 f   m_DH3jGOJ4u96z2aK3hkI3OE.obj
 0001:00000470       cgxe_mdl_update            0000000180001470 f   m_DH3jGOJ4u96z2aK3hkI3OE.obj
 0001:00000480       cgxe_mdl_enable            0000000180001480 f   m_DH3jGOJ4u96z2aK3hkI3OE.obj
 0001:00000490       cgxe_mdl_disable           0000000180001490 f   m_DH3jGOJ4u96z2aK3hkI3OE.obj
 0001:000004a0       cgxe_mdl_terminate         00000001800014a0 f   m_DH3jGOJ4u96z2aK3hkI3OE.obj
 0001:000004f0       mw__internal__system__init__fcn 00000001800014f0 f   m_DH3jGOJ4u96z2aK3hkI3OE.obj
 0001:00000510       mw__internal__system__terminate__fcn 0000000180001510 f   m_DH3jGOJ4u96z2aK3hkI3OE.obj
 0001:00000580       mw__internal__call__setup  0000000180001580 f   m_DH3jGOJ4u96z2aK3hkI3OE.obj
 0001:00000680       SystemCore_setup           0000000180001680 f   m_DH3jGOJ4u96z2aK3hkI3OE.obj
 0001:00000950       mw__internal__call__reset  0000000180001950 f   m_DH3jGOJ4u96z2aK3hkI3OE.obj
 0001:00000cc0       mw__internal__call__step   0000000180001cc0 f   m_DH3jGOJ4u96z2aK3hkI3OE.obj
 0001:000010d0       emlrt_marshallOut          00000001800020d0 f   m_DH3jGOJ4u96z2aK3hkI3OE.obj
 0001:000012d0       cgxe_mdl_get_sim_state     00000001800022d0 f   m_DH3jGOJ4u96z2aK3hkI3OE.obj
 0001:00001310       emlrt_marshallIn           0000000180002310 f   m_DH3jGOJ4u96z2aK3hkI3OE.obj
 0001:00001400       b_emlrt_marshallIn         0000000180002400 f   m_DH3jGOJ4u96z2aK3hkI3OE.obj
 0001:000014d0       c_emlrt_marshallIn         00000001800024d0 f   m_DH3jGOJ4u96z2aK3hkI3OE.obj
 0001:000016b0       d_emlrt_marshallIn         00000001800026b0 f   m_DH3jGOJ4u96z2aK3hkI3OE.obj
 0001:00001700       e_emlrt_marshallIn         0000000180002700 f   m_DH3jGOJ4u96z2aK3hkI3OE.obj
 0001:00001750       f_emlrt_marshallIn         0000000180002750 f   m_DH3jGOJ4u96z2aK3hkI3OE.obj
 0001:000017c0       cgxe_mdl_set_sim_state     00000001800027c0 f   m_DH3jGOJ4u96z2aK3hkI3OE.obj
 0001:00001830       message                    0000000180002830 f   m_DH3jGOJ4u96z2aK3hkI3OE.obj
 0001:000018d0       getString                  00000001800028d0 f   m_DH3jGOJ4u96z2aK3hkI3OE.obj
 0001:00001940       error                      0000000180002940 f   m_DH3jGOJ4u96z2aK3hkI3OE.obj
 0001:000019d0       g_emlrt_marshallIn         00000001800029d0 f   m_DH3jGOJ4u96z2aK3hkI3OE.obj
 0001:00001a50       h_emlrt_marshallIn         0000000180002a50 f   m_DH3jGOJ4u96z2aK3hkI3OE.obj
 0001:00001ac0       init_simulink_io_address   0000000180002ac0 f   m_DH3jGOJ4u96z2aK3hkI3OE.obj
 0001:00001b10       mdlOutputs_DH3jGOJ4u96z2aK3hkI3OE 0000000180002b10 f   m_DH3jGOJ4u96z2aK3hkI3OE.obj
 0001:00001b50       mdlInitialize_DH3jGOJ4u96z2aK3hkI3OE 0000000180002b50 f   m_DH3jGOJ4u96z2aK3hkI3OE.obj
 0001:00001b80       mdlUpdate_DH3jGOJ4u96z2aK3hkI3OE 0000000180002b80 f   m_DH3jGOJ4u96z2aK3hkI3OE.obj
 0001:00001bc0       getSimState_DH3jGOJ4u96z2aK3hkI3OE 0000000180002bc0 f   m_DH3jGOJ4u96z2aK3hkI3OE.obj
 0001:00001c00       setSimState_DH3jGOJ4u96z2aK3hkI3OE 0000000180002c00 f   m_DH3jGOJ4u96z2aK3hkI3OE.obj
 0001:00001c40       mdlTerminate_DH3jGOJ4u96z2aK3hkI3OE 0000000180002c40 f   m_DH3jGOJ4u96z2aK3hkI3OE.obj
 0001:00001c80       mdlEnable_DH3jGOJ4u96z2aK3hkI3OE 0000000180002c80 f   m_DH3jGOJ4u96z2aK3hkI3OE.obj
 0001:00001cb0       mdlDisable_DH3jGOJ4u96z2aK3hkI3OE 0000000180002cb0 f   m_DH3jGOJ4u96z2aK3hkI3OE.obj
 0001:00001ce0       mdlStart_DH3jGOJ4u96z2aK3hkI3OE 0000000180002ce0 f   m_DH3jGOJ4u96z2aK3hkI3OE.obj
 0001:00001de0       mdlProcessParameters_DH3jGOJ4u96z2aK3hkI3OE 0000000180002de0 f   m_DH3jGOJ4u96z2aK3hkI3OE.obj
 0001:000020b0       cgxe_mdl_start             00000001800030b0 f   m_yXjhySGjxhbOwMeUG2qaED.obj
 0001:00002140       cgxe_mdl_initialize        0000000180003140 f   m_yXjhySGjxhbOwMeUG2qaED.obj
 0001:000021c0       cgxe_mdl_outputs           00000001800031c0 f   m_yXjhySGjxhbOwMeUG2qaED.obj
 0001:00002240       cgxe_mdl_update            0000000180003240 f   m_yXjhySGjxhbOwMeUG2qaED.obj
 0001:00002250       cgxe_mdl_enable            0000000180003250 f   m_yXjhySGjxhbOwMeUG2qaED.obj
 0001:00002260       cgxe_mdl_disable           0000000180003260 f   m_yXjhySGjxhbOwMeUG2qaED.obj
 0001:00002270       cgxe_mdl_terminate         0000000180003270 f   m_yXjhySGjxhbOwMeUG2qaED.obj
 0001:000022c0       mw__internal__call__setup  00000001800032c0 f   m_yXjhySGjxhbOwMeUG2qaED.obj
 0001:000023b0       SystemCore_setup           00000001800033b0 f   m_yXjhySGjxhbOwMeUG2qaED.obj
 0001:00002660       mw__internal__call__reset  0000000180003660 f   m_yXjhySGjxhbOwMeUG2qaED.obj
 0001:000029b0       mw__internal__call__step   00000001800039b0 f   m_yXjhySGjxhbOwMeUG2qaED.obj
 0001:00002d70       emlrt_marshallOut          0000000180003d70 f   m_yXjhySGjxhbOwMeUG2qaED.obj
 0001:00002ec0       cgxe_mdl_get_sim_state     0000000180003ec0 f   m_yXjhySGjxhbOwMeUG2qaED.obj
 0001:00002f00       emlrt_marshallIn           0000000180003f00 f   m_yXjhySGjxhbOwMeUG2qaED.obj
 0001:00002fd0       b_emlrt_marshallIn         0000000180003fd0 f   m_yXjhySGjxhbOwMeUG2qaED.obj
 0001:00003040       c_emlrt_marshallIn         0000000180004040 f   m_yXjhySGjxhbOwMeUG2qaED.obj
 0001:00003120       d_emlrt_marshallIn         0000000180004120 f   m_yXjhySGjxhbOwMeUG2qaED.obj
 0001:00003170       e_emlrt_marshallIn         0000000180004170 f   m_yXjhySGjxhbOwMeUG2qaED.obj
 0001:000031e0       f_emlrt_marshallIn         00000001800041e0 f   m_yXjhySGjxhbOwMeUG2qaED.obj
 0001:00003230       cgxe_mdl_set_sim_state     0000000180004230 f   m_yXjhySGjxhbOwMeUG2qaED.obj
 0001:000032a0       message                    00000001800042a0 f   m_yXjhySGjxhbOwMeUG2qaED.obj
 0001:00003340       getString                  0000000180004340 f   m_yXjhySGjxhbOwMeUG2qaED.obj
 0001:000033b0       error                      00000001800043b0 f   m_yXjhySGjxhbOwMeUG2qaED.obj
 0001:00003440       g_emlrt_marshallIn         0000000180004440 f   m_yXjhySGjxhbOwMeUG2qaED.obj
 0001:000034b0       h_emlrt_marshallIn         00000001800044b0 f   m_yXjhySGjxhbOwMeUG2qaED.obj
 0001:00003530       init_simulink_io_address   0000000180004530 f   m_yXjhySGjxhbOwMeUG2qaED.obj
 0001:00003580       mdlOutputs_yXjhySGjxhbOwMeUG2qaED 0000000180004580 f   m_yXjhySGjxhbOwMeUG2qaED.obj
 0001:000035c0       mdlInitialize_yXjhySGjxhbOwMeUG2qaED 00000001800045c0 f   m_yXjhySGjxhbOwMeUG2qaED.obj
 0001:000035f0       mdlUpdate_yXjhySGjxhbOwMeUG2qaED 00000001800045f0 f   m_yXjhySGjxhbOwMeUG2qaED.obj
 0001:00003630       getSimState_yXjhySGjxhbOwMeUG2qaED 0000000180004630 f   m_yXjhySGjxhbOwMeUG2qaED.obj
 0001:00003670       setSimState_yXjhySGjxhbOwMeUG2qaED 0000000180004670 f   m_yXjhySGjxhbOwMeUG2qaED.obj
 0001:000036b0       mdlTerminate_yXjhySGjxhbOwMeUG2qaED 00000001800046b0 f   m_yXjhySGjxhbOwMeUG2qaED.obj
 0001:000036f0       mdlEnable_yXjhySGjxhbOwMeUG2qaED 00000001800046f0 f   m_yXjhySGjxhbOwMeUG2qaED.obj
 0001:00003720       mdlDisable_yXjhySGjxhbOwMeUG2qaED 0000000180004720 f   m_yXjhySGjxhbOwMeUG2qaED.obj
 0001:00003750       mdlStart_yXjhySGjxhbOwMeUG2qaED 0000000180004750 f   m_yXjhySGjxhbOwMeUG2qaED.obj
 0001:00003850       mdlProcessParameters_yXjhySGjxhbOwMeUG2qaED 0000000180004850 f   m_yXjhySGjxhbOwMeUG2qaED.obj
 0001:00003b20       cgxe_mdl_start             0000000180004b20 f   m_UOPiPZ4gyGXLET3FdL2udC.obj
 0001:00003bb0       cgxe_mdl_initialize        0000000180004bb0 f   m_UOPiPZ4gyGXLET3FdL2udC.obj
 0001:00003c30       cgxe_mdl_outputs           0000000180004c30 f   m_UOPiPZ4gyGXLET3FdL2udC.obj
 0001:00003cb0       cgxe_mdl_update            0000000180004cb0 f   m_UOPiPZ4gyGXLET3FdL2udC.obj
 0001:00003cc0       cgxe_mdl_enable            0000000180004cc0 f   m_UOPiPZ4gyGXLET3FdL2udC.obj
 0001:00003cd0       cgxe_mdl_disable           0000000180004cd0 f   m_UOPiPZ4gyGXLET3FdL2udC.obj
 0001:00003ce0       cgxe_mdl_terminate         0000000180004ce0 f   m_UOPiPZ4gyGXLET3FdL2udC.obj
 0001:00003d30       mw__internal__call__setup  0000000180004d30 f   m_UOPiPZ4gyGXLET3FdL2udC.obj
 0001:00003e20       SystemCore_setup           0000000180004e20 f   m_UOPiPZ4gyGXLET3FdL2udC.obj
 0001:000040d0       mw__internal__call__reset  00000001800050d0 f   m_UOPiPZ4gyGXLET3FdL2udC.obj
 0001:00004420       mw__internal__call__step   0000000180005420 f   m_UOPiPZ4gyGXLET3FdL2udC.obj
 0001:000047e0       emlrt_marshallOut          00000001800057e0 f   m_UOPiPZ4gyGXLET3FdL2udC.obj
 0001:00004930       cgxe_mdl_get_sim_state     0000000180005930 f   m_UOPiPZ4gyGXLET3FdL2udC.obj
 0001:00004970       emlrt_marshallIn           0000000180005970 f   m_UOPiPZ4gyGXLET3FdL2udC.obj
 0001:00004a40       b_emlrt_marshallIn         0000000180005a40 f   m_UOPiPZ4gyGXLET3FdL2udC.obj
 0001:00004ab0       c_emlrt_marshallIn         0000000180005ab0 f   m_UOPiPZ4gyGXLET3FdL2udC.obj
 0001:00004b90       d_emlrt_marshallIn         0000000180005b90 f   m_UOPiPZ4gyGXLET3FdL2udC.obj
 0001:00004be0       e_emlrt_marshallIn         0000000180005be0 f   m_UOPiPZ4gyGXLET3FdL2udC.obj
 0001:00004c50       f_emlrt_marshallIn         0000000180005c50 f   m_UOPiPZ4gyGXLET3FdL2udC.obj
 0001:00004ca0       cgxe_mdl_set_sim_state     0000000180005ca0 f   m_UOPiPZ4gyGXLET3FdL2udC.obj
 0001:00004d10       message                    0000000180005d10 f   m_UOPiPZ4gyGXLET3FdL2udC.obj
 0001:00004db0       getString                  0000000180005db0 f   m_UOPiPZ4gyGXLET3FdL2udC.obj
 0001:00004e20       error                      0000000180005e20 f   m_UOPiPZ4gyGXLET3FdL2udC.obj
 0001:00004eb0       g_emlrt_marshallIn         0000000180005eb0 f   m_UOPiPZ4gyGXLET3FdL2udC.obj
 0001:00004f20       h_emlrt_marshallIn         0000000180005f20 f   m_UOPiPZ4gyGXLET3FdL2udC.obj
 0001:00004fa0       init_simulink_io_address   0000000180005fa0 f   m_UOPiPZ4gyGXLET3FdL2udC.obj
 0001:00004ff0       mdlOutputs_UOPiPZ4gyGXLET3FdL2udC 0000000180005ff0 f   m_UOPiPZ4gyGXLET3FdL2udC.obj
 0001:00005030       mdlInitialize_UOPiPZ4gyGXLET3FdL2udC 0000000180006030 f   m_UOPiPZ4gyGXLET3FdL2udC.obj
 0001:00005060       mdlUpdate_UOPiPZ4gyGXLET3FdL2udC 0000000180006060 f   m_UOPiPZ4gyGXLET3FdL2udC.obj
 0001:000050a0       getSimState_UOPiPZ4gyGXLET3FdL2udC 00000001800060a0 f   m_UOPiPZ4gyGXLET3FdL2udC.obj
 0001:000050e0       setSimState_UOPiPZ4gyGXLET3FdL2udC 00000001800060e0 f   m_UOPiPZ4gyGXLET3FdL2udC.obj
 0001:00005120       mdlTerminate_UOPiPZ4gyGXLET3FdL2udC 0000000180006120 f   m_UOPiPZ4gyGXLET3FdL2udC.obj
 0001:00005160       mdlEnable_UOPiPZ4gyGXLET3FdL2udC 0000000180006160 f   m_UOPiPZ4gyGXLET3FdL2udC.obj
 0001:00005190       mdlDisable_UOPiPZ4gyGXLET3FdL2udC 0000000180006190 f   m_UOPiPZ4gyGXLET3FdL2udC.obj
 0001:000051c0       mdlStart_UOPiPZ4gyGXLET3FdL2udC 00000001800061c0 f   m_UOPiPZ4gyGXLET3FdL2udC.obj
 0001:000052c0       mdlProcessParameters_UOPiPZ4gyGXLET3FdL2udC 00000001800062c0 f   m_UOPiPZ4gyGXLET3FdL2udC.obj
 0001:00005590       cgxe_mdl_start             0000000180006590 f   m_DYUjf4SydzIrcGQMWETqVE.obj
 0001:00005620       cgxe_mdl_initialize        0000000180006620 f   m_DYUjf4SydzIrcGQMWETqVE.obj
 0001:000056a0       cgxe_mdl_outputs           00000001800066a0 f   m_DYUjf4SydzIrcGQMWETqVE.obj
 0001:00005720       cgxe_mdl_update            0000000180006720 f   m_DYUjf4SydzIrcGQMWETqVE.obj
 0001:00005730       cgxe_mdl_enable            0000000180006730 f   m_DYUjf4SydzIrcGQMWETqVE.obj
 0001:00005740       cgxe_mdl_disable           0000000180006740 f   m_DYUjf4SydzIrcGQMWETqVE.obj
 0001:00005750       cgxe_mdl_terminate         0000000180006750 f   m_DYUjf4SydzIrcGQMWETqVE.obj
 0001:000057a0       mw__internal__call__setup  00000001800067a0 f   m_DYUjf4SydzIrcGQMWETqVE.obj
 0001:00005890       SystemCore_setup           0000000180006890 f   m_DYUjf4SydzIrcGQMWETqVE.obj
 0001:00005b40       mw__internal__call__reset  0000000180006b40 f   m_DYUjf4SydzIrcGQMWETqVE.obj
 0001:00005e90       mw__internal__call__step   0000000180006e90 f   m_DYUjf4SydzIrcGQMWETqVE.obj
 0001:00006250       emlrt_marshallOut          0000000180007250 f   m_DYUjf4SydzIrcGQMWETqVE.obj
 0001:000063a0       cgxe_mdl_get_sim_state     00000001800073a0 f   m_DYUjf4SydzIrcGQMWETqVE.obj
 0001:000063e0       emlrt_marshallIn           00000001800073e0 f   m_DYUjf4SydzIrcGQMWETqVE.obj
 0001:000064b0       b_emlrt_marshallIn         00000001800074b0 f   m_DYUjf4SydzIrcGQMWETqVE.obj
 0001:00006520       c_emlrt_marshallIn         0000000180007520 f   m_DYUjf4SydzIrcGQMWETqVE.obj
 0001:00006600       d_emlrt_marshallIn         0000000180007600 f   m_DYUjf4SydzIrcGQMWETqVE.obj
 0001:00006650       e_emlrt_marshallIn         0000000180007650 f   m_DYUjf4SydzIrcGQMWETqVE.obj
 0001:000066c0       f_emlrt_marshallIn         00000001800076c0 f   m_DYUjf4SydzIrcGQMWETqVE.obj
 0001:00006710       cgxe_mdl_set_sim_state     0000000180007710 f   m_DYUjf4SydzIrcGQMWETqVE.obj
 0001:00006780       message                    0000000180007780 f   m_DYUjf4SydzIrcGQMWETqVE.obj
 0001:00006820       getString                  0000000180007820 f   m_DYUjf4SydzIrcGQMWETqVE.obj
 0001:00006890       error                      0000000180007890 f   m_DYUjf4SydzIrcGQMWETqVE.obj
 0001:00006920       g_emlrt_marshallIn         0000000180007920 f   m_DYUjf4SydzIrcGQMWETqVE.obj
 0001:00006990       h_emlrt_marshallIn         0000000180007990 f   m_DYUjf4SydzIrcGQMWETqVE.obj
 0001:00006a10       init_simulink_io_address   0000000180007a10 f   m_DYUjf4SydzIrcGQMWETqVE.obj
 0001:00006a60       mdlOutputs_DYUjf4SydzIrcGQMWETqVE 0000000180007a60 f   m_DYUjf4SydzIrcGQMWETqVE.obj
 0001:00006aa0       mdlInitialize_DYUjf4SydzIrcGQMWETqVE 0000000180007aa0 f   m_DYUjf4SydzIrcGQMWETqVE.obj
 0001:00006ad0       mdlUpdate_DYUjf4SydzIrcGQMWETqVE 0000000180007ad0 f   m_DYUjf4SydzIrcGQMWETqVE.obj
 0001:00006b10       getSimState_DYUjf4SydzIrcGQMWETqVE 0000000180007b10 f   m_DYUjf4SydzIrcGQMWETqVE.obj
 0001:00006b50       setSimState_DYUjf4SydzIrcGQMWETqVE 0000000180007b50 f   m_DYUjf4SydzIrcGQMWETqVE.obj
 0001:00006b90       mdlTerminate_DYUjf4SydzIrcGQMWETqVE 0000000180007b90 f   m_DYUjf4SydzIrcGQMWETqVE.obj
 0001:00006bd0       mdlEnable_DYUjf4SydzIrcGQMWETqVE 0000000180007bd0 f   m_DYUjf4SydzIrcGQMWETqVE.obj
 0001:00006c00       mdlDisable_DYUjf4SydzIrcGQMWETqVE 0000000180007c00 f   m_DYUjf4SydzIrcGQMWETqVE.obj
 0001:00006c30       mdlStart_DYUjf4SydzIrcGQMWETqVE 0000000180007c30 f   m_DYUjf4SydzIrcGQMWETqVE.obj
 0001:00006d30       mdlProcessParameters_DYUjf4SydzIrcGQMWETqVE 0000000180007d30 f   m_DYUjf4SydzIrcGQMWETqVE.obj
 0001:00008cfc       $LN147                     0000000180009cfc     Trial_cgxe_registry.obj
 0001:00009b64       $LN22                      000000018000ab64     Trial_cgxe_registry.obj
 0001:0000a264       $LN26                      000000018000b264     Trial_cgxe_registry.obj
 0001:0000a944       $LN24                      000000018000b944     Trial_cgxe_registry.obj
 0001:0000b67c       $LN30                      000000018000c67c     Trial_cgxe_registry.obj
 0001:0000e060       mdlStart                   000000018000f060 f   Trial_cgxe_registry.obj
 0001:0000e0a0       mdlInitializeConditions    000000018000f0a0 f   Trial_cgxe_registry.obj
 0001:0000e0c0       mdlUpdate                  000000018000f0c0 f   Trial_cgxe_registry.obj
 0001:0000e0f0       mdlOutputs                 000000018000f0f0 f   Trial_cgxe_registry.obj
 0001:0000e120       mdlTerminate               000000018000f120 f   Trial_cgxe_registry.obj
 0001:0000e140       mdlInitializeSizes         000000018000f140 f   Trial_cgxe_registry.obj
 0001:0000e150       mdlInitializeSampleTimes   000000018000f150 f   Trial_cgxe_registry.obj
 0001:0000e160       cgxe_get_supported_modules 000000018000f160 f   Trial_cgxe_registry.obj
 0001:0000e3f0       cgxe_process_get_checksums 000000018000f3f0 f   Trial_cgxe_registry.obj
 0001:0000e780       cgxe_mex_unlock_call       000000018000f780 f   Trial_cgxe_registry.obj
 0001:0000e7c0       cgxe_unpack_simstruct      000000018000f7c0 f   Trial_cgxe_registry.obj
 0001:0000e860       cgxe_get_sim_state         000000018000f860 f   Trial_cgxe_registry.obj
 0001:0000e8d0       cgxe_set_sim_state         000000018000f8d0 f   Trial_cgxe_registry.obj
 0001:0000e950       cgxe_get_BuildInfoUpdate   000000018000f950 f   Trial_cgxe_registry.obj
 0001:0000eac0       cgxe_get_fallback_info     000000018000fac0 f   Trial_cgxe_registry.obj
 0001:0000ec30       ProcessMexSfunctionCmdLineCall 000000018000fc30 f   Trial_cgxe_registry.obj
[...]
 0003:000017dc       $SG21328                   00000001800177dc     Trial_cgxe_registry.obj
 0003:000017e4       $SG21332                   00000001800177e4     Trial_cgxe_registry.obj
 0003:000017ec       $SG23221                   00000001800177ec     Trial_cgxe_registry.obj
 0003:000017f0       $SG21275                   00000001800177f0     Trial_cgxe_registry.obj
 0003:00001824       $SG21338                   0000000180017824     Trial_cgxe_registry.obj
 0003:0000182c       $SG23302                   000000018001782c     Trial_cgxe_registry.obj
 0003:00001830       $SG21280                   0000000180017830     Trial_cgxe_registry.obj
 0003:00001868       $SG21326                   0000000180017868     Trial_cgxe_registry.obj
 0003:00001870       $SG21330                   0000000180017870     Trial_cgxe_registry.obj
 0003:00001880       $SG21334                   0000000180017880     Trial_cgxe_registry.obj
 0003:00001888       $SG21335                   0000000180017888     Trial_cgxe_registry.obj
 0003:00001890       $SG21336                   0000000180017890     Trial_cgxe_registry.obj
 0003:00001898       $SG21337                   0000000180017898     Trial_cgxe_registry.obj
 0003:000018a8       $SG21339                   00000001800178a8     Trial_cgxe_registry.obj
 0003:000018b0       $SG21384                   00000001800178b0     Trial_cgxe_registry.obj
 0003:000018e0       $SG21399                   00000001800178e0     Trial_cgxe_registry.obj
 0003:00001910       $SG21423                   0000000180017910     Trial_cgxe_registry.obj
 0003:00001928       $SG21425                   0000000180017928     Trial_cgxe_registry.obj
 0003:00001940       $SG21427                   0000000180017940     Trial_cgxe_registry.obj
 0003:00001958       $SG21429                   0000000180017958     Trial_cgxe_registry.obj
 0003:00001970       $SG21453                   0000000180017970     Trial_cgxe_registry.obj
 0003:00001988       $SG21455                   0000000180017988     Trial_cgxe_registry.obj
 0003:000019a0       $SG21457                   00000001800179a0     Trial_cgxe_registry.obj
 0003:000019b8       $SG21459                   00000001800179b8     Trial_cgxe_registry.obj
 0003:000019d0       $SG21477                   00000001800179d0     Trial_cgxe_registry.obj
 0003:000019e0       $SG21479                   00000001800179e0     Trial_cgxe_registry.obj
 0003:000019f0       $SG21481                   00000001800179f0     Trial_cgxe_registry.obj
 0003:00001a00       $SG21483                   0000000180017a00     Trial_cgxe_registry.obj
 0003:00001a10       $SG21485                   0000000180017a10     Trial_cgxe_registry.obj
 0003:00001a28       $SG21487                   0000000180017a28     Trial_cgxe_registry.obj
 0003:00001a40       $SG21501                   0000000180017a40     Trial_cgxe_registry.obj
 0003:00001a68       _sfcnName                  0000000180017a68     Trial_cgxe_registry.obj
 0003:00001a90       $SG21518                   0000000180017a90     Trial_cgxe_registry.obj
 0003:00001b08       $SG21927                   0000000180017b08     Trial_cgxe_registry.obj
 0003:00001b18       $SG21942                   0000000180017b18     Trial_cgxe_registry.obj
 0003:00001b28       $SG22134                   0000000180017b28     Trial_cgxe_registry.obj
 0003:00001b30       $SG21523                   0000000180017b30     Trial_cgxe_registry.obj
 0003:00001ba8       $SG21928                   0000000180017ba8     Trial_cgxe_registry.obj
 0003:00001bb8       $SG22132                   0000000180017bb8     Trial_cgxe_registry.obj
 0003:00001bf8       $SG22133                   0000000180017bf8     Trial_cgxe_registry.obj
 0003:00001c08       $SG22140                   0000000180017c08     Trial_cgxe_registry.obj
 0003:00001c10       $SG22138                   0000000180017c10     Trial_cgxe_registry.obj
 0003:00001c58       $SG22139                   0000000180017c58     Trial_cgxe_registry.obj
 0003:00001c68       $SG22143                   0000000180017c68     Trial_cgxe_registry.obj
 0003:00001c70       $SG22141                   0000000180017c70     Trial_cgxe_registry.obj
 0003:00001cc8       $SG22142                   0000000180017cc8     Trial_cgxe_registry.obj
 0003:00001cd8       $SG22165                   0000000180017cd8     Trial_cgxe_registry.obj
 0003:00001d18       $SG22166                   0000000180017d18     Trial_cgxe_registry.obj
 0003:00001d28       $SG22167                   0000000180017d28     Trial_cgxe_registry.obj
 0003:00001d30       $SG22171                   0000000180017d30     Trial_cgxe_registry.obj
 0003:00001d78       $SG22172                   0000000180017d78     Trial_cgxe_registry.obj
 0003:00001d88       $SG22173                   0000000180017d88     Trial_cgxe_registry.obj
 0003:00001d90       $SG22174                   0000000180017d90     Trial_cgxe_registry.obj
 0003:00001de8       $SG22175                   0000000180017de8     Trial_cgxe_registry.obj
 0003:00001df8       $SG22176                   0000000180017df8     Trial_cgxe_registry.obj
 0003:00001e00       $SG22200                   0000000180017e00     Trial_cgxe_registry.obj
 0003:00001e50       $SG22201                   0000000180017e50     Trial_cgxe_registry.obj
 0003:00001e60       $SG22202                   0000000180017e60     Trial_cgxe_registry.obj
 0003:00001e68       $SG22215                   0000000180017e68     Trial_cgxe_registry.obj
 0003:00001e70       $SG22214                   0000000180017e70     Trial_cgxe_registry.obj
 0003:00001ed0       $SG22216                   0000000180017ed0     Trial_cgxe_registry.obj
 0003:00001ed8       $SG22229                   0000000180017ed8     Trial_cgxe_registry.obj
 0003:00001ee0       $SG22228                   0000000180017ee0     Trial_cgxe_registry.obj
 0003:00001f40       $SG22230                   0000000180017f40     Trial_cgxe_registry.obj
 0003:00001f48       $SG23205                   0000000180017f48     Trial_cgxe_registry.obj
 0003:00001f60       $SG22583                   0000000180017f60     Trial_cgxe_registry.obj
 0003:00001fd8       $SG23276                   0000000180017fd8     Trial_cgxe_registry.obj
 0003:00001fe0       $SG22586                   0000000180017fe0     Trial_cgxe_registry.obj
 0003:00002054       $SG23277                   0000000180018054     Trial_cgxe_registry.obj
 0003:00002060       $SG22591                   0000000180018060     Trial_cgxe_registry.obj
 0003:000020d8       $SG23278                   00000001800180d8     Trial_cgxe_registry.obj
 0003:000020e0       $SG22599                   00000001800180e0     Trial_cgxe_registry.obj
 0003:00002150       $SG22874                   0000000180018150     Trial_cgxe_registry.obj
 0003:000021c8       $SG23284                   00000001800181c8     Trial_cgxe_registry.obj
 0003:000021d0       $SG22879                   00000001800181d0     Trial_cgxe_registry.obj
 0003:00002248       $SG23287                   0000000180018248     Trial_cgxe_registry.obj
 0003:00002250       $SG23218                   0000000180018250     Trial_cgxe_registry.obj
 0003:000022c8       $SG23290                   00000001800182c8     Trial_cgxe_registry.obj
 0003:000022d0       $SG23279                   00000001800182d0     Trial_cgxe_registry.obj
 0003:00002348       $SG23296                   0000000180018348     Trial_cgxe_registry.obj
 0003:00002350       $SG23281                   0000000180018350     Trial_cgxe_registry.obj
 0003:000023d0       $SG23291                   00000001800183d0     Trial_cgxe_registry.obj
 0003:00002450       $SG23292                   0000000180018450     Trial_cgxe_registry.obj
 0003:00002460       $SG23294                   0000000180018460     Trial_cgxe_registry.obj
 0003:0000246c       $SG23298                   000000018001846c     Trial_cgxe_registry.obj
 0003:00002478       $SG23300                   0000000180018478     Trial_cgxe_registry.obj
 0003:00002488       $SG23423                   0000000180018488     Trial_cgxe_registry.obj
 0003:000024b8       $SG23425                   00000001800184b8     Trial_cgxe_registry.obj
 0003:000024c0       $SG23305                   00000001800184c0     Trial_cgxe_registry.obj
 0003:000025a8       $SG23424                   00000001800185a8     Trial_cgxe_registry.obj
 0003:000025b8       $SG23427                   00000001800185b8     Trial_cgxe_registry.obj
 0003:000025f0       $SG23428                   00000001800185f0     Trial_cgxe_registry.obj
 0003:00002600       $SG23429                   0000000180018600     Trial_cgxe_registry.obj
 0003:00002608       $SG23432                   0000000180018608     Trial_cgxe_registry.obj
 0003:00002640       $SG23433                   0000000180018640     Trial_cgxe_registry.obj
 0003:00002650       $SG23434                   0000000180018650     Trial_cgxe_registry.obj
 0003:00002658       $SG23436                   0000000180018658     Trial_cgxe_registry.obj
 0003:00002690       $SG23437                   0000000180018690     Trial_cgxe_registry.obj
 0003:000026a0       $SG23438                   00000001800186a0     Trial_cgxe_registry.obj
 0003:000026a8       $SG23440                   00000001800186a8     Trial_cgxe_registry.obj
 0003:000026e0       $SG23441                   00000001800186e0     Trial_cgxe_registry.obj
 0003:000026f0       $SG23442                   00000001800186f0     Trial_cgxe_registry.obj
 0003:000026f8       $SG23445                   00000001800186f8     Trial_cgxe_registry.obj
 0003:00002708       $SG23447                   0000000180018708     Trial_cgxe_registry.obj
 0003:00002720       $SG23448                   0000000180018720     Trial_cgxe_registry.obj
 0003:00002758       $SG23449                   0000000180018758     Trial_cgxe_registry.obj
 0003:00002768       $SG23450                   0000000180018768     Trial_cgxe_registry.obj
 0003:00002770       $SG23585                   0000000180018770     Trial_cgxe_registry.obj
 0003:00002790       $SG23586                   0000000180018790     Trial_cgxe_registry.obj
 0003:00002820       $SG23592                   0000000180018820     Trial_cgxe_registry.obj
 0003:00002838       $SG23599                   0000000180018838     Trial_cgxe_registry.obj
 0003:00002850       $SG23593                   0000000180018850     Trial_cgxe_registry.obj
 0003:000028e0       $SG23600                   00000001800188e0     Trial_cgxe_registry.obj
 0003:00002970       $SG23606                   0000000180018970     Trial_cgxe_registry.obj
 0003:00002990       $SG23607                   0000000180018990     Trial_cgxe_registry.obj
 0003:00002a20       $SG23613                   0000000180018a20     Trial_cgxe_registry.obj
 0003:00002a40       $SG23614                   0000000180018a40     Trial_cgxe_registry.obj
 0003:00002ad0       $SG23618                   0000000180018ad0     Trial_cgxe_registry.obj
 0003:00002af0       $SG23619                   0000000180018af0     Trial_cgxe_registry.obj
 0003:00002b80       $SG23623                   0000000180018b80     Trial_cgxe_registry.obj
 0003:00002ba8       $SG23628                   0000000180018ba8     Trial_cgxe_registry.obj
 0003:00002bd0       $SG23624                   0000000180018bd0     Trial_cgxe_registry.obj
 0003:00002c60       $SG23629                   0000000180018c60     Trial_cgxe_registry.obj
 0003:00002cf0       $SG23633                   0000000180018cf0     Trial_cgxe_registry.obj
 0003:00002d10       $SG23634                   0000000180018d10     Trial_cgxe_registry.obj
 0003:00002da0       $SG23638                   0000000180018da0     Trial_cgxe_registry.obj
 0003:00002dc0       $SG23639                   0000000180018dc0     Trial_cgxe_registry.obj
 0003:00002e50       $SG23643                   0000000180018e50     Trial_cgxe_registry.obj
 0003:00002e68       $SG23679                   0000000180018e68     Trial_cgxe_registry.obj
 0003:00002e80       $SG23644                   0000000180018e80     Trial_cgxe_registry.obj
 0003:00002f10       $SG23648                   0000000180018f10     Trial_cgxe_registry.obj
 0003:00002f30       $SG23649                   0000000180018f30     Trial_cgxe_registry.obj
 0003:00002fc0       $SG23653                   0000000180018fc0     Trial_cgxe_registry.obj
 0003:00002fe0       $SG23654                   0000000180018fe0     Trial_cgxe_registry.obj
 0003:00003070       $SG23658                   0000000180019070     Trial_cgxe_registry.obj
 0003:00003090       $SG23659                   0000000180019090     Trial_cgxe_registry.obj
 0003:00003120       $SG23663                   0000000180019120     Trial_cgxe_registry.obj
 0003:00003140       $SG23664                   0000000180019140     Trial_cgxe_registry.obj
 0003:000031d0       $SG23668                   00000001800191d0     Trial_cgxe_registry.obj
 0003:000031f0       $SG23669                   00000001800191f0     Trial_cgxe_registry.obj
 0003:00003280       $SG23673                   0000000180019280     Trial_cgxe_registry.obj
 0003:000032a0       $SG23674                   00000001800192a0     Trial_cgxe_registry.obj
 0003:00003330       $SG23680                   0000000180019330     Trial_cgxe_registry.obj
 0003:000033c0       $SG23685                   00000001800193c0     Trial_cgxe_registry.obj
 0003:000033d8       $SG23695                   00000001800193d8     Trial_cgxe_registry.obj
 0003:000033f0       $SG23686                   00000001800193f0     Trial_cgxe_registry.obj
 0003:00003480       $SG23690                   0000000180019480     Trial_cgxe_registry.obj
 0003:00003490       $SG23691                   0000000180019490     Trial_cgxe_registry.obj
 0003:00003520       $SG23696                   0000000180019520     Trial_cgxe_registry.obj
 0003:000035b0       $SG23704                   00000001800195b0     Trial_cgxe_registry.obj
 0003:000035c0       $SG23705                   00000001800195c0     Trial_cgxe_registry.obj
 0003:00003650       $SG23709                   0000000180019650     Trial_cgxe_registry.obj
 0003:000036d0       $SG23711                   00000001800196d0     Trial_cgxe_registry.obj
 0003:00003748       $SG23758                   0000000180019748     Trial_cgxe_registry.obj
 0003:00003758       $SG23839                   0000000180019758     Trial_cgxe_registry.obj
 0003:00003760       $SG23715                   0000000180019760     Trial_cgxe_registry.obj
 0003:000037d8       $SG23769                   00000001800197d8     Trial_cgxe_registry.obj
 0003:000037e8       $SG23840                   00000001800197e8     Trial_cgxe_registry.obj
 0003:000037f0       $SG23745                   00000001800197f0     Trial_cgxe_registry.obj
 0003:00003908       $SG23782                   0000000180019908     Trial_cgxe_registry.obj
 0003:00003918       $SG23793                   0000000180019918     Trial_cgxe_registry.obj
 0003:00003928       $SG23806                   0000000180019928     Trial_cgxe_registry.obj
 0003:00003938       $SG23817                   0000000180019938     Trial_cgxe_registry.obj
 0003:00003948       $SG23827                   0000000180019948     Trial_cgxe_registry.obj
 0003:00003968       $SG23838                   0000000180019968     Trial_cgxe_registry.obj
 0003:00003998       $SG23851                   0000000180019998     Trial_cgxe_registry.obj
 0003:000039d0       $SG23852                   00000001800199d0     Trial_cgxe_registry.obj
 0003:000039d8       $SG23853                   00000001800199d8     Trial_cgxe_registry.obj
 0003:00003a20       $SG21907                   0000000180019a20     m_DH3jGOJ4u96z2aK3hkI3OE.obj
 0003:00003a21       $SG21908                   0000000180019a21     m_DH3jGOJ4u96z2aK3hkI3OE.obj
 0003:00003a22       $SG21910                   0000000180019a22     m_DH3jGOJ4u96z2aK3hkI3OE.obj
 0003:00003a23       $SG21911                   0000000180019a23     m_DH3jGOJ4u96z2aK3hkI3OE.obj
 0003:00003a24       $SG21913                   0000000180019a24     m_DH3jGOJ4u96z2aK3hkI3OE.obj
 0003:00003a25       $SG21914                   0000000180019a25     m_DH3jGOJ4u96z2aK3hkI3OE.obj
 0003:00003a26       $SG21916                   0000000180019a26     m_DH3jGOJ4u96z2aK3hkI3OE.obj
 0003:00003a27       $SG21917                   0000000180019a27     m_DH3jGOJ4u96z2aK3hkI3OE.obj
 0003:00003a28       $SG21919                   0000000180019a28     m_DH3jGOJ4u96z2aK3hkI3OE.obj
 0003:00003a29       $SG21920                   0000000180019a29     m_DH3jGOJ4u96z2aK3hkI3OE.obj
 0003:00003a2a       $SG21912                   0000000180019a2a     m_yXjhySGjxhbOwMeUG2qaED.obj
 0003:00003a2b       $SG21913                   0000000180019a2b     m_yXjhySGjxhbOwMeUG2qaED.obj
 0003:00003a2c       $SG21915                   0000000180019a2c     m_yXjhySGjxhbOwMeUG2qaED.obj
 0003:00003a2d       $SG21916                   0000000180019a2d     m_yXjhySGjxhbOwMeUG2qaED.obj
 0003:00003a2e       $SG21918                   0000000180019a2e     m_yXjhySGjxhbOwMeUG2qaED.obj
 0003:00003a2f       $SG21919                   0000000180019a2f     m_yXjhySGjxhbOwMeUG2qaED.obj
 0003:00003a30       $SG21921                   0000000180019a30     m_yXjhySGjxhbOwMeUG2qaED.obj
 0003:00003a31       $SG21922                   0000000180019a31     m_yXjhySGjxhbOwMeUG2qaED.obj
 0003:00003a32       $SG21912                   0000000180019a32     m_UOPiPZ4gyGXLET3FdL2udC.obj
 0003:00003a33       $SG21913                   0000000180019a33     m_UOPiPZ4gyGXLET3FdL2udC.obj
 0003:00003a34       $SG21915                   0000000180019a34     m_UOPiPZ4gyGXLET3FdL2udC.obj
 0003:00003a35       $SG21916                   0000000180019a35     m_UOPiPZ4gyGXLET3FdL2udC.obj
 0003:00003a36       $SG21918                   0000000180019a36     m_UOPiPZ4gyGXLET3FdL2udC.obj
 0003:00003a37       $SG21919                   0000000180019a37     m_UOPiPZ4gyGXLET3FdL2udC.obj
 0003:00003a38       $SG21921                   0000000180019a38     m_UOPiPZ4gyGXLET3FdL2udC.obj
 0003:00003a39       $SG21922                   0000000180019a39     m_UOPiPZ4gyGXLET3FdL2udC.obj
 0003:00003a3a       $SG21912                   0000000180019a3a     m_DYUjf4SydzIrcGQMWETqVE.obj
 0003:00003a3b       $SG21913                   0000000180019a3b     m_DYUjf4SydzIrcGQMWETqVE.obj
 0003:00003a3c       $SG21915                   0000000180019a3c     m_DYUjf4SydzIrcGQMWETqVE.obj
 0003:00003a3d       $SG21916                   0000000180019a3d     m_DYUjf4SydzIrcGQMWETqVE.obj
 0003:00003a3e       $SG21918                   0000000180019a3e     m_DYUjf4SydzIrcGQMWETqVE.obj
 0003:00003a3f       $SG21919                   0000000180019a3f     m_DYUjf4SydzIrcGQMWETqVE.obj
 0003:00003a40       $SG21921                   0000000180019a40     m_DYUjf4SydzIrcGQMWETqVE.obj
 0003:00003a41       $SG21922                   0000000180019a41     m_DYUjf4SydzIrcGQMWETqVE.obj
 0003:00003a44       $SG23272                   0000000180019a44     Trial_cgxe_registry.obj
 0003:00003a46       ?warningGuard@?1??ssGetRootSS@@9@9 0000000180019a46     Trial_cgxe_registry.obj
 0003:00003a47       ?warningGuard@?1??ssGetParentSS@@9@9 0000000180019a47     Trial_cgxe_registry.obj
 0003:00003a50       GS_ExceptionRecord         0000000180019a50     MSVCRT:gs_report.obj
 0003:00003af0       GS_ContextRecord           0000000180019af0     MSVCRT:gs_report.obj
 0003:00003fc0       ?__proc_attached@@3HA      0000000180019fc0     MSVCRT:dll_dllmain.obj
 0003:00004000       ?is_initialized_as_dll@@3_NA 000000018001a000     MSVCRT:utility.obj
 0003:00004001       ?module_local_atexit_table_initialized@@3_NA 000000018001a001     MSVCRT:utility.obj
 0003:00004008       ?module_local_atexit_table@@3U_onexit_table_t@@A 000000018001a008     MSVCRT:utility.obj
 0003:00004020       ?module_local_at_quick_exit_table@@3U_onexit_table_t@@A 000000018001a020     MSVCRT:utility.obj
