 Child_App_cgxe

 Timestamp is 65182c24 (Sat Sep 30 19:39:40 2023)

 Preferred load address is 0000000180000000

 Start         Length     Name                   Class
 0001:00000000 0001bd80H .text$mn                CODE
 0001:0001bd80 00000036H .text$mn$00             CODE
 0001:0001bdb6 00000092H .text$x                 CODE
 0002:00000000 00000320H .idata$5                DATA
 0002:00000320 00000038H .00cfg                  DATA
 0002:00000358 00000008H .CRT$XCA                DATA
 0002:00000360 00000008H .CRT$XCZ                DATA
 0002:00000368 00000008H .CRT$XIA                DATA
 0002:00000370 00000008H .CRT$XIZ                DATA
 0002:00000378 00000008H .CRT$XPA                DATA
 0002:00000380 00000008H .CRT$XPZ                DATA
 0002:00000388 00000008H .CRT$XTA                DATA
 0002:00000390 00000010H .CRT$XTZ                DATA
 0002:00000398 00000000H .gehcont$y              DATA
 0002:00000398 00000000H .gfids$y                DATA
 0002:000003a0 000005e0H .rdata                  DATA
 0002:00000980 00000080H .rdata$CastGuardVftablesA DATA
 0002:00000a00 00000080H .rdata$CastGuardVftablesC DATA
 0002:00000a80 00000224H .rdata$voltmd           DATA
 0002:00000ca4 0000027cH .rdata$zzzdbg           DATA
 0002:00000f20 00000008H .rtc$IAA                DATA
 0002:00000f28 00000008H .rtc$IZZ                DATA
 0002:00000f30 00000008H .rtc$TAA                DATA
 0002:00000f38 00000008H .rtc$TZZ                DATA
 0002:00000f40 00001300H .xdata                  DATA
 0002:00002240 00000078H .edata                  DATA
 0002:000022b8 000000c8H .idata$2                DATA
 0002:00002380 00000018H .idata$3                DATA
 0002:00002398 00000320H .idata$4                DATA
 0002:000026b8 00000830H .idata$6                DATA
 0003:00000000 00005ac0H .data                   DATA
 0003:00005ac0 00000670H .bss                    DATA
 0004:00000000 0000189cH .pdata                  DATA

  Address         Publics by Value              Rva+Base               Lib:Object

 0000:00000000       __AbsoluteZero             0000000000000000     <absolute>
 0000:00000000       ___safe_se_handler_count   0000000000000000     <absolute>
 0000:00000000       ___safe_se_handler_table   0000000000000000     <absolute>
 0000:00000000       __arm64x_extra_rfe_table   0000000000000000     <absolute>
 0000:00000000       __arm64x_extra_rfe_table_size 0000000000000000     <absolute>
 0000:00000000       __arm64x_native_entrypoint 0000000000000000     <absolute>
 0000:00000000       __arm64x_redirection_metadata 0000000000000000     <absolute>
 0000:00000000       __arm64x_redirection_metadata_count 0000000000000000     <absolute>
 0000:00000000       __dynamic_value_reloc_table 0000000000000000     <absolute>
 0000:00000000       __enclave_config           0000000000000000     <absolute>
 0000:00000000       __guard_check_icall_a64n_fptr 0000000000000000     <absolute>
 0000:00000000       __guard_eh_cont_count      0000000000000000     <absolute>
 0000:00000000       __guard_eh_cont_table      0000000000000000     <absolute>
 0000:00000000       __guard_fids_count         0000000000000000     <absolute>
 0000:00000000       __guard_fids_table         0000000000000000     <absolute>
 0000:00000000       __guard_iat_count          0000000000000000     <absolute>
 0000:00000000       __guard_iat_table          0000000000000000     <absolute>
 0000:00000000       __guard_longjmp_count      0000000000000000     <absolute>
 0000:00000000       __guard_longjmp_table      0000000000000000     <absolute>
 0000:00000000       __hybrid_auxiliary_delayload_iat 0000000000000000     <absolute>
 0000:00000000       __hybrid_auxiliary_delayload_iat_copy 0000000000000000     <absolute>
 0000:00000000       __hybrid_auxiliary_iat     0000000000000000     <absolute>
 0000:00000000       __hybrid_auxiliary_iat_copy 0000000000000000     <absolute>
 0000:00000000       __hybrid_code_map          0000000000000000     <absolute>
 0000:00000000       __hybrid_code_map_count    0000000000000000     <absolute>
 0000:00000000       __x64_code_ranges_to_entry_points 0000000000000000     <absolute>
 0000:00000000       __x64_code_ranges_to_entry_points_count 0000000000000000     <absolute>
 0000:00000100       __guard_flags              0000000000000100     <absolute>
 0000:00000000       __ImageBase                0000000180000000     <linker-defined>
 0001:00000000       mexfilerequiredapiversion  0000000180001000 f   c_mexapi_version.obj
 0001:00000030       cgxe_Child_App_method_dispatcher 0000000180001030 f   Child_App_cgxe.obj
 0001:00000530       method_dispatcher_r9npojpcpE1nIt6wcZfq3F 0000000180001530 f   m_r9npojpcpE1nIt6wcZfq3F.obj
 0001:00001d70       cgxe_r9npojpcpE1nIt6wcZfq3F_BuildInfoUpdate 0000000180002d70 f   m_r9npojpcpE1nIt6wcZfq3F.obj
 0001:00001f00       cgxe_r9npojpcpE1nIt6wcZfq3F_fallback_info 0000000180002f00 f   m_r9npojpcpE1nIt6wcZfq3F.obj
 0001:00001fa0       method_dispatcher_DH3jGOJ4u96z2aK3hkI3OE 0000000180002fa0 f   m_DH3jGOJ4u96z2aK3hkI3OE.obj
 0001:00003b50       cgxe_DH3jGOJ4u96z2aK3hkI3OE_BuildInfoUpdate 0000000180004b50 f   m_DH3jGOJ4u96z2aK3hkI3OE.obj
 0001:00003ce0       cgxe_DH3jGOJ4u96z2aK3hkI3OE_fallback_info 0000000180004ce0 f   m_DH3jGOJ4u96z2aK3hkI3OE.obj
 0001:00003d80       method_dispatcher_zBcJJKdPFoobubnOzm2A4C 0000000180004d80 f   m_zBcJJKdPFoobubnOzm2A4C.obj
 0001:000055c0       cgxe_zBcJJKdPFoobubnOzm2A4C_BuildInfoUpdate 00000001800065c0 f   m_zBcJJKdPFoobubnOzm2A4C.obj
 0001:00005750       cgxe_zBcJJKdPFoobubnOzm2A4C_fallback_info 0000000180006750 f   m_zBcJJKdPFoobubnOzm2A4C.obj
 0001:000057f0       method_dispatcher_E5eYYMYEC9250ATstCUIJE 00000001800067f0 f   m_E5eYYMYEC9250ATstCUIJE.obj
 0001:00007030       cgxe_E5eYYMYEC9250ATstCUIJE_BuildInfoUpdate 0000000180008030 f   m_E5eYYMYEC9250ATstCUIJE.obj
 0001:000071c0       cgxe_E5eYYMYEC9250ATstCUIJE_fallback_info 00000001800081c0 f   m_E5eYYMYEC9250ATstCUIJE.obj
 0001:00007260       method_dispatcher_KfaDhNL7xJVG1u0RUxB9sH 0000000180008260 f   m_KfaDhNL7xJVG1u0RUxB9sH.obj
 0001:00008aa0       cgxe_KfaDhNL7xJVG1u0RUxB9sH_BuildInfoUpdate 0000000180009aa0 f   m_KfaDhNL7xJVG1u0RUxB9sH.obj
 0001:00008c30       cgxe_KfaDhNL7xJVG1u0RUxB9sH_fallback_info 0000000180009c30 f   m_KfaDhNL7xJVG1u0RUxB9sH.obj
 0001:00008cd0       method_dispatcher_nyucgZWjM3Ai1CT2jftVoF 0000000180009cd0 f   m_nyucgZWjM3Ai1CT2jftVoF.obj
 0001:0000a510       cgxe_nyucgZWjM3Ai1CT2jftVoF_BuildInfoUpdate 000000018000b510 f   m_nyucgZWjM3Ai1CT2jftVoF.obj
 0001:0000a6a0       cgxe_nyucgZWjM3Ai1CT2jftVoF_fallback_info 000000018000b6a0 f   m_nyucgZWjM3Ai1CT2jftVoF.obj
 0001:0000a740       method_dispatcher_KDwHGQ2xXp4wmWKPmnDGqC 000000018000b740 f   m_KDwHGQ2xXp4wmWKPmnDGqC.obj
 0001:0000bf80       cgxe_KDwHGQ2xXp4wmWKPmnDGqC_BuildInfoUpdate 000000018000cf80 f   m_KDwHGQ2xXp4wmWKPmnDGqC.obj
 0001:0000c110       cgxe_KDwHGQ2xXp4wmWKPmnDGqC_fallback_info 000000018000d110 f   m_KDwHGQ2xXp4wmWKPmnDGqC.obj
 0001:0000c1b0       method_dispatcher_N6wSUtJycDbE8bKJByzvlC 000000018000d1b0 f   m_N6wSUtJycDbE8bKJByzvlC.obj
 0001:0000d9f0       cgxe_N6wSUtJycDbE8bKJByzvlC_BuildInfoUpdate 000000018000e9f0 f   m_N6wSUtJycDbE8bKJByzvlC.obj
 0001:0000db80       cgxe_N6wSUtJycDbE8bKJByzvlC_fallback_info 000000018000eb80 f   m_N6wSUtJycDbE8bKJByzvlC.obj
 0001:0000dc20       method_dispatcher_rv2q6Si9yo15c6LurhHJ 000000018000ec20 f   m_rv2q6Si9yo15c6LurhHJ.obj
 0001:0000f460       cgxe_rv2q6Si9yo15c6LurhHJ_BuildInfoUpdate 0000000180010460 f   m_rv2q6Si9yo15c6LurhHJ.obj
 0001:0000f5f0       cgxe_rv2q6Si9yo15c6LurhHJ_fallback_info 00000001800105f0 f   m_rv2q6Si9yo15c6LurhHJ.obj
 0001:0000f690       method_dispatcher_0IWK4xPALvAwGYJfiJSKHC 0000000180010690 f   m_0IWK4xPALvAwGYJfiJSKHC.obj
 0001:00010ed0       cgxe_0IWK4xPALvAwGYJfiJSKHC_BuildInfoUpdate 0000000180011ed0 f   m_0IWK4xPALvAwGYJfiJSKHC.obj
 0001:00011060       cgxe_0IWK4xPALvAwGYJfiJSKHC_fallback_info 0000000180012060 f   m_0IWK4xPALvAwGYJfiJSKHC.obj
 0001:00011100       mexFunction                0000000180012100 f   Child_App_cgxe_registry.obj
 0001:00012f70       _ssSetInputPortDirectFeedThroughFcn 0000000180013f70 f   Child_App_cgxe_registry.obj
 0001:000130e0       _ssSetRWorkValueFcn        00000001800140e0 f   Child_App_cgxe_registry.obj
 0001:00013160       _ssGetRWorkValueFcn        0000000180014160 f   Child_App_cgxe_registry.obj
 0001:000131d0       _ssSetIWorkValueFcn        00000001800141d0 f   Child_App_cgxe_registry.obj
 0001:00013250       _ssGetIWorkValueFcn        0000000180014250 f   Child_App_cgxe_registry.obj
 0001:000132c0       _ssSetPWorkValueFcn        00000001800142c0 f   Child_App_cgxe_registry.obj
 0001:00013340       _ssGetPWorkValueFcn        0000000180014340 f   Child_App_cgxe_registry.obj
 0001:000133b0       _ssGetInputPortSignalFcn   00000001800143b0 f   Child_App_cgxe_registry.obj
 0001:00013740       _ssGetInputPortBufferDstPortFcn 0000000180014740 f   Child_App_cgxe_registry.obj
 0001:000137c0       _ssGetInputPortSignalPtrsFcn 00000001800147c0 f   Child_App_cgxe_registry.obj
 0001:00013b50       ssGetParameterTuningCompliance 0000000180014b50 f   Child_App_cgxe_registry.obj
 0001:00013bc0       _ssReadInputStringFcn      0000000180014bc0 f   Child_App_cgxe_registry.obj
 0001:00013c30       ssGetDTypeIdFromMxArray    0000000180014c30 f   Child_App_cgxe_registry.obj
 0001:00013d50       ssWriteRTWMx2dMatParam     0000000180014d50 f   Child_App_cgxe_registry.obj
 0001:00013de0       ssWriteRTWMxVectParam      0000000180014de0 f   Child_App_cgxe_registry.obj
 0001:00013e60       ssWriteRTWParameters       0000000180014e60 f   Child_App_cgxe_registry.obj
 0001:00014420       ssWriteRTWParamSettings    0000000180015420 f   Child_App_cgxe_registry.obj
 0001:00014b10       ssWriteRTWStr              0000000180015b10 f   Child_App_cgxe_registry.obj
 0001:00014b70       ssWriteRTWWorkVect         0000000180015b70 f   Child_App_cgxe_registry.obj
 0001:000150d0       ssWarning                  00000001800160d0 f   Child_App_cgxe_registry.obj
 0001:000151c0       ssGetRootSS                00000001800161c0 f   Child_App_cgxe_registry.obj
 0001:00015280       ssGetParentSS              0000000180016280 f   Child_App_cgxe_registry.obj
 0001:00015340       ssWriteRTWNameValuePair    0000000180016340 f   Child_App_cgxe_registry.obj
 0001:00015840       _ssSetInputPortMatrixDimensions 0000000180016840 f   Child_App_cgxe_registry.obj
 0001:00015990       _ssSetOutputPortMatrixDimensions 0000000180016990 f   Child_App_cgxe_registry.obj
 0001:00015ae0       _ssSetInputPortVectorDimension 0000000180016ae0 f   Child_App_cgxe_registry.obj
 0001:00015b90       _ssSetOutputPortVectorDimension 0000000180016b90 f   Child_App_cgxe_registry.obj
 0001:00015c40       ssIsRunTimeParamTunable    0000000180016c40 f   Child_App_cgxe_registry.obj
 0001:00015cb0       ssGetSFuncBlockHandle      0000000180016cb0 f   Child_App_cgxe_registry.obj
 0001:00015d20       _ssGetCallSystemNumFcnCallDestinations 0000000180016d20 f   Child_App_cgxe_registry.obj
 0001:00015d90       _ssGetCurrentInputPortWidth 0000000180016d90 f   Child_App_cgxe_registry.obj
 0001:00015ed0       _ssGetCurrentOutputPortWidth 0000000180016ed0 f   Child_App_cgxe_registry.obj
 0001:00016010       ssGetIsZeroCrossControlDisabled 0000000180017010 f   Child_App_cgxe_registry.obj
 0001:00016080       ssSetIsInputPortUsedForContZcSignal 0000000180017080 f   Child_App_cgxe_registry.obj
 0001:000160f0       ssSetZcSignalIsZcElementDisc 00000001800170f0 f   Child_App_cgxe_registry.obj
 0001:000161a0       ssSetZcSignalName          00000001800171a0 f   Child_App_cgxe_registry.obj
 0001:00016210       ssSetZcSignalWidth         0000000180017210 f   Child_App_cgxe_registry.obj
 0001:00016280       ssSetZcSignalZcEventType   0000000180017280 f   Child_App_cgxe_registry.obj
 0001:000162f0       ssSetZcSignalType          00000001800172f0 f   Child_App_cgxe_registry.obj
 0001:00016360       ssSetZcSignalZcTol         0000000180017360 f   Child_App_cgxe_registry.obj
 0001:000163d0       ssSetZcSignalNeedsEventNotification 00000001800173d0 f   Child_App_cgxe_registry.obj
 0001:00016440       ssCreateAndAddZcSignalInfo 0000000180017440 f   Child_App_cgxe_registry.obj
 0001:000164b0       ssCloneAndAddZcSignalInfo  00000001800174b0 f   Child_App_cgxe_registry.obj
 0001:00016520       ssGetNumZcSignals          0000000180017520 f   Child_App_cgxe_registry.obj
 0001:00016590       ssGetZcSignalVector        0000000180017590 f   Child_App_cgxe_registry.obj
 0001:00016600       ssGetZcSignalName          0000000180017600 f   Child_App_cgxe_registry.obj
 0001:00016670       ssGetZcSignalWidth         0000000180017670 f   Child_App_cgxe_registry.obj
 0001:000166e0       ssGetZcSignalZcEventType   00000001800176e0 f   Child_App_cgxe_registry.obj
 0001:00016750       ssGetZcSignalZcEvents      0000000180017750 f   Child_App_cgxe_registry.obj
 0001:000167c0       ssGetZcSignalType          00000001800177c0 f   Child_App_cgxe_registry.obj
 0001:00016830       ssGetZcSignalZcTol         0000000180017830 f   Child_App_cgxe_registry.obj
 0001:000168b0       ssGetZcSignalNeedsEventNotification 00000001800178b0 f   Child_App_cgxe_registry.obj
 0001:00016920       ssGetZcSignalIsZcElementDisc 0000000180017920 f   Child_App_cgxe_registry.obj
 0001:000169c0       ssGetIsInputPortElementContinuous 00000001800179c0 f   Child_App_cgxe_registry.obj
 0001:00016a60       _ssGetAbsTol               0000000180017a60 f   Child_App_cgxe_registry.obj
 0001:00016ad0       _ssSetStateAbsTol          0000000180017ad0 f   Child_App_cgxe_registry.obj
 0001:00016bb0       _ssSetInputPortReusableFcn 0000000180017bb0 f   Child_App_cgxe_registry.obj
 0001:00016cb0       _ssSetOutputPortReusableFcn 0000000180017cb0 f   Child_App_cgxe_registry.obj
 0001:00016db0       _ssSetSymbolicDimsSupport  0000000180017db0 f   Child_App_cgxe_registry.obj
 0001:00016e20       _ssRegisterSymbolicDimsExpr 0000000180017e20 f   Child_App_cgxe_registry.obj
 0001:00016ea0       _ssRegisterSymbolicDimsMATLABExpr 0000000180017ea0 f   Child_App_cgxe_registry.obj
 0001:00016f30       _ssRegisterSymbolicDims    0000000180017f30 f   Child_App_cgxe_registry.obj
 0001:00016fd0       _ssRegisterSymbolicDimsString 0000000180017fd0 f   Child_App_cgxe_registry.obj
 0001:00017050       _ssRegisterSymbolicDimsIntValue 0000000180018050 f   Child_App_cgxe_registry.obj
 0001:000170c0       _ssRegisterSymbolicEqualRelation 00000001800180c0 f   Child_App_cgxe_registry.obj
 0001:00017130       _ssRegisterSymbolicEqualValue 0000000180018130 f   Child_App_cgxe_registry.obj
 0001:000171a0       _ssAmendLeadingSymbolicDims 00000001800181a0 f   Child_App_cgxe_registry.obj
 0001:00017220       _ssAmendTrailingSymbolicDims 0000000180018220 f   Child_App_cgxe_registry.obj
 0001:000172a0       _ssRegisterSymbolicDimsPlus 00000001800182a0 f   Child_App_cgxe_registry.obj
 0001:00017320       _ssRegisterSymbolicDimsMinus 0000000180018320 f   Child_App_cgxe_registry.obj
 0001:000173a0       _ssRegisterSymbolicDimsMultiply 00000001800183a0 f   Child_App_cgxe_registry.obj
 0001:00017420       _ssRegisterSymbolicDimsDivide 0000000180018420 f   Child_App_cgxe_registry.obj
 0001:000174a0       _ssGetNumSymbolicDims      00000001800184a0 f   Child_App_cgxe_registry.obj
 0001:00017510       _ssGetSymbolicDim          0000000180018510 f   Child_App_cgxe_registry.obj
 0001:00017590       _ssSetInputPortSymbolicDimsId 0000000180018590 f   Child_App_cgxe_registry.obj
 0001:00017600       _ssGetCompInputPortSymbolicDimsId 0000000180018600 f   Child_App_cgxe_registry.obj
 0001:00017670       _ssSetCompInputPortSymbolicDimsId 0000000180018670 f   Child_App_cgxe_registry.obj
 0001:000176e0       _ssSetOutputPortSymbolicDimsId 00000001800186e0 f   Child_App_cgxe_registry.obj
 0001:00017750       _ssGetCompOutputPortSymbolicDimsId 0000000180018750 f   Child_App_cgxe_registry.obj
 0001:000177c0       _ssSetCompOutputPortSymbolicDimsId 00000001800187c0 f   Child_App_cgxe_registry.obj
 0001:00017830       _ssGetDWorkSymbolicDimsId  0000000180018830 f   Child_App_cgxe_registry.obj
 0001:000178a0       _ssSetDWorkSymbolicDimsId  00000001800188a0 f   Child_App_cgxe_registry.obj
 0001:00017910       _ssGetCompDWorkSymbolicDimsId 0000000180018910 f   Child_App_cgxe_registry.obj
 0001:00017980       _ssSetCompDWorkSymbolicDimsId 0000000180018980 f   Child_App_cgxe_registry.obj
 0001:000179f0       _ssCreateSLCGStringBuffer  00000001800189f0 f   Child_App_cgxe_registry.obj
 0001:00017a60       _ssAddToSLCGStringBuffer   0000000180018a60 f   Child_App_cgxe_registry.obj
 0001:00017ad0       _ssGetPointerContainedData 0000000180018ad0 f   Child_App_cgxe_registry.obj
 0001:00017b60       _ssGetPointerContainedDataWidth 0000000180018b60 f   Child_App_cgxe_registry.obj
 0001:00017bf0       _ssRegisterDynamicArrayDataTypeFcn 0000000180018bf0 f   Child_App_cgxe_registry.obj
 0001:00017c90       _ssGetDynamicArrayContainedDataCurrentWidthFcn 0000000180018c90 f   Child_App_cgxe_registry.obj
 0001:00017d60       _ssGetDynamicArrayContainedDataFcn 0000000180018d60 f   Child_App_cgxe_registry.obj
 0001:00017e30       _ssGetInputPortDynamicArrayDataFcn 0000000180018e30 f   Child_App_cgxe_registry.obj
 0001:00017ef0       _ssGetOutputPortDynamicArrayDataFcn 0000000180018ef0 f   Child_App_cgxe_registry.obj
 0001:00017fb0       _ssGetInputPortDynamicArrayContainedDataFcn 0000000180018fb0 f   Child_App_cgxe_registry.obj
 0001:00018070       _ssGetOutputPortDynamicArrayContainedDataFcn 0000000180019070 f   Child_App_cgxe_registry.obj
 0001:00018130       _ssGetDynamicArrayDWorkContainedDataFcn 0000000180019130 f   Child_App_cgxe_registry.obj
 0001:0001a550       __local_stdio_printf_options 000000018001b550 f i Child_App_cgxe_registry.obj
 0001:0001a560       _vsnprintf_l               000000018001b560 f i Child_App_cgxe_registry.obj
 0001:0001a5e0       _vsprintf_l                000000018001b5e0 f i Child_App_cgxe_registry.obj
 0001:0001a630       sprintf                    000000018001b630 f i Child_App_cgxe_registry.obj
 0001:0001a67f       mxSetCell_800              000000018001b67f f   libmx:libmx.dll
 0001:0001a685       mxSetFieldByNumber_800     000000018001b685 f   libmx:libmx.dll
 0001:0001a68b       mxCreateString_800         000000018001b68b f   libmx:libmx.dll
 0001:0001a691       mxCreateCellMatrix_800     000000018001b691 f   libmx:libmx.dll
 0001:0001a697       mxCreateStructMatrix_800   000000018001b697 f   libmx:libmx.dll
 0001:0001a69d       mxCalloc_800               000000018001b69d f   libmx:libmx.dll
 0001:0001a6a3       mxGetM_800                 000000018001b6a3 f   libmx:libmx.dll
 0001:0001a6a9       mxGetClassID_800           000000018001b6a9 f   libmx:libmx.dll
 0001:0001a6af       mxGetData_800              000000018001b6af f   libmx:libmx.dll
 0001:0001a6b5       mxIsNumeric_800            000000018001b6b5 f   libmx:libmx.dll
 0001:0001a6bb       mxIsChar_800               000000018001b6bb f   libmx:libmx.dll
 0001:0001a6c1       mxIsComplex_800            000000018001b6c1 f   libmx:libmx.dll
 0001:0001a6c7       mxGetN_800                 000000018001b6c7 f   libmx:libmx.dll
 0001:0001a6cd       mxGetPr_800                000000018001b6cd f   libmx:libmx.dll
 0001:0001a6d3       mxSetField_800             000000018001b6d3 f   libmx:libmx.dll
 0001:0001a6d9       mxCreateNumericMatrix_800  000000018001b6d9 f   libmx:libmx.dll
 0001:0001a6df       mxCreateDoubleMatrix_800   000000018001b6df f   libmx:libmx.dll
 0001:0001a6e5       mxCreateDoubleScalar_800   000000018001b6e5 f   libmx:libmx.dll
 0001:0001a6eb       mxGetString_800            000000018001b6eb f   libmx:libmx.dll
 0001:0001a6f1       mexWarnMsgTxt_800          000000018001b6f1 f   libmex:libmex.dll
 0001:0001a6f7       mexPrintf_800              000000018001b6f7 f   libmex:libmex.dll
 0001:0001a6fd       mexCallMATLAB_800          000000018001b6fd f   libmex:libmex.dll
 0001:0001a703       mexUnlock_800              000000018001b703 f   libmex:libmex.dll
 0001:0001a709       mexIsLocked_800            000000018001b709 f   libmex:libmex.dll
 0001:0001a70f       emlrtAlias                 000000018001b70f f   libemlrt:libemlrt.dll
 0001:0001a715       emlrtAssign                000000018001b715 f   libemlrt:libemlrt.dll
 0001:0001a71b       emlrtCreateStructMatrix    000000018001b71b f   libemlrt:libemlrt.dll
 0001:0001a721       emlrtGetFieldR2017b        000000018001b721 f   libemlrt:libemlrt.dll
 0001:0001a727       emlrtSetFieldR2017b        000000018001b727 f   libemlrt:libemlrt.dll
 0001:0001a72d       emlrtCreateCellMatrix      000000018001b72d f   libemlrt:libemlrt.dll
 0001:0001a733       emlrtSetCell               000000018001b733 f   libemlrt:libemlrt.dll
 0001:0001a739       emlrtGetCell               000000018001b739 f   libemlrt:libemlrt.dll
 0001:0001a73f       emlrtCreateNumericMatrix   000000018001b73f f   libemlrt:libemlrt.dll
 0001:0001a745       emlrtCreateLogicalScalar   000000018001b745 f   libemlrt:libemlrt.dll
 0001:0001a74b       emlrtCreateCharArray       000000018001b74b f   libemlrt:libemlrt.dll
 0001:0001a751       emlrtDestroyArray          000000018001b751 f   libemlrt:libemlrt.dll
 0001:0001a757       emlrtCallMATLABR2012b      000000018001b757 f   libemlrt:libemlrt.dll
 0001:0001a75d       emlrtInitCharArrayR2013a   000000018001b75d f   libemlrt:libemlrt.dll
 0001:0001a763       emlrtCheckBuiltInR2012b    000000018001b763 f   libemlrt:libemlrt.dll
 0001:0001a769       emlrtCheckStructR2012b     000000018001b769 f   libemlrt:libemlrt.dll
 0001:0001a76f       emlrtMxGetData             000000018001b76f f   libemlrt:libemlrt.dll
 0001:0001a775       emlrtMxGetLogicals         000000018001b775 f   libemlrt:libemlrt.dll
 0001:0001a77b       cgxertGetInputPortSignal   000000018001b77b f   libmwcgxert:libmwcgxert.dll
 0001:0001a781       cgxertGetRuntimeInstance   000000018001b781 f   libmwcgxert:libmwcgxert.dll
 0001:0001a787       cgxertSetRuntimeInstance   000000018001b787 f   libmwcgxert:libmwcgxert.dll
 0001:0001a78d       cgxertGetEMLRTCtx          000000018001b78d f   libmwcgxert:libmwcgxert.dll
 0001:0001a793       cgxertSetGcb               000000018001b793 f   libmwcgxert:libmwcgxert.dll
 0001:0001a799       cgxertRestoreGcb           000000018001b799 f   libmwcgxert:libmwcgxert.dll
 0001:0001a79f       cgxertGetOutputPortSignal  000000018001b79f f   libmwcgxert:libmwcgxert.dll
 0001:0001a7a8       __GSHandlerCheck           000000018001b7a8 f   MSVCRT:gshandler.obj
 0001:0001a7c8       __GSHandlerCheckCommon     000000018001b7c8 f   MSVCRT:gshandler.obj
 0001:0001a840       __security_check_cookie    000000018001b840 f   MSVCRT:amdsecgs.obj
 0001:0001a860       __raise_securityfailure    000000018001b860 f   MSVCRT:gs_report.obj
 0001:0001a894       __report_gsfailure         000000018001b894 f   MSVCRT:gs_report.obj
 0001:0001a968       __report_rangecheckfailure 000000018001b968 f   MSVCRT:gs_report.obj
 0001:0001a97c       __report_securityfailure   000000018001b97c f   MSVCRT:gs_report.obj
 0001:0001aa18       __report_securityfailureEx 000000018001ba18 f   MSVCRT:gs_report.obj
 0001:0001af48       _CRT_INIT                  000000018001bf48 f   MSVCRT:dll_dllmain.obj
 0001:0001af50       _DllMainCRTStartup         000000018001bf50 f   MSVCRT:dll_dllmain.obj
 0001:0001affc       __security_init_cookie     000000018001bffc f   MSVCRT:gs_support.obj
 0001:0001b0a8       DllMain                    000000018001c0a8 f   MSVCRT:dll_dllmain_stub.obj
 0001:0001b0cc       ?__scrt_initialize_type_info@@YAXXZ 000000018001c0cc f   MSVCRT:tncleanup.obj
 0001:0001b0dc       ?__scrt_uninitialize_type_info@@YAXXZ 000000018001c0dc f   MSVCRT:tncleanup.obj
 0001:0001b0e8       __local_stdio_scanf_options 000000018001c0e8 f i MSVCRT:default_local_stdio_options.obj
 0001:0001b0f0       __scrt_initialize_default_local_stdio_options 000000018001c0f0 f   MSVCRT:default_local_stdio_options.obj
 0001:0001b10c       ?configure_argv@__scrt_narrow_argv_policy@@SAHXZ 000000018001c10c f i MSVCRT:utility.obj
 0001:0001b16c       ?initialize_environment@__scrt_narrow_environment_policy@@SAHXZ 000000018001c16c f i MSVCRT:utility.obj
 0001:0001b1a4       NtCurrentTeb               000000018001c1a4 f i MSVCRT:utility.obj
 0001:0001b1b0       __scrt_acquire_startup_lock 000000018001c1b0 f   MSVCRT:utility.obj
 0001:0001b1ec       __scrt_dllmain_after_initialize_c 000000018001c1ec f   MSVCRT:utility.obj
 0001:0001b220       __scrt_dllmain_before_initialize_c 000000018001c220 f   MSVCRT:utility.obj
 0001:0001b238       __scrt_dllmain_crt_thread_attach 000000018001c238 f   MSVCRT:utility.obj
 0001:0001b260       __scrt_dllmain_crt_thread_detach 000000018001c260 f   MSVCRT:utility.obj
 0001:0001b278       __scrt_dllmain_exception_filter 000000018001c278 f   MSVCRT:utility.obj
 0001:0001b2d8       __scrt_dllmain_uninitialize_c 000000018001c2d8 f   MSVCRT:utility.obj
 0001:0001b308       __scrt_dllmain_uninitialize_critical 000000018001c308 f   MSVCRT:utility.obj
 0001:0001b31c       __scrt_initialize_crt      000000018001c31c f   MSVCRT:utility.obj
 0001:0001b368       __scrt_initialize_onexit_tables 000000018001c368 f   MSVCRT:utility.obj
 0001:0001b3f4       __scrt_is_nonwritable_in_current_image 000000018001c3f4 f   MSVCRT:utility.obj
 0001:0001b48c       __scrt_release_startup_lock 000000018001c48c f   MSVCRT:utility.obj
 0001:0001b4b0       __scrt_uninitialize_crt    000000018001c4b0 f   MSVCRT:utility.obj
 0001:0001b4dc       _onexit                    000000018001c4dc f   MSVCRT:utility.obj
 0001:0001b518       at_quick_exit              000000018001c518 f   MSVCRT:utility.obj
 0001:0001b538       atexit                     000000018001c538 f   MSVCRT:utility.obj
 0001:0001b550       __scrt_get_dyn_tls_init_callback 000000018001c550 f   MSVCRT:dyn_tls_init.obj
 0001:0001b558       __crt_debugger_hook        000000018001c558 f   MSVCRT:utility_desktop.obj
 0001:0001b560       __scrt_fastfail            000000018001c560 f   MSVCRT:utility_desktop.obj
 0001:0001b6ac       __scrt_get_show_window_mode 000000018001c6ac f   MSVCRT:utility_desktop.obj
 0001:0001b6e8       __scrt_initialize_mta      000000018001c6e8 f   MSVCRT:utility_desktop.obj
 0001:0001b6f0       __scrt_initialize_winrt    000000018001c6f0 f   MSVCRT:utility_desktop.obj
 0001:0001b6f4       __scrt_is_managed_app      000000018001c6f4 f   MSVCRT:utility_desktop.obj
 0001:0001b748       __scrt_set_unhandled_exception_filter 000000018001c748 f   MSVCRT:utility_desktop.obj
 0001:0001b758       __scrt_exe_initialize_mta  000000018001c758 f   MSVCRT:utility_desktop.obj
 0001:0001b758       __scrt_stub_for_initialize_mta 000000018001c758 f   MSVCRT:utility_desktop.obj
 0001:0001b75c       __scrt_unhandled_exception_filter 000000018001c75c f   MSVCRT:utility_desktop.obj
 0001:0001b7b8       _RTC_Initialize            000000018001c7b8 f   MSVCRT:initsect.obj
 0001:0001b7f4       _RTC_Terminate             000000018001c7f4 f   MSVCRT:initsect.obj
 0001:0001b830       _guard_check_icall_nop     000000018001c830 f i MSVCRT:guard_support.obj
 0001:0001b834       ReadNoFence64              000000018001c834 f i MSVCRT:guard_support.obj
 0001:0001b838       ReadPointerNoFence         000000018001c838 f i MSVCRT:guard_support.obj
 0001:0001b83c       __castguard_check_failure_debugbreak 000000018001c83c f i MSVCRT:guard_support.obj
 0001:0001b858       __castguard_check_failure_fastfail 000000018001c858 f i MSVCRT:guard_support.obj
 0001:0001b87c       __castguard_check_failure_nop 000000018001c87c f i MSVCRT:guard_support.obj
 0001:0001b880       __castguard_check_failure_os_handled 000000018001c880 f i MSVCRT:guard_support.obj
 0001:0001b8dc       __castguard_check_failure_user_handled 000000018001c8dc f i MSVCRT:guard_support.obj
 0001:0001b950       __castguard_set_user_handler 000000018001c950 f i MSVCRT:guard_support.obj
 0001:0001b95c       __castguard_slow_path_check_debugbreak 000000018001c95c f i MSVCRT:guard_support.obj
 0001:0001b990       __castguard_slow_path_check_fastfail 000000018001c990 f i MSVCRT:guard_support.obj
 0001:0001b9cc       __castguard_slow_path_check_nop 000000018001c9cc f i MSVCRT:guard_support.obj
 0001:0001b9d0       __castguard_slow_path_check_os_handled 000000018001c9d0 f i MSVCRT:guard_support.obj
 0001:0001ba24       __castguard_slow_path_check_user_handled 000000018001ca24 f i MSVCRT:guard_support.obj
 0001:0001ba90       _guard_icall_checks_enforced 000000018001ca90 f i MSVCRT:guard_support.obj
 0001:0001baa8       _guard_rf_checks_enforced  000000018001caa8 f i MSVCRT:guard_support.obj
 0001:0001baac       __isa_available_init       000000018001caac f   MSVCRT:cpu_disp.obj
 0001:0001bc58       _get_startup_argv_mode     000000018001cc58 f   MSVCRT:argv_mode.obj
 0001:0001bc60       __scrt_is_ucrt_dll_in_use  000000018001cc60 f   MSVCRT:ucrt_detection.obj
 0001:0001bc70       RtlCaptureContext          000000018001cc70 f   kernel32:KERNEL32.dll
 0001:0001bc76       RtlLookupFunctionEntry     000000018001cc76 f   kernel32:KERNEL32.dll
 0001:0001bc7c       RtlVirtualUnwind           000000018001cc7c f   kernel32:KERNEL32.dll
 0001:0001bc82       UnhandledExceptionFilter   000000018001cc82 f   kernel32:KERNEL32.dll
 0001:0001bc88       SetUnhandledExceptionFilter 000000018001cc88 f   kernel32:KERNEL32.dll
 0001:0001bc8e       GetCurrentProcess          000000018001cc8e f   kernel32:KERNEL32.dll
 0001:0001bc94       TerminateProcess           000000018001cc94 f   kernel32:KERNEL32.dll
 0001:0001bc9a       IsProcessorFeaturePresent  000000018001cc9a f   kernel32:KERNEL32.dll
 0001:0001bca0       QueryPerformanceCounter    000000018001cca0 f   kernel32:KERNEL32.dll
 0001:0001bca6       GetCurrentProcessId        000000018001cca6 f   kernel32:KERNEL32.dll
 0001:0001bcac       GetCurrentThreadId         000000018001ccac f   kernel32:KERNEL32.dll
 0001:0001bcb2       GetSystemTimeAsFileTime    000000018001ccb2 f   kernel32:KERNEL32.dll
 0001:0001bcb8       DisableThreadLibraryCalls  000000018001ccb8 f   kernel32:KERNEL32.dll
 0001:0001bcbe       InitializeSListHead        000000018001ccbe f   kernel32:KERNEL32.dll
 0001:0001bcc4       IsDebuggerPresent          000000018001ccc4 f   kernel32:KERNEL32.dll
 0001:0001bcca       GetStartupInfoW            000000018001ccca f   kernel32:KERNEL32.dll
 0001:0001bcd0       GetModuleHandleW           000000018001ccd0 f   kernel32:KERNEL32.dll
 0001:0001bcd6       memcpy                     000000018001ccd6 f   vcruntime:VCRUNTIME140.dll
 0001:0001bcdc       __C_specific_handler       000000018001ccdc f   vcruntime:VCRUNTIME140.dll
 0001:0001bce2       __std_type_info_destroy_list 000000018001cce2 f   vcruntime:VCRUNTIME140.dll
 0001:0001bce8       __current_exception        000000018001cce8 f   vcruntime:VCRUNTIME140.dll
 0001:0001bcee       __current_exception_context 000000018001ccee f   vcruntime:VCRUNTIME140.dll
 0001:0001bcf4       memset                     000000018001ccf4 f   vcruntime:VCRUNTIME140.dll
 0001:0001bcfa       calloc                     000000018001ccfa f   ucrt:api-ms-win-crt-heap-l1-1-0.dll
 0001:0001bd00       free                       000000018001cd00 f   ucrt:api-ms-win-crt-heap-l1-1-0.dll
 0001:0001bd06       strcmp                     000000018001cd06 f   ucrt:api-ms-win-crt-string-l1-1-0.dll
 0001:0001bd0c       strlen                     000000018001cd0c f   ucrt:api-ms-win-crt-string-l1-1-0.dll
 0001:0001bd12       __stdio_common_vsprintf    000000018001cd12 f   ucrt:api-ms-win-crt-stdio-l1-1-0.dll
 0001:0001bd18       malloc                     000000018001cd18 f   ucrt:api-ms-win-crt-heap-l1-1-0.dll
 0001:0001bd1e       _initterm                  000000018001cd1e f   ucrt:api-ms-win-crt-runtime-l1-1-0.dll
 0001:0001bd24       _initterm_e                000000018001cd24 f   ucrt:api-ms-win-crt-runtime-l1-1-0.dll
 0001:0001bd2a       _seh_filter_dll            000000018001cd2a f   ucrt:api-ms-win-crt-runtime-l1-1-0.dll
 0001:0001bd30       _configure_narrow_argv     000000018001cd30 f   ucrt:api-ms-win-crt-runtime-l1-1-0.dll
 0001:0001bd36       _initialize_narrow_environment 000000018001cd36 f   ucrt:api-ms-win-crt-runtime-l1-1-0.dll
 0001:0001bd3c       _initialize_onexit_table   000000018001cd3c f   ucrt:api-ms-win-crt-runtime-l1-1-0.dll
 0001:0001bd42       _register_onexit_function  000000018001cd42 f   ucrt:api-ms-win-crt-runtime-l1-1-0.dll
 0001:0001bd48       _execute_onexit_table      000000018001cd48 f   ucrt:api-ms-win-crt-runtime-l1-1-0.dll
 0001:0001bd4e       _crt_atexit                000000018001cd4e f   ucrt:api-ms-win-crt-runtime-l1-1-0.dll
 0001:0001bd54       _crt_at_quick_exit         000000018001cd54 f   ucrt:api-ms-win-crt-runtime-l1-1-0.dll
 0001:0001bd5a       _cexit                     000000018001cd5a f   ucrt:api-ms-win-crt-runtime-l1-1-0.dll
 0001:0001bd60       terminate                  000000018001cd60 f   ucrt:api-ms-win-crt-runtime-l1-1-0.dll
 0001:0001bd68       __acrt_initialize          000000018001cd68 f   MSVCRT:ucrt_stubs.obj
 0001:0001bd68       __scrt_stub_for_acrt_initialize 000000018001cd68 f   MSVCRT:ucrt_stubs.obj
 0001:0001bd68       __vcrt_initialize          000000018001cd68 f   MSVCRT:ucrt_stubs.obj
 0001:0001bd6c       __acrt_thread_attach       000000018001cd6c f   MSVCRT:ucrt_stubs.obj
 0001:0001bd6c       __scrt_stub_for_acrt_thread_attach 000000018001cd6c f   MSVCRT:ucrt_stubs.obj
 0001:0001bd6c       __vcrt_thread_attach       000000018001cd6c f   MSVCRT:ucrt_stubs.obj
 0001:0001bd70       __acrt_thread_detach       000000018001cd70 f   MSVCRT:ucrt_stubs.obj
 0001:0001bd70       __scrt_stub_for_acrt_thread_detach 000000018001cd70 f   MSVCRT:ucrt_stubs.obj
 0001:0001bd70       __vcrt_thread_detach       000000018001cd70 f   MSVCRT:ucrt_stubs.obj
 0001:0001bd74       __acrt_uninitialize        000000018001cd74 f   MSVCRT:ucrt_stubs.obj
 0001:0001bd74       __scrt_stub_for_acrt_uninitialize 000000018001cd74 f   MSVCRT:ucrt_stubs.obj
 0001:0001bd74       __vcrt_uninitialize        000000018001cd74 f   MSVCRT:ucrt_stubs.obj
 0001:0001bd78       __acrt_uninitialize_critical 000000018001cd78 f   MSVCRT:ucrt_stubs.obj
 0001:0001bd78       __scrt_stub_for_acrt_uninitialize_critical 000000018001cd78 f   MSVCRT:ucrt_stubs.obj
 0001:0001bd78       __vcrt_uninitialize_critical 000000018001cd78 f   MSVCRT:ucrt_stubs.obj
 0001:0001bd7c       __scrt_stub_for_is_c_termination_complete 000000018001cd7c f   MSVCRT:ucrt_stubs.obj
 0001:0001bd7c       _is_c_termination_complete 000000018001cd7c f   MSVCRT:ucrt_stubs.obj
 0001:0001bd90       _guard_dispatch_icall_nop  000000018001cd90 f   MSVCRT:guard_dispatch.obj
 0001:0001bdb0       _guard_xfg_dispatch_icall_nop 000000018001cdb0 f   MSVCRT:guard_xfg_dispatch.obj
 0002:00000000       __imp_GetCurrentThreadId   000000018001d000     kernel32:KERNEL32.dll
 0002:00000008       __imp_IsDebuggerPresent    000000018001d008     kernel32:KERNEL32.dll
 0002:00000010       __imp_GetStartupInfoW      000000018001d010     kernel32:KERNEL32.dll
 0002:00000018       __imp_RtlCaptureContext    000000018001d018     kernel32:KERNEL32.dll
 0002:00000020       __imp_RtlLookupFunctionEntry 000000018001d020     kernel32:KERNEL32.dll
 0002:00000028       __imp_RtlVirtualUnwind     000000018001d028     kernel32:KERNEL32.dll
 0002:00000030       __imp_UnhandledExceptionFilter 000000018001d030     kernel32:KERNEL32.dll
 0002:00000038       __imp_SetUnhandledExceptionFilter 000000018001d038     kernel32:KERNEL32.dll
 0002:00000040       __imp_GetCurrentProcess    000000018001d040     kernel32:KERNEL32.dll
 0002:00000048       __imp_TerminateProcess     000000018001d048     kernel32:KERNEL32.dll
 0002:00000050       __imp_IsProcessorFeaturePresent 000000018001d050     kernel32:KERNEL32.dll
 0002:00000058       __imp_QueryPerformanceCounter 000000018001d058     kernel32:KERNEL32.dll
 0002:00000060       __imp_GetCurrentProcessId  000000018001d060     kernel32:KERNEL32.dll
 0002:00000068       __imp_InitializeSListHead  000000018001d068     kernel32:KERNEL32.dll
 0002:00000070       __imp_GetSystemTimeAsFileTime 000000018001d070     kernel32:KERNEL32.dll
 0002:00000078       __imp_DisableThreadLibraryCalls 000000018001d078     kernel32:KERNEL32.dll
 0002:00000080       __imp_GetModuleHandleW     000000018001d080     kernel32:KERNEL32.dll
 0002:00000088       \177KERNEL32_NULL_THUNK_DATA 000000018001d088     kernel32:KERNEL32.dll
 0002:00000090       __imp___current_exception  000000018001d090     vcruntime:VCRUNTIME140.dll
 0002:00000098       __imp___std_type_info_destroy_list 000000018001d098     vcruntime:VCRUNTIME140.dll
 0002:000000a0       __imp___C_specific_handler 000000018001d0a0     vcruntime:VCRUNTIME140.dll
 0002:000000a8       __imp_memset               000000018001d0a8     vcruntime:VCRUNTIME140.dll
 0002:000000b0       __imp___current_exception_context 000000018001d0b0     vcruntime:VCRUNTIME140.dll
 0002:000000b8       __imp_memcpy               000000018001d0b8     vcruntime:VCRUNTIME140.dll
 0002:000000c0       \177VCRUNTIME140_NULL_THUNK_DATA 000000018001d0c0     vcruntime:VCRUNTIME140.dll
 0002:000000c8       __imp_calloc               000000018001d0c8     ucrt:api-ms-win-crt-heap-l1-1-0.dll
 0002:000000d0       __imp_malloc               000000018001d0d0     ucrt:api-ms-win-crt-heap-l1-1-0.dll
 0002:000000d8       __imp_free                 000000018001d0d8     ucrt:api-ms-win-crt-heap-l1-1-0.dll
 0002:000000e0       \177api-ms-win-crt-heap-l1-1-0_NULL_THUNK_DATA 000000018001d0e0     ucrt:api-ms-win-crt-heap-l1-1-0.dll
 0002:000000e8       __imp__seh_filter_dll      000000018001d0e8     ucrt:api-ms-win-crt-runtime-l1-1-0.dll
 0002:000000f0       __imp__configure_narrow_argv 000000018001d0f0     ucrt:api-ms-win-crt-runtime-l1-1-0.dll
 0002:000000f8       __imp__initialize_narrow_environment 000000018001d0f8     ucrt:api-ms-win-crt-runtime-l1-1-0.dll
 0002:00000100       __imp__initialize_onexit_table 000000018001d100     ucrt:api-ms-win-crt-runtime-l1-1-0.dll
 0002:00000108       __imp__initterm_e          000000018001d108     ucrt:api-ms-win-crt-runtime-l1-1-0.dll
 0002:00000110       __imp__execute_onexit_table 000000018001d110     ucrt:api-ms-win-crt-runtime-l1-1-0.dll
 0002:00000118       __imp__crt_atexit          000000018001d118     ucrt:api-ms-win-crt-runtime-l1-1-0.dll
 0002:00000120       __imp__crt_at_quick_exit   000000018001d120     ucrt:api-ms-win-crt-runtime-l1-1-0.dll
 0002:00000128       __imp__cexit               000000018001d128     ucrt:api-ms-win-crt-runtime-l1-1-0.dll
 0002:00000130       __imp_terminate            000000018001d130     ucrt:api-ms-win-crt-runtime-l1-1-0.dll
 0002:00000138       __imp__register_onexit_function 000000018001d138     ucrt:api-ms-win-crt-runtime-l1-1-0.dll
 0002:00000140       __imp__initterm            000000018001d140     ucrt:api-ms-win-crt-runtime-l1-1-0.dll
 0002:00000148       \177api-ms-win-crt-runtime-l1-1-0_NULL_THUNK_DATA 000000018001d148     ucrt:api-ms-win-crt-runtime-l1-1-0.dll
 0002:00000150       __imp___stdio_common_vsprintf 000000018001d150     ucrt:api-ms-win-crt-stdio-l1-1-0.dll
 0002:00000158       \177api-ms-win-crt-stdio-l1-1-0_NULL_THUNK_DATA 000000018001d158     ucrt:api-ms-win-crt-stdio-l1-1-0.dll
 0002:00000160       __imp_strlen               000000018001d160     ucrt:api-ms-win-crt-string-l1-1-0.dll
 0002:00000168       __imp_strcmp               000000018001d168     ucrt:api-ms-win-crt-string-l1-1-0.dll
 0002:00000170       \177api-ms-win-crt-string-l1-1-0_NULL_THUNK_DATA 000000018001d170     ucrt:api-ms-win-crt-string-l1-1-0.dll
 0002:00000178       __imp_emlrtMxGetLogicals   000000018001d178     libemlrt:libemlrt.dll
 0002:00000180       __imp_emlrtMxGetData       000000018001d180     libemlrt:libemlrt.dll
 0002:00000188       __imp_emlrtAlias           000000018001d188     libemlrt:libemlrt.dll
 0002:00000190       __imp_emlrtAssign          000000018001d190     libemlrt:libemlrt.dll
 0002:00000198       __imp_emlrtCreateStructMatrix 000000018001d198     libemlrt:libemlrt.dll
 0002:000001a0       __imp_emlrtCheckStructR2012b 000000018001d1a0     libemlrt:libemlrt.dll
 0002:000001a8       __imp_emlrtCheckBuiltInR2012b 000000018001d1a8     libemlrt:libemlrt.dll
 0002:000001b0       __imp_emlrtCallMATLABR2012b 000000018001d1b0     libemlrt:libemlrt.dll
 0002:000001b8       __imp_emlrtDestroyArray    000000018001d1b8     libemlrt:libemlrt.dll
 0002:000001c0       __imp_emlrtCreateCharArray 000000018001d1c0     libemlrt:libemlrt.dll
 0002:000001c8       __imp_emlrtCreateLogicalScalar 000000018001d1c8     libemlrt:libemlrt.dll
 0002:000001d0       __imp_emlrtCreateNumericMatrix 000000018001d1d0     libemlrt:libemlrt.dll
 0002:000001d8       __imp_emlrtGetCell         000000018001d1d8     libemlrt:libemlrt.dll
 0002:000001e0       __imp_emlrtSetCell         000000018001d1e0     libemlrt:libemlrt.dll
 0002:000001e8       __imp_emlrtCreateCellMatrix 000000018001d1e8     libemlrt:libemlrt.dll
 0002:000001f0       __imp_emlrtSetFieldR2017b  000000018001d1f0     libemlrt:libemlrt.dll
 0002:000001f8       __imp_emlrtGetFieldR2017b  000000018001d1f8     libemlrt:libemlrt.dll
 0002:00000200       __imp_emlrtInitCharArrayR2013a 000000018001d200     libemlrt:libemlrt.dll
 0002:00000208       \177libemlrt_NULL_THUNK_DATA 000000018001d208     libemlrt:libemlrt.dll
 0002:00000210       __imp_mexWarnMsgTxt_800    000000018001d210     libmex:libmex.dll
 0002:00000218       __imp_mexPrintf_800        000000018001d218     libmex:libmex.dll
 0002:00000220       __imp_mexIsLocked_800      000000018001d220     libmex:libmex.dll
 0002:00000228       __imp_mexUnlock_800        000000018001d228     libmex:libmex.dll
 0002:00000230       __imp_mexCallMATLAB_800    000000018001d230     libmex:libmex.dll
 0002:00000238       \177libmex_NULL_THUNK_DATA 000000018001d238     libmex:libmex.dll
 0002:00000240       __imp_cgxertGetEMLRTCtx    000000018001d240     libmwcgxert:libmwcgxert.dll
 0002:00000248       __imp_cgxertSetRuntimeInstance 000000018001d248     libmwcgxert:libmwcgxert.dll
 0002:00000250       __imp_cgxertGetRuntimeInstance 000000018001d250     libmwcgxert:libmwcgxert.dll
 0002:00000258       __imp_cgxertGetInputPortSignal 000000018001d258     libmwcgxert:libmwcgxert.dll
 0002:00000260       __imp_cgxertRestoreGcb     000000018001d260     libmwcgxert:libmwcgxert.dll
 0002:00000268       __imp_cgxertGetOutputPortSignal 000000018001d268     libmwcgxert:libmwcgxert.dll
 0002:00000270       __imp_cgxertSetGcb         000000018001d270     libmwcgxert:libmwcgxert.dll
 0002:00000278       \177libmwcgxert_NULL_THUNK_DATA 000000018001d278     libmwcgxert:libmwcgxert.dll
 0002:00000280       __imp_mxSetFieldByNumber_800 000000018001d280     libmx:libmx.dll
 0002:00000288       __imp_mxGetString_800      000000018001d288     libmx:libmx.dll
 0002:00000290       __imp_mxCreateDoubleScalar_800 000000018001d290     libmx:libmx.dll
 0002:00000298       __imp_mxCreateDoubleMatrix_800 000000018001d298     libmx:libmx.dll
 0002:000002a0       __imp_mxCreateNumericMatrix_800 000000018001d2a0     libmx:libmx.dll
 0002:000002a8       __imp_mxSetField_800       000000018001d2a8     libmx:libmx.dll
 0002:000002b0       __imp_mxGetPr_800          000000018001d2b0     libmx:libmx.dll
 0002:000002b8       __imp_mxGetN_800           000000018001d2b8     libmx:libmx.dll
 0002:000002c0       __imp_mxIsComplex_800      000000018001d2c0     libmx:libmx.dll
 0002:000002c8       __imp_mxIsChar_800         000000018001d2c8     libmx:libmx.dll
 0002:000002d0       __imp_mxIsNumeric_800      000000018001d2d0     libmx:libmx.dll
 0002:000002d8       __imp_mxGetData_800        000000018001d2d8     libmx:libmx.dll
 0002:000002e0       __imp_mxGetClassID_800     000000018001d2e0     libmx:libmx.dll
 0002:000002e8       __imp_mxGetM_800           000000018001d2e8     libmx:libmx.dll
 0002:000002f0       __imp_mxCalloc_800         000000018001d2f0     libmx:libmx.dll
 0002:000002f8       __imp_mxCreateStructMatrix_800 000000018001d2f8     libmx:libmx.dll
 0002:00000300       __imp_mxCreateCellMatrix_800 000000018001d300     libmx:libmx.dll
 0002:00000308       __imp_mxCreateString_800   000000018001d308     libmx:libmx.dll
 0002:00000310       __imp_mxSetCell_800        000000018001d310     libmx:libmx.dll
 0002:00000318       \177libmx_NULL_THUNK_DATA  000000018001d318     libmx:libmx.dll
 0002:00000320       __guard_check_icall_fptr   000000018001d320     MSVCRT:guard_support.obj
 0002:00000328       __guard_xfg_check_icall_fptr 000000018001d328     MSVCRT:guard_support.obj
 0002:00000330       __guard_dispatch_icall_fptr 000000018001d330     MSVCRT:guard_support.obj
 0002:00000338       __guard_xfg_dispatch_icall_fptr 000000018001d338     MSVCRT:guard_support.obj
 0002:00000340       __guard_xfg_table_dispatch_icall_fptr 000000018001d340     MSVCRT:guard_support.obj
 0002:00000348       __castguard_check_failure_os_handled_fptr 000000018001d348     MSVCRT:guard_support.obj
 0002:00000350       __guard_memcpy_fptr        000000018001d350     vcruntime:softmemtag.obj
 0002:00000358       __xc_a                     000000018001d358     MSVCRT:initializers.obj
 0002:00000360       __xc_z                     000000018001d360     MSVCRT:initializers.obj
 0002:00000368       __xi_a                     000000018001d368     MSVCRT:initializers.obj
 0002:00000370       __xi_z                     000000018001d370     MSVCRT:initializers.obj
 0002:00000378       __xp_a                     000000018001d378     MSVCRT:initializers.obj
 0002:00000380       __xp_z                     000000018001d380     MSVCRT:initializers.obj
 0002:00000388       __xt_a                     000000018001d388     MSVCRT:initializers.obj
 0002:00000390       __xt_z                     000000018001d390     MSVCRT:initializers.obj
 0002:00000710       DYNAMIC_DIMENSION_DEF      000000018001d710     Child_App_cgxe_registry.obj
 0002:00000728       __real@0000000000000000    000000018001d728     Child_App_cgxe_registry.obj
 0002:00000730       __real@4010000000000000    000000018001d730     Child_App_cgxe_registry.obj
 0002:00000738       __real@41602cbca0000000    000000018001d738     Child_App_cgxe_registry.obj
 0002:00000740       __real@41b1fb9a07000000    000000018001d740     Child_App_cgxe_registry.obj
 0002:00000748       __real@41b41e7072000000    000000018001d748     Child_App_cgxe_registry.obj
 0002:00000750       __real@41b442483e000000    000000018001d750     Child_App_cgxe_registry.obj
 0002:00000758       __real@41c917afbe800000    000000018001d758     Child_App_cgxe_registry.obj
 0002:00000760       __real@41d5e1b371400000    000000018001d760     Child_App_cgxe_registry.obj
 0002:00000768       __real@41dc67f553c00000    000000018001d768     Child_App_cgxe_registry.obj
 0002:00000770       __real@41e13401bfc00000    000000018001d770     Child_App_cgxe_registry.obj
 0002:00000778       __real@41e2069ed9a00000    000000018001d778     Child_App_cgxe_registry.obj
 0002:00000780       __real@41e3ec1b35c00000    000000018001d780     Child_App_cgxe_registry.obj
 0002:00000788       __real@41e5b0b712600000    000000018001d788     Child_App_cgxe_registry.obj
 0002:00000790       __real@41e5ff38b5000000    000000018001d790     Child_App_cgxe_registry.obj
 0002:00000798       __real@41e7cdc630800000    000000018001d798     Child_App_cgxe_registry.obj
 0002:000007a0       __real@41e8a3ca1ca00000    000000018001d7a0     Child_App_cgxe_registry.obj
 0002:000007a8       __real@41ee2c7a49000000    000000018001d7a8     Child_App_cgxe_registry.obj
 0002:000007b0       __real@41ee8ee109a00000    000000018001d7b0     Child_App_cgxe_registry.obj
 0002:000007b8       __real@41efb06ae7c00000    000000018001d7b8     Child_App_cgxe_registry.obj
 0002:000007c0       __real@bff0000000000000    000000018001d7c0     Child_App_cgxe_registry.obj
 0002:000007d8       _pDefaultRawDllMain        000000018001d7d8     MSVCRT:dll_dllmain.obj
 0002:000007d8       _pRawDllMain               000000018001d7d8     MSVCRT:dll_dllmain.obj
 0002:000007e0       __xmm@ffffffffffffffffffffffffffffffff 000000018001d7e0     MSVCRT:utility.obj
 0002:000007f0       _load_config_used          000000018001d7f0     MSVCRT:loadcfg.obj
 0002:00000980       __CastGuardVftablesStart   000000018001d980     MSVCRT:guard_support.obj
 0002:00000a00       __CastGuardVftablesEnd     000000018001da00     MSVCRT:guard_support.obj
 0002:00000a80       __volatile_metadata        000000018001da80     <linker-defined>
 0002:00000f20       __rtc_iaa                  000000018001df20     MSVCRT:initsect.obj
 0002:00000f28       __rtc_izz                  000000018001df28     MSVCRT:initsect.obj
 0002:00000f30       __rtc_taa                  000000018001df30     MSVCRT:initsect.obj
 0002:00000f38       __rtc_tzz                  000000018001df38     MSVCRT:initsect.obj
 0002:000022b8       __IMPORT_DESCRIPTOR_libmx  000000018001f2b8     libmx:libmx.dll
 0002:000022cc       __IMPORT_DESCRIPTOR_libmex 000000018001f2cc     libmex:libmex.dll
 0002:000022e0       __IMPORT_DESCRIPTOR_libemlrt 000000018001f2e0     libemlrt:libemlrt.dll
 0002:000022f4       __IMPORT_DESCRIPTOR_libmwcgxert 000000018001f2f4     libmwcgxert:libmwcgxert.dll
 0002:00002308       __IMPORT_DESCRIPTOR_KERNEL32 000000018001f308     kernel32:KERNEL32.dll
 0002:0000231c       __IMPORT_DESCRIPTOR_VCRUNTIME140 000000018001f31c     vcruntime:VCRUNTIME140.dll
 0002:00002330       __IMPORT_DESCRIPTOR_api-ms-win-crt-heap-l1-1-0 000000018001f330     ucrt:api-ms-win-crt-heap-l1-1-0.dll
 0002:00002344       __IMPORT_DESCRIPTOR_api-ms-win-crt-string-l1-1-0 000000018001f344     ucrt:api-ms-win-crt-string-l1-1-0.dll
 0002:00002358       __IMPORT_DESCRIPTOR_api-ms-win-crt-stdio-l1-1-0 000000018001f358     ucrt:api-ms-win-crt-stdio-l1-1-0.dll
 0002:0000236c       __IMPORT_DESCRIPTOR_api-ms-win-crt-runtime-l1-1-0 000000018001f36c     ucrt:api-ms-win-crt-runtime-l1-1-0.dll
 0002:00002380       __NULL_IMPORT_DESCRIPTOR   000000018001f380     libmx:libmx.dll
 0003:000036b0       DYNAMIC_DIMENSION          00000001800236b0     Child_App_cgxe_registry.obj
 0003:00005a80       __security_cookie_complement 0000000180025a80     MSVCRT:gs_cookie.obj
 0003:00005a88       __security_cookie          0000000180025a88     MSVCRT:gs_cookie.obj
 0003:00005a90       _fltused                   0000000180025a90     MSVCRT:fltused.obj
 0003:00005a94       __scrt_native_dllmain_reason 0000000180025a94     MSVCRT:utility.obj
 0003:00005a98       __isa_available            0000000180025a98     MSVCRT:cpu_disp.obj
 0003:00005a9c       __isa_enabled              0000000180025a9c     MSVCRT:cpu_disp.obj
 0003:00005aa0       __memset_fast_string_threshold 0000000180025aa0     MSVCRT:cpu_disp.obj
 0003:00005aa8       __memset_nt_threshold      0000000180025aa8     MSVCRT:cpu_disp.obj
 0003:00005ab0       __scrt_ucrt_dll_is_in_use  0000000180025ab0     MSVCRT:ucrt_stubs.obj
 0003:000060a0       ?__type_info_root_node@@3U__type_info_node@@A 00000001800260a0     MSVCRT:tncleanup.obj
 0003:000060b0       ?_OptionsStorage@?1??__local_stdio_printf_options@@9@4_KA 00000001800260b0     MSVCRT:default_local_stdio_options.obj
 0003:000060b8       ?_OptionsStorage@?1??__local_stdio_scanf_options@@9@4_KA 00000001800260b8     MSVCRT:default_local_stdio_options.obj
 0003:000060c0       __scrt_current_native_startup_state 00000001800260c0     MSVCRT:utility.obj
 0003:000060c8       __scrt_native_startup_lock 00000001800260c8     MSVCRT:utility.obj
 0003:00006108       __scrt_debugger_hook_flag  0000000180026108     MSVCRT:utility_desktop.obj
 0003:00006110       __castguard_check_failure_user_handled_fptr 0000000180026110     MSVCRT:guard_support.obj
 0003:00006118       __favor                    0000000180026118     MSVCRT:cpu_disp.obj
 0003:00006120       ?_OptionsStorage@?1??__local_stdio_printf_options@@9@9 0000000180026120     <common>
 0003:00006128       __dyn_tls_init_callback    0000000180026128     <common>

 entry point at        0001:0001af50

 Static symbols

 0000:00000000       .debug$S                   0000000180000000     Child_App_cgxe.exp
 0000:00000000       _volmd                     0000000180000000     Child_App_cgxe_registry.obj
 0000:00000000       _volmd                     0000000180000000     m_0IWK4xPALvAwGYJfiJSKHC.obj
 0000:00000000       _volmd                     0000000180000000     m_DH3jGOJ4u96z2aK3hkI3OE.obj
 0000:00000000       _volmd                     0000000180000000     m_E5eYYMYEC9250ATstCUIJE.obj
 0000:00000000       _volmd                     0000000180000000     m_KDwHGQ2xXp4wmWKPmnDGqC.obj
 0000:00000000       _volmd                     0000000180000000     m_KfaDhNL7xJVG1u0RUxB9sH.obj
 0000:00000000       _volmd                     0000000180000000     m_N6wSUtJycDbE8bKJByzvlC.obj
 0000:00000000       _volmd                     0000000180000000     m_nyucgZWjM3Ai1CT2jftVoF.obj
 0000:00000000       _volmd                     0000000180000000     m_r9npojpcpE1nIt6wcZfq3F.obj
 0000:00000000       _volmd                     0000000180000000     m_rv2q6Si9yo15c6LurhHJ.obj
 0000:00000000       _volmd                     0000000180000000     m_zBcJJKdPFoobubnOzm2A4C.obj
 0000:00000000       .debug$S                   0000000180000000     ucrt:api-ms-win-crt-heap-l1-1-0.dll
 0000:00000000       .debug$S                   0000000180000000     ucrt:api-ms-win-crt-heap-l1-1-0.dll
 0000:00000000       .debug$S                   0000000180000000     ucrt:api-ms-win-crt-heap-l1-1-0.dll
 0000:00000000       .debug$S                   0000000180000000     ucrt:api-ms-win-crt-runtime-l1-1-0.dll
 0000:00000000       .debug$S                   0000000180000000     ucrt:api-ms-win-crt-runtime-l1-1-0.dll
 0000:00000000       .debug$S                   0000000180000000     ucrt:api-ms-win-crt-runtime-l1-1-0.dll
 0000:00000000       .debug$S                   0000000180000000     ucrt:api-ms-win-crt-runtime-l1-1-0.dll
 0000:00000000       .debug$S                   0000000180000000     ucrt:api-ms-win-crt-runtime-l1-1-0.dll
 0000:00000000       .debug$S                   0000000180000000     ucrt:api-ms-win-crt-runtime-l1-1-0.dll
 0000:00000000       .debug$S                   0000000180000000     ucrt:api-ms-win-crt-runtime-l1-1-0.dll
 0000:00000000       .debug$S                   0000000180000000     ucrt:api-ms-win-crt-runtime-l1-1-0.dll
 0000:00000000       .debug$S                   0000000180000000     ucrt:api-ms-win-crt-runtime-l1-1-0.dll
 0000:00000000       .debug$S                   0000000180000000     ucrt:api-ms-win-crt-runtime-l1-1-0.dll
 0000:00000000       .debug$S                   0000000180000000     ucrt:api-ms-win-crt-runtime-l1-1-0.dll
 0000:00000000       .debug$S                   0000000180000000     ucrt:api-ms-win-crt-runtime-l1-1-0.dll
 0000:00000000       .debug$S                   0000000180000000     ucrt:api-ms-win-crt-stdio-l1-1-0.dll
 0000:00000000       .debug$S                   0000000180000000     ucrt:api-ms-win-crt-string-l1-1-0.dll
 0000:00000000       .debug$S                   0000000180000000     ucrt:api-ms-win-crt-string-l1-1-0.dll
 0000:00000000       .debug$S                   0000000180000000     kernel32:KERNEL32.dll
 0000:00000000       .debug$S                   0000000180000000     kernel32:KERNEL32.dll
 0000:00000000       .debug$S                   0000000180000000     kernel32:KERNEL32.dll
 0000:00000000       .debug$S                   0000000180000000     kernel32:KERNEL32.dll
 0000:00000000       .debug$S                   0000000180000000     kernel32:KERNEL32.dll
 0000:00000000       .debug$S                   0000000180000000     kernel32:KERNEL32.dll
 0000:00000000       .debug$S                   0000000180000000     kernel32:KERNEL32.dll
 0000:00000000       .debug$S                   0000000180000000     kernel32:KERNEL32.dll
 0000:00000000       .debug$S                   0000000180000000     kernel32:KERNEL32.dll
 0000:00000000       .debug$S                   0000000180000000     kernel32:KERNEL32.dll
 0000:00000000       .debug$S                   0000000180000000     kernel32:KERNEL32.dll
 0000:00000000       .debug$S                   0000000180000000     kernel32:KERNEL32.dll
 0000:00000000       .debug$S                   0000000180000000     kernel32:KERNEL32.dll
 0000:00000000       .debug$S                   0000000180000000     kernel32:KERNEL32.dll
 0000:00000000       .debug$S                   0000000180000000     kernel32:KERNEL32.dll
 0000:00000000       .debug$S                   0000000180000000     kernel32:KERNEL32.dll
 0000:00000000       .debug$S                   0000000180000000     kernel32:KERNEL32.dll
 0000:00000000       .debug$S                   0000000180000000     libemlrt:libemlrt.dll
 0000:00000000       .debug$S                   0000000180000000     libemlrt:libemlrt.dll
 0000:00000000       .debug$S                   0000000180000000     libemlrt:libemlrt.dll
 0000:00000000       .debug$S                   0000000180000000     libemlrt:libemlrt.dll
 0000:00000000       .debug$S                   0000000180000000     libemlrt:libemlrt.dll
 0000:00000000       .debug$S                   0000000180000000     libemlrt:libemlrt.dll
 0000:00000000       .debug$S                   0000000180000000     libemlrt:libemlrt.dll
 0000:00000000       .debug$S                   0000000180000000     libemlrt:libemlrt.dll
 0000:00000000       .debug$S                   0000000180000000     libemlrt:libemlrt.dll
 0000:00000000       .debug$S                   0000000180000000     libemlrt:libemlrt.dll
 0000:00000000       .debug$S                   0000000180000000     libemlrt:libemlrt.dll
 0000:00000000       .debug$S                   0000000180000000     libemlrt:libemlrt.dll
 0000:00000000       .debug$S                   0000000180000000     libemlrt:libemlrt.dll
 0000:00000000       .debug$S                   0000000180000000     libemlrt:libemlrt.dll
 0000:00000000       .debug$S                   0000000180000000     libemlrt:libemlrt.dll
 0000:00000000       .debug$S                   0000000180000000     libemlrt:libemlrt.dll
 0000:00000000       .debug$S                   0000000180000000     libemlrt:libemlrt.dll
 0000:00000000       .debug$S                   0000000180000000     libemlrt:libemlrt.dll
 0000:00000000       .debug$S                   0000000180000000     libmex:libmex.dll
 0000:00000000       .debug$S                   0000000180000000     libmex:libmex.dll
 0000:00000000       .debug$S                   0000000180000000     libmex:libmex.dll
 0000:00000000       .debug$S                   0000000180000000     libmex:libmex.dll
 0000:00000000       .debug$S                   0000000180000000     libmex:libmex.dll
 0000:00000000       .debug$S                   0000000180000000     libmwcgxert:libmwcgxert.dll
 0000:00000000       .debug$S                   0000000180000000     libmwcgxert:libmwcgxert.dll
 0000:00000000       .debug$S                   0000000180000000     libmwcgxert:libmwcgxert.dll
 0000:00000000       .debug$S                   0000000180000000     libmwcgxert:libmwcgxert.dll
 0000:00000000       .debug$S                   0000000180000000     libmwcgxert:libmwcgxert.dll
 0000:00000000       .debug$S                   0000000180000000     libmwcgxert:libmwcgxert.dll
 0000:00000000       .debug$S                   0000000180000000     libmwcgxert:libmwcgxert.dll
 0000:00000000       .debug$S                   0000000180000000     libmx:libmx.dll
 0000:00000000       .debug$S                   0000000180000000     libmx:libmx.dll
 0000:00000000       .debug$S                   0000000180000000     libmx:libmx.dll
 0000:00000000       .debug$S                   0000000180000000     libmx:libmx.dll
 0000:00000000       .debug$S                   0000000180000000     libmx:libmx.dll
 0000:00000000       .debug$S                   0000000180000000     libmx:libmx.dll
 0000:00000000       .debug$S                   0000000180000000     libmx:libmx.dll
 0000:00000000       .debug$S                   0000000180000000     libmx:libmx.dll
 0000:00000000       .debug$S                   0000000180000000     libmx:libmx.dll
 0000:00000000       .debug$S                   0000000180000000     libmx:libmx.dll
 0000:00000000       .debug$S                   0000000180000000     libmx:libmx.dll
 0000:00000000       .debug$S                   0000000180000000     libmx:libmx.dll
 0000:00000000       .debug$S                   0000000180000000     libmx:libmx.dll
 0000:00000000       .debug$S                   0000000180000000     libmx:libmx.dll
 0000:00000000       .debug$S                   0000000180000000     libmx:libmx.dll
 0000:00000000       .debug$S                   0000000180000000     libmx:libmx.dll
 0000:00000000       .debug$S                   0000000180000000     libmx:libmx.dll
 0000:00000000       .debug$S                   0000000180000000     libmx:libmx.dll
 0000:00000000       .debug$S                   0000000180000000     libmx:libmx.dll
 0000:00000000       _volmd                     0000000180000000     MSVCRT:cpu_disp.obj
 0002:fffe3000       __guard_ehcont_?dllmain_dispatch@@YAHQEAUHINSTANCE__@@KQEAX@Z 0000000180000000     MSVCRT:dll_dllmain.obj
 0002:fffe3000       __guard_fids_?dllmain_dispatch@@YAHQEAUHINSTANCE__@@KQEAX@Z 0000000180000000     MSVCRT:dll_dllmain.obj
 0000:00000000       _volmd                     0000000180000000     MSVCRT:gs_report.obj
 0000:00000000       _volmd                     0000000180000000     MSVCRT:gs_report.obj
 0000:00000000       _volmd                     0000000180000000     MSVCRT:gs_report.obj
 0002:fffe3000       __guard_fids__             0000000180000000     MSVCRT:guard_support.obj
 0002:fffe3000       __guard_fids__             0000000180000000     MSVCRT:guard_support.obj
 0002:fffe3000       __guard_fids__guard_icall_checks_enforced 0000000180000000     MSVCRT:guard_support.obj
 0000:00000000       _volmd                     0000000180000000     MSVCRT:guard_support.obj
 0000:00000000       _volmd                     0000000180000000     MSVCRT:guard_support.obj
 0000:00000000       _volmd                     0000000180000000     MSVCRT:guard_support.obj
 0000:00000000       _volmd                     0000000180000000     MSVCRT:guard_support.obj
 0000:00000000       _volmd                     0000000180000000     MSVCRT:guard_support.obj
 0000:00000000       _volmd                     0000000180000000     MSVCRT:guard_support.obj
 0000:00000000       _volmd                     0000000180000000     MSVCRT:guard_support.obj
 0000:00000000       _volmd                     0000000180000000     MSVCRT:guard_support.obj
 0000:00000000       _volmd                     0000000180000000     MSVCRT:guard_support.obj
 0000:00000000       _volmd                     0000000180000000     MSVCRT:guard_support.obj
 0002:fffe3000       __guard_ehcont___scrt_is_nonwritable_in_current_image 0000000180000000     MSVCRT:utility.obj
 0000:00000000       _volmd                     0000000180000000     MSVCRT:utility.obj
 0000:00000000       _volmd                     0000000180000000     MSVCRT:utility.obj
 0000:00000000       _volmd                     0000000180000000     MSVCRT:utility.obj
 0002:fffe3000       __guard_fids___scrt_set_unhandled_exception_filter 0000000180000000     MSVCRT:utility_desktop.obj
 0000:00000000       _volmd                     0000000180000000     MSVCRT:utility_desktop.obj
 0002:fffe3000       __guard_fids__             0000000180000000     vcruntime:softmemtag.obj
 0000:00000000       .debug$S                   0000000180000000     vcruntime:VCRUNTIME140.dll
 0000:00000000       .debug$S                   0000000180000000     vcruntime:VCRUNTIME140.dll
 0000:00000000       .debug$S                   0000000180000000     vcruntime:VCRUNTIME140.dll
 0000:00000000       .debug$S                   0000000180000000     vcruntime:VCRUNTIME140.dll
 0000:00000000       .debug$S                   0000000180000000     vcruntime:VCRUNTIME140.dll
 0000:00000000       .debug$S                   0000000180000000     vcruntime:VCRUNTIME140.dll
 0000:00000010       _volmd                     0000000180000010     Child_App_cgxe_registry.obj
 0000:00000010       _volmd                     0000000180000010     m_0IWK4xPALvAwGYJfiJSKHC.obj
 0000:00000010       _volmd                     0000000180000010     m_DH3jGOJ4u96z2aK3hkI3OE.obj
 0000:00000010       _volmd                     0000000180000010     m_E5eYYMYEC9250ATstCUIJE.obj
 0000:00000010       _volmd                     0000000180000010     m_KDwHGQ2xXp4wmWKPmnDGqC.obj
 0000:00000010       _volmd                     0000000180000010     m_KfaDhNL7xJVG1u0RUxB9sH.obj
 0000:00000010       _volmd                     0000000180000010     m_N6wSUtJycDbE8bKJByzvlC.obj
 0000:00000010       _volmd                     0000000180000010     m_nyucgZWjM3Ai1CT2jftVoF.obj
 0000:00000010       _volmd                     0000000180000010     m_r9npojpcpE1nIt6wcZfq3F.obj
 0000:00000010       _volmd                     0000000180000010     m_rv2q6Si9yo15c6LurhHJ.obj
 0000:00000010       _volmd                     0000000180000010     m_zBcJJKdPFoobubnOzm2A4C.obj
 0000:00000020       _volmd                     0000000180000020     Child_App_cgxe_registry.obj
 0000:00000020       _volmd                     0000000180000020     m_0IWK4xPALvAwGYJfiJSKHC.obj
 0000:00000020       _volmd                     0000000180000020     m_DH3jGOJ4u96z2aK3hkI3OE.obj
 0000:00000020       _volmd                     0000000180000020     m_E5eYYMYEC9250ATstCUIJE.obj
 0000:00000020       _volmd                     0000000180000020     m_KDwHGQ2xXp4wmWKPmnDGqC.obj
 0000:00000020       _volmd                     0000000180000020     m_KfaDhNL7xJVG1u0RUxB9sH.obj
 0000:00000020       _volmd                     0000000180000020     m_N6wSUtJycDbE8bKJByzvlC.obj
 0000:00000020       _volmd                     0000000180000020     m_nyucgZWjM3Ai1CT2jftVoF.obj
 0000:00000020       _volmd                     0000000180000020     m_r9npojpcpE1nIt6wcZfq3F.obj
 0000:00000020       _volmd                     0000000180000020     m_rv2q6Si9yo15c6LurhHJ.obj
 0000:00000020       _volmd                     0000000180000020     m_zBcJJKdPFoobubnOzm2A4C.obj
 0000:00000030       _volmd                     0000000180000030     Child_App_cgxe_registry.obj
 0000:00000030       _volmd                     0000000180000030     m_DH3jGOJ4u96z2aK3hkI3OE.obj
 0000:00000040       _volmd                     0000000180000040     Child_App_cgxe_registry.obj
 0000:00000040       _volmd                     0000000180000040     m_DH3jGOJ4u96z2aK3hkI3OE.obj
 0000:00000050       _volmd                     0000000180000050     Child_App_cgxe_registry.obj
 0000:00000060       _volmd                     0000000180000060     Child_App_cgxe_registry.obj
 0000:00000070       _volmd                     0000000180000070     Child_App_cgxe_registry.obj
 0000:00000080       _volmd                     0000000180000080     Child_App_cgxe_registry.obj
 0000:00000090       _volmd                     0000000180000090     Child_App_cgxe_registry.obj
 0000:000000a0       _volmd                     00000001800000a0     Child_App_cgxe_registry.obj
 0000:000000b0       _volmd                     00000001800000b0     Child_App_cgxe_registry.obj
 0000:000000c0       _volmd                     00000001800000c0     Child_App_cgxe_registry.obj
 0000:000000d0       _volmd                     00000001800000d0     Child_App_cgxe_registry.obj
 0000:000000e0       _volmd                     00000001800000e0     Child_App_cgxe_registry.obj
 0001:000005c0       cgxe_mdl_start             00000001800015c0 f   m_r9npojpcpE1nIt6wcZfq3F.obj
 0001:00000650       cgxe_mdl_initialize        0000000180001650 f   m_r9npojpcpE1nIt6wcZfq3F.obj
 0001:000006d0       cgxe_mdl_outputs           00000001800016d0 f   m_r9npojpcpE1nIt6wcZfq3F.obj
 0001:00000750       cgxe_mdl_update            0000000180001750 f   m_r9npojpcpE1nIt6wcZfq3F.obj
 0001:00000760       cgxe_mdl_enable            0000000180001760 f   m_r9npojpcpE1nIt6wcZfq3F.obj
 0001:00000770       cgxe_mdl_disable           0000000180001770 f   m_r9npojpcpE1nIt6wcZfq3F.obj
 0001:00000780       cgxe_mdl_terminate         0000000180001780 f   m_r9npojpcpE1nIt6wcZfq3F.obj
 0001:000007d0       mw__internal__call__setup  00000001800017d0 f   m_r9npojpcpE1nIt6wcZfq3F.obj
 0001:000008c0       SystemCore_setup           00000001800018c0 f   m_r9npojpcpE1nIt6wcZfq3F.obj
 0001:00000b70       mw__internal__call__reset  0000000180001b70 f   m_r9npojpcpE1nIt6wcZfq3F.obj
 0001:00000ec0       mw__internal__call__step   0000000180001ec0 f   m_r9npojpcpE1nIt6wcZfq3F.obj
 0001:00001280       emlrt_marshallOut          0000000180002280 f   m_r9npojpcpE1nIt6wcZfq3F.obj
 0001:000013d0       cgxe_mdl_get_sim_state     00000001800023d0 f   m_r9npojpcpE1nIt6wcZfq3F.obj
 0001:00001410       emlrt_marshallIn           0000000180002410 f   m_r9npojpcpE1nIt6wcZfq3F.obj
 0001:000014e0       b_emlrt_marshallIn         00000001800024e0 f   m_r9npojpcpE1nIt6wcZfq3F.obj
 0001:00001550       c_emlrt_marshallIn         0000000180002550 f   m_r9npojpcpE1nIt6wcZfq3F.obj
 0001:00001630       d_emlrt_marshallIn         0000000180002630 f   m_r9npojpcpE1nIt6wcZfq3F.obj
 0001:00001680       e_emlrt_marshallIn         0000000180002680 f   m_r9npojpcpE1nIt6wcZfq3F.obj
 0001:000016f0       f_emlrt_marshallIn         00000001800026f0 f   m_r9npojpcpE1nIt6wcZfq3F.obj
 0001:00001740       cgxe_mdl_set_sim_state     0000000180002740 f   m_r9npojpcpE1nIt6wcZfq3F.obj
 0001:000017b0       message                    00000001800027b0 f   m_r9npojpcpE1nIt6wcZfq3F.obj
 0001:00001850       getString                  0000000180002850 f   m_r9npojpcpE1nIt6wcZfq3F.obj
 0001:000018c0       error                      00000001800028c0 f   m_r9npojpcpE1nIt6wcZfq3F.obj
 0001:00001950       g_emlrt_marshallIn         0000000180002950 f   m_r9npojpcpE1nIt6wcZfq3F.obj
 0001:000019c0       h_emlrt_marshallIn         00000001800029c0 f   m_r9npojpcpE1nIt6wcZfq3F.obj
 0001:00001a40       init_simulink_io_address   0000000180002a40 f   m_r9npojpcpE1nIt6wcZfq3F.obj
 0001:00001a90       mdlOutputs_r9npojpcpE1nIt6wcZfq3F 0000000180002a90 f   m_r9npojpcpE1nIt6wcZfq3F.obj
 0001:00001ad0       mdlInitialize_r9npojpcpE1nIt6wcZfq3F 0000000180002ad0 f   m_r9npojpcpE1nIt6wcZfq3F.obj
 0001:00001b00       mdlUpdate_r9npojpcpE1nIt6wcZfq3F 0000000180002b00 f   m_r9npojpcpE1nIt6wcZfq3F.obj
 0001:00001b40       getSimState_r9npojpcpE1nIt6wcZfq3F 0000000180002b40 f   m_r9npojpcpE1nIt6wcZfq3F.obj
 0001:00001b80       setSimState_r9npojpcpE1nIt6wcZfq3F 0000000180002b80 f   m_r9npojpcpE1nIt6wcZfq3F.obj
 0001:00001bc0       mdlTerminate_r9npojpcpE1nIt6wcZfq3F 0000000180002bc0 f   m_r9npojpcpE1nIt6wcZfq3F.obj
 0001:00001c00       mdlEnable_r9npojpcpE1nIt6wcZfq3F 0000000180002c00 f   m_r9npojpcpE1nIt6wcZfq3F.obj
 0001:00001c30       mdlDisable_r9npojpcpE1nIt6wcZfq3F 0000000180002c30 f   m_r9npojpcpE1nIt6wcZfq3F.obj
 0001:00001c60       mdlStart_r9npojpcpE1nIt6wcZfq3F 0000000180002c60 f   m_r9npojpcpE1nIt6wcZfq3F.obj
 0001:00001d60       mdlProcessParameters_r9npojpcpE1nIt6wcZfq3F 0000000180002d60 f   m_r9npojpcpE1nIt6wcZfq3F.obj
 0001:00002030       cgxe_mdl_start             0000000180003030 f   m_DH3jGOJ4u96z2aK3hkI3OE.obj
 0001:000020c0       cgxe_mdl_initialize        00000001800030c0 f   m_DH3jGOJ4u96z2aK3hkI3OE.obj
 0001:00002140       cgxe_mdl_outputs           0000000180003140 f   m_DH3jGOJ4u96z2aK3hkI3OE.obj
 0001:000021d0       cgxe_mdl_update            00000001800031d0 f   m_DH3jGOJ4u96z2aK3hkI3OE.obj
 0001:000021e0       cgxe_mdl_enable            00000001800031e0 f   m_DH3jGOJ4u96z2aK3hkI3OE.obj
 0001:000021f0       cgxe_mdl_disable           00000001800031f0 f   m_DH3jGOJ4u96z2aK3hkI3OE.obj
 0001:00002200       cgxe_mdl_terminate         0000000180003200 f   m_DH3jGOJ4u96z2aK3hkI3OE.obj
 0001:00002250       mw__internal__system__init__fcn 0000000180003250 f   m_DH3jGOJ4u96z2aK3hkI3OE.obj
 0001:00002270       mw__internal__system__terminate__fcn 0000000180003270 f   m_DH3jGOJ4u96z2aK3hkI3OE.obj
 0001:000022e0       mw__internal__call__setup  00000001800032e0 f   m_DH3jGOJ4u96z2aK3hkI3OE.obj
 0001:000023e0       SystemCore_setup           00000001800033e0 f   m_DH3jGOJ4u96z2aK3hkI3OE.obj
 0001:000026b0       mw__internal__call__reset  00000001800036b0 f   m_DH3jGOJ4u96z2aK3hkI3OE.obj
 0001:00002a20       mw__internal__call__step   0000000180003a20 f   m_DH3jGOJ4u96z2aK3hkI3OE.obj
 0001:00002e30       emlrt_marshallOut          0000000180003e30 f   m_DH3jGOJ4u96z2aK3hkI3OE.obj
 0001:00003030       cgxe_mdl_get_sim_state     0000000180004030 f   m_DH3jGOJ4u96z2aK3hkI3OE.obj
 0001:00003070       emlrt_marshallIn           0000000180004070 f   m_DH3jGOJ4u96z2aK3hkI3OE.obj
 0001:00003160       b_emlrt_marshallIn         0000000180004160 f   m_DH3jGOJ4u96z2aK3hkI3OE.obj
 0001:00003230       c_emlrt_marshallIn         0000000180004230 f   m_DH3jGOJ4u96z2aK3hkI3OE.obj
 0001:00003410       d_emlrt_marshallIn         0000000180004410 f   m_DH3jGOJ4u96z2aK3hkI3OE.obj
 0001:00003460       e_emlrt_marshallIn         0000000180004460 f   m_DH3jGOJ4u96z2aK3hkI3OE.obj
 0001:000034b0       f_emlrt_marshallIn         00000001800044b0 f   m_DH3jGOJ4u96z2aK3hkI3OE.obj
 0001:00003520       cgxe_mdl_set_sim_state     0000000180004520 f   m_DH3jGOJ4u96z2aK3hkI3OE.obj
 0001:00003590       message                    0000000180004590 f   m_DH3jGOJ4u96z2aK3hkI3OE.obj
 0001:00003630       getString                  0000000180004630 f   m_DH3jGOJ4u96z2aK3hkI3OE.obj
 0001:000036a0       error                      00000001800046a0 f   m_DH3jGOJ4u96z2aK3hkI3OE.obj
 0001:00003730       g_emlrt_marshallIn         0000000180004730 f   m_DH3jGOJ4u96z2aK3hkI3OE.obj
 0001:000037b0       h_emlrt_marshallIn         00000001800047b0 f   m_DH3jGOJ4u96z2aK3hkI3OE.obj
 0001:00003820       init_simulink_io_address   0000000180004820 f   m_DH3jGOJ4u96z2aK3hkI3OE.obj
 0001:00003870       mdlOutputs_DH3jGOJ4u96z2aK3hkI3OE 0000000180004870 f   m_DH3jGOJ4u96z2aK3hkI3OE.obj
 0001:000038b0       mdlInitialize_DH3jGOJ4u96z2aK3hkI3OE 00000001800048b0 f   m_DH3jGOJ4u96z2aK3hkI3OE.obj
 0001:000038e0       mdlUpdate_DH3jGOJ4u96z2aK3hkI3OE 00000001800048e0 f   m_DH3jGOJ4u96z2aK3hkI3OE.obj
 0001:00003920       getSimState_DH3jGOJ4u96z2aK3hkI3OE 0000000180004920 f   m_DH3jGOJ4u96z2aK3hkI3OE.obj
 0001:00003960       setSimState_DH3jGOJ4u96z2aK3hkI3OE 0000000180004960 f   m_DH3jGOJ4u96z2aK3hkI3OE.obj
 0001:000039a0       mdlTerminate_DH3jGOJ4u96z2aK3hkI3OE 00000001800049a0 f   m_DH3jGOJ4u96z2aK3hkI3OE.obj
 0001:000039e0       mdlEnable_DH3jGOJ4u96z2aK3hkI3OE 00000001800049e0 f   m_DH3jGOJ4u96z2aK3hkI3OE.obj
 0001:00003a10       mdlDisable_DH3jGOJ4u96z2aK3hkI3OE 0000000180004a10 f   m_DH3jGOJ4u96z2aK3hkI3OE.obj
 0001:00003a40       mdlStart_DH3jGOJ4u96z2aK3hkI3OE 0000000180004a40 f   m_DH3jGOJ4u96z2aK3hkI3OE.obj
 0001:00003b40       mdlProcessParameters_DH3jGOJ4u96z2aK3hkI3OE 0000000180004b40 f   m_DH3jGOJ4u96z2aK3hkI3OE.obj
 0001:00003e10       cgxe_mdl_start             0000000180004e10 f   m_zBcJJKdPFoobubnOzm2A4C.obj
 0001:00003ea0       cgxe_mdl_initialize        0000000180004ea0 f   m_zBcJJKdPFoobubnOzm2A4C.obj
 0001:00003f20       cgxe_mdl_outputs           0000000180004f20 f   m_zBcJJKdPFoobubnOzm2A4C.obj
 0001:00003fa0       cgxe_mdl_update            0000000180004fa0 f   m_zBcJJKdPFoobubnOzm2A4C.obj
 0001:00003fb0       cgxe_mdl_enable            0000000180004fb0 f   m_zBcJJKdPFoobubnOzm2A4C.obj
 0001:00003fc0       cgxe_mdl_disable           0000000180004fc0 f   m_zBcJJKdPFoobubnOzm2A4C.obj
 0001:00003fd0       cgxe_mdl_terminate         0000000180004fd0 f   m_zBcJJKdPFoobubnOzm2A4C.obj
 0001:00004020       mw__internal__call__setup  0000000180005020 f   m_zBcJJKdPFoobubnOzm2A4C.obj
 0001:00004110       SystemCore_setup           0000000180005110 f   m_zBcJJKdPFoobubnOzm2A4C.obj
 0001:000043c0       mw__internal__call__reset  00000001800053c0 f   m_zBcJJKdPFoobubnOzm2A4C.obj
 0001:00004710       mw__internal__call__step   0000000180005710 f   m_zBcJJKdPFoobubnOzm2A4C.obj
 0001:00004ad0       emlrt_marshallOut          0000000180005ad0 f   m_zBcJJKdPFoobubnOzm2A4C.obj
 0001:00004c20       cgxe_mdl_get_sim_state     0000000180005c20 f   m_zBcJJKdPFoobubnOzm2A4C.obj
 0001:00004c60       emlrt_marshallIn           0000000180005c60 f   m_zBcJJKdPFoobubnOzm2A4C.obj
 0001:00004d30       b_emlrt_marshallIn         0000000180005d30 f   m_zBcJJKdPFoobubnOzm2A4C.obj
 0001:00004da0       c_emlrt_marshallIn         0000000180005da0 f   m_zBcJJKdPFoobubnOzm2A4C.obj
 0001:00004e80       d_emlrt_marshallIn         0000000180005e80 f   m_zBcJJKdPFoobubnOzm2A4C.obj
 0001:00004ed0       e_emlrt_marshallIn         0000000180005ed0 f   m_zBcJJKdPFoobubnOzm2A4C.obj
 0001:00004f40       f_emlrt_marshallIn         0000000180005f40 f   m_zBcJJKdPFoobubnOzm2A4C.obj
 0001:00004f90       cgxe_mdl_set_sim_state     0000000180005f90 f   m_zBcJJKdPFoobubnOzm2A4C.obj
 0001:00005000       message                    0000000180006000 f   m_zBcJJKdPFoobubnOzm2A4C.obj
 0001:000050a0       getString                  00000001800060a0 f   m_zBcJJKdPFoobubnOzm2A4C.obj
 0001:00005110       error                      0000000180006110 f   m_zBcJJKdPFoobubnOzm2A4C.obj
 0001:000051a0       g_emlrt_marshallIn         00000001800061a0 f   m_zBcJJKdPFoobubnOzm2A4C.obj
 0001:00005210       h_emlrt_marshallIn         0000000180006210 f   m_zBcJJKdPFoobubnOzm2A4C.obj
 0001:00005290       init_simulink_io_address   0000000180006290 f   m_zBcJJKdPFoobubnOzm2A4C.obj
 0001:000052e0       mdlOutputs_zBcJJKdPFoobubnOzm2A4C 00000001800062e0 f   m_zBcJJKdPFoobubnOzm2A4C.obj
 0001:00005320       mdlInitialize_zBcJJKdPFoobubnOzm2A4C 0000000180006320 f   m_zBcJJKdPFoobubnOzm2A4C.obj
 0001:00005350       mdlUpdate_zBcJJKdPFoobubnOzm2A4C 0000000180006350 f   m_zBcJJKdPFoobubnOzm2A4C.obj
 0001:00005390       getSimState_zBcJJKdPFoobubnOzm2A4C 0000000180006390 f   m_zBcJJKdPFoobubnOzm2A4C.obj
 0001:000053d0       setSimState_zBcJJKdPFoobubnOzm2A4C 00000001800063d0 f   m_zBcJJKdPFoobubnOzm2A4C.obj
 0001:00005410       mdlTerminate_zBcJJKdPFoobubnOzm2A4C 0000000180006410 f   m_zBcJJKdPFoobubnOzm2A4C.obj
 0001:00005450       mdlEnable_zBcJJKdPFoobubnOzm2A4C 0000000180006450 f   m_zBcJJKdPFoobubnOzm2A4C.obj
 0001:00005480       mdlDisable_zBcJJKdPFoobubnOzm2A4C 0000000180006480 f   m_zBcJJKdPFoobubnOzm2A4C.obj
 0001:000054b0       mdlStart_zBcJJKdPFoobubnOzm2A4C 00000001800064b0 f   m_zBcJJKdPFoobubnOzm2A4C.obj
 0001:000055b0       mdlProcessParameters_zBcJJKdPFoobubnOzm2A4C 00000001800065b0 f   m_zBcJJKdPFoobubnOzm2A4C.obj
 0001:00005880       cgxe_mdl_start             0000000180006880 f   m_E5eYYMYEC9250ATstCUIJE.obj
 0001:00005910       cgxe_mdl_initialize        0000000180006910 f   m_E5eYYMYEC9250ATstCUIJE.obj
 0001:00005990       cgxe_mdl_outputs           0000000180006990 f   m_E5eYYMYEC9250ATstCUIJE.obj
 0001:00005a10       cgxe_mdl_update            0000000180006a10 f   m_E5eYYMYEC9250ATstCUIJE.obj
 0001:00005a20       cgxe_mdl_enable            0000000180006a20 f   m_E5eYYMYEC9250ATstCUIJE.obj
 0001:00005a30       cgxe_mdl_disable           0000000180006a30 f   m_E5eYYMYEC9250ATstCUIJE.obj
 0001:00005a40       cgxe_mdl_terminate         0000000180006a40 f   m_E5eYYMYEC9250ATstCUIJE.obj
 0001:00005a90       mw__internal__call__setup  0000000180006a90 f   m_E5eYYMYEC9250ATstCUIJE.obj
 0001:00005b80       SystemCore_setup           0000000180006b80 f   m_E5eYYMYEC9250ATstCUIJE.obj
 0001:00005e30       mw__internal__call__reset  0000000180006e30 f   m_E5eYYMYEC9250ATstCUIJE.obj
 0001:00006180       mw__internal__call__step   0000000180007180 f   m_E5eYYMYEC9250ATstCUIJE.obj
 0001:00006540       emlrt_marshallOut          0000000180007540 f   m_E5eYYMYEC9250ATstCUIJE.obj
 0001:00006690       cgxe_mdl_get_sim_state     0000000180007690 f   m_E5eYYMYEC9250ATstCUIJE.obj
[...]
 0003:00003ea0       $SG22254                   0000000180023ea0     Child_App_cgxe_registry.obj
 0003:00003ef0       $SG22255                   0000000180023ef0     Child_App_cgxe_registry.obj
 0003:00003f00       $SG22256                   0000000180023f00     Child_App_cgxe_registry.obj
 0003:00003f08       $SG22269                   0000000180023f08     Child_App_cgxe_registry.obj
 0003:00003f10       $SG22268                   0000000180023f10     Child_App_cgxe_registry.obj
 0003:00003f70       $SG22270                   0000000180023f70     Child_App_cgxe_registry.obj
 0003:00003f78       $SG22283                   0000000180023f78     Child_App_cgxe_registry.obj
 0003:00003f80       $SG22282                   0000000180023f80     Child_App_cgxe_registry.obj
 0003:00003fe0       $SG22284                   0000000180023fe0     Child_App_cgxe_registry.obj
 0003:00003fe8       $SG23259                   0000000180023fe8     Child_App_cgxe_registry.obj
 0003:00004000       $SG22637                   0000000180024000     Child_App_cgxe_registry.obj
 0003:00004078       $SG23330                   0000000180024078     Child_App_cgxe_registry.obj
 0003:00004080       $SG22640                   0000000180024080     Child_App_cgxe_registry.obj
 0003:000040f4       $SG23331                   00000001800240f4     Child_App_cgxe_registry.obj
 0003:00004100       $SG22645                   0000000180024100     Child_App_cgxe_registry.obj
 0003:00004178       $SG23332                   0000000180024178     Child_App_cgxe_registry.obj
 0003:00004180       $SG22653                   0000000180024180     Child_App_cgxe_registry.obj
 0003:000041f0       $SG22928                   00000001800241f0     Child_App_cgxe_registry.obj
 0003:00004268       $SG23338                   0000000180024268     Child_App_cgxe_registry.obj
 0003:00004270       $SG22933                   0000000180024270     Child_App_cgxe_registry.obj
 0003:000042e8       $SG23341                   00000001800242e8     Child_App_cgxe_registry.obj
 0003:000042f0       $SG23272                   00000001800242f0     Child_App_cgxe_registry.obj
 0003:00004368       $SG23344                   0000000180024368     Child_App_cgxe_registry.obj
 0003:00004370       $SG23333                   0000000180024370     Child_App_cgxe_registry.obj
 0003:000043e8       $SG23350                   00000001800243e8     Child_App_cgxe_registry.obj
 0003:000043f0       $SG23335                   00000001800243f0     Child_App_cgxe_registry.obj
 0003:00004470       $SG23345                   0000000180024470     Child_App_cgxe_registry.obj
 0003:000044f0       $SG23346                   00000001800244f0     Child_App_cgxe_registry.obj
 0003:00004500       $SG23348                   0000000180024500     Child_App_cgxe_registry.obj
 0003:0000450c       $SG23352                   000000018002450c     Child_App_cgxe_registry.obj
 0003:00004518       $SG23354                   0000000180024518     Child_App_cgxe_registry.obj
 0003:00004528       $SG23477                   0000000180024528     Child_App_cgxe_registry.obj
 0003:00004558       $SG23479                   0000000180024558     Child_App_cgxe_registry.obj
 0003:00004560       $SG23359                   0000000180024560     Child_App_cgxe_registry.obj
 0003:00004648       $SG23478                   0000000180024648     Child_App_cgxe_registry.obj
 0003:00004658       $SG23481                   0000000180024658     Child_App_cgxe_registry.obj
 0003:00004690       $SG23482                   0000000180024690     Child_App_cgxe_registry.obj
 0003:000046a0       $SG23483                   00000001800246a0     Child_App_cgxe_registry.obj
 0003:000046a8       $SG23486                   00000001800246a8     Child_App_cgxe_registry.obj
 0003:000046e0       $SG23487                   00000001800246e0     Child_App_cgxe_registry.obj
 0003:000046f0       $SG23488                   00000001800246f0     Child_App_cgxe_registry.obj
 0003:000046f8       $SG23490                   00000001800246f8     Child_App_cgxe_registry.obj
 0003:00004730       $SG23491                   0000000180024730     Child_App_cgxe_registry.obj
 0003:00004740       $SG23492                   0000000180024740     Child_App_cgxe_registry.obj
 0003:00004748       $SG23494                   0000000180024748     Child_App_cgxe_registry.obj
 0003:00004780       $SG23495                   0000000180024780     Child_App_cgxe_registry.obj
 0003:00004790       $SG23496                   0000000180024790     Child_App_cgxe_registry.obj
 0003:00004798       $SG23499                   0000000180024798     Child_App_cgxe_registry.obj
 0003:000047a8       $SG23501                   00000001800247a8     Child_App_cgxe_registry.obj
 0003:000047c0       $SG23502                   00000001800247c0     Child_App_cgxe_registry.obj
 0003:000047f8       $SG23503                   00000001800247f8     Child_App_cgxe_registry.obj
 0003:00004808       $SG23504                   0000000180024808     Child_App_cgxe_registry.obj
 0003:00004810       $SG23639                   0000000180024810     Child_App_cgxe_registry.obj
 0003:00004830       $SG23640                   0000000180024830     Child_App_cgxe_registry.obj
 0003:000048c0       $SG23646                   00000001800248c0     Child_App_cgxe_registry.obj
 0003:000048d8       $SG23653                   00000001800248d8     Child_App_cgxe_registry.obj
 0003:000048f0       $SG23647                   00000001800248f0     Child_App_cgxe_registry.obj
 0003:00004980       $SG23654                   0000000180024980     Child_App_cgxe_registry.obj
 0003:00004a10       $SG23660                   0000000180024a10     Child_App_cgxe_registry.obj
 0003:00004a30       $SG23661                   0000000180024a30     Child_App_cgxe_registry.obj
 0003:00004ac0       $SG23667                   0000000180024ac0     Child_App_cgxe_registry.obj
 0003:00004ae0       $SG23668                   0000000180024ae0     Child_App_cgxe_registry.obj
 0003:00004b70       $SG23672                   0000000180024b70     Child_App_cgxe_registry.obj
 0003:00004b90       $SG23673                   0000000180024b90     Child_App_cgxe_registry.obj
 0003:00004c20       $SG23677                   0000000180024c20     Child_App_cgxe_registry.obj
 0003:00004c48       $SG23682                   0000000180024c48     Child_App_cgxe_registry.obj
 0003:00004c70       $SG23678                   0000000180024c70     Child_App_cgxe_registry.obj
 0003:00004d00       $SG23683                   0000000180024d00     Child_App_cgxe_registry.obj
 0003:00004d90       $SG23687                   0000000180024d90     Child_App_cgxe_registry.obj
 0003:00004db0       $SG23688                   0000000180024db0     Child_App_cgxe_registry.obj
 0003:00004e40       $SG23692                   0000000180024e40     Child_App_cgxe_registry.obj
 0003:00004e60       $SG23693                   0000000180024e60     Child_App_cgxe_registry.obj
 0003:00004ef0       $SG23697                   0000000180024ef0     Child_App_cgxe_registry.obj
 0003:00004f08       $SG23733                   0000000180024f08     Child_App_cgxe_registry.obj
 0003:00004f20       $SG23698                   0000000180024f20     Child_App_cgxe_registry.obj
 0003:00004fb0       $SG23702                   0000000180024fb0     Child_App_cgxe_registry.obj
 0003:00004fd0       $SG23703                   0000000180024fd0     Child_App_cgxe_registry.obj
 0003:00005060       $SG23707                   0000000180025060     Child_App_cgxe_registry.obj
 0003:00005080       $SG23708                   0000000180025080     Child_App_cgxe_registry.obj
 0003:00005110       $SG23712                   0000000180025110     Child_App_cgxe_registry.obj
 0003:00005130       $SG23713                   0000000180025130     Child_App_cgxe_registry.obj
 0003:000051c0       $SG23717                   00000001800251c0     Child_App_cgxe_registry.obj
 0003:000051e0       $SG23718                   00000001800251e0     Child_App_cgxe_registry.obj
 0003:00005270       $SG23722                   0000000180025270     Child_App_cgxe_registry.obj
 0003:00005290       $SG23723                   0000000180025290     Child_App_cgxe_registry.obj
 0003:00005320       $SG23727                   0000000180025320     Child_App_cgxe_registry.obj
 0003:00005340       $SG23728                   0000000180025340     Child_App_cgxe_registry.obj
 0003:000053d0       $SG23734                   00000001800253d0     Child_App_cgxe_registry.obj
 0003:00005460       $SG23739                   0000000180025460     Child_App_cgxe_registry.obj
 0003:00005478       $SG23749                   0000000180025478     Child_App_cgxe_registry.obj
 0003:00005490       $SG23740                   0000000180025490     Child_App_cgxe_registry.obj
 0003:00005520       $SG23744                   0000000180025520     Child_App_cgxe_registry.obj
 0003:00005530       $SG23745                   0000000180025530     Child_App_cgxe_registry.obj
 0003:000055c0       $SG23750                   00000001800255c0     Child_App_cgxe_registry.obj
 0003:00005650       $SG23758                   0000000180025650     Child_App_cgxe_registry.obj
 0003:00005660       $SG23759                   0000000180025660     Child_App_cgxe_registry.obj
 0003:000056f0       $SG23763                   00000001800256f0     Child_App_cgxe_registry.obj
 0003:00005770       $SG23765                   0000000180025770     Child_App_cgxe_registry.obj
 0003:000057e8       $SG23812                   00000001800257e8     Child_App_cgxe_registry.obj
 0003:000057f8       $SG23893                   00000001800257f8     Child_App_cgxe_registry.obj
 0003:00005800       $SG23769                   0000000180025800     Child_App_cgxe_registry.obj
 0003:00005878       $SG23823                   0000000180025878     Child_App_cgxe_registry.obj
 0003:00005888       $SG23894                   0000000180025888     Child_App_cgxe_registry.obj
 0003:00005890       $SG23799                   0000000180025890     Child_App_cgxe_registry.obj
 0003:000059a8       $SG23836                   00000001800259a8     Child_App_cgxe_registry.obj
 0003:000059b8       $SG23847                   00000001800259b8     Child_App_cgxe_registry.obj
 0003:000059c8       $SG23860                   00000001800259c8     Child_App_cgxe_registry.obj
 0003:000059d8       $SG23871                   00000001800259d8     Child_App_cgxe_registry.obj
 0003:000059e8       $SG23881                   00000001800259e8     Child_App_cgxe_registry.obj
 0003:00005a08       $SG23892                   0000000180025a08     Child_App_cgxe_registry.obj
 0003:00005a38       $SG23905                   0000000180025a38     Child_App_cgxe_registry.obj
 0003:00005a70       $SG23906                   0000000180025a70     Child_App_cgxe_registry.obj
 0003:00005a78       $SG23907                   0000000180025a78     Child_App_cgxe_registry.obj
 0003:00005ac0       $SG21912                   0000000180025ac0     m_r9npojpcpE1nIt6wcZfq3F.obj
 0003:00005ac1       $SG21913                   0000000180025ac1     m_r9npojpcpE1nIt6wcZfq3F.obj
 0003:00005ac2       $SG21915                   0000000180025ac2     m_r9npojpcpE1nIt6wcZfq3F.obj
 0003:00005ac3       $SG21916                   0000000180025ac3     m_r9npojpcpE1nIt6wcZfq3F.obj
 0003:00005ac4       $SG21918                   0000000180025ac4     m_r9npojpcpE1nIt6wcZfq3F.obj
 0003:00005ac5       $SG21919                   0000000180025ac5     m_r9npojpcpE1nIt6wcZfq3F.obj
 0003:00005ac6       $SG21921                   0000000180025ac6     m_r9npojpcpE1nIt6wcZfq3F.obj
 0003:00005ac7       $SG21922                   0000000180025ac7     m_r9npojpcpE1nIt6wcZfq3F.obj
 0003:00005ac8       $SG21907                   0000000180025ac8     m_DH3jGOJ4u96z2aK3hkI3OE.obj
 0003:00005ac9       $SG21908                   0000000180025ac9     m_DH3jGOJ4u96z2aK3hkI3OE.obj
 0003:00005aca       $SG21910                   0000000180025aca     m_DH3jGOJ4u96z2aK3hkI3OE.obj
 0003:00005acb       $SG21911                   0000000180025acb     m_DH3jGOJ4u96z2aK3hkI3OE.obj
 0003:00005acc       $SG21913                   0000000180025acc     m_DH3jGOJ4u96z2aK3hkI3OE.obj
 0003:00005acd       $SG21914                   0000000180025acd     m_DH3jGOJ4u96z2aK3hkI3OE.obj
 0003:00005ace       $SG21916                   0000000180025ace     m_DH3jGOJ4u96z2aK3hkI3OE.obj
 0003:00005acf       $SG21917                   0000000180025acf     m_DH3jGOJ4u96z2aK3hkI3OE.obj
 0003:00005ad0       $SG21919                   0000000180025ad0     m_DH3jGOJ4u96z2aK3hkI3OE.obj
 0003:00005ad1       $SG21920                   0000000180025ad1     m_DH3jGOJ4u96z2aK3hkI3OE.obj
 0003:00005ad2       $SG21906                   0000000180025ad2     m_zBcJJKdPFoobubnOzm2A4C.obj
 0003:00005ad3       $SG21907                   0000000180025ad3     m_zBcJJKdPFoobubnOzm2A4C.obj
 0003:00005ad4       $SG21909                   0000000180025ad4     m_zBcJJKdPFoobubnOzm2A4C.obj
 0003:00005ad5       $SG21910                   0000000180025ad5     m_zBcJJKdPFoobubnOzm2A4C.obj
 0003:00005ad6       $SG21912                   0000000180025ad6     m_zBcJJKdPFoobubnOzm2A4C.obj
 0003:00005ad7       $SG21913                   0000000180025ad7     m_zBcJJKdPFoobubnOzm2A4C.obj
 0003:00005ad8       $SG21915                   0000000180025ad8     m_zBcJJKdPFoobubnOzm2A4C.obj
 0003:00005ad9       $SG21916                   0000000180025ad9     m_zBcJJKdPFoobubnOzm2A4C.obj
 0003:00005ada       $SG21912                   0000000180025ada     m_E5eYYMYEC9250ATstCUIJE.obj
 0003:00005adb       $SG21913                   0000000180025adb     m_E5eYYMYEC9250ATstCUIJE.obj
 0003:00005adc       $SG21915                   0000000180025adc     m_E5eYYMYEC9250ATstCUIJE.obj
 0003:00005add       $SG21916                   0000000180025add     m_E5eYYMYEC9250ATstCUIJE.obj
 0003:00005ade       $SG21918                   0000000180025ade     m_E5eYYMYEC9250ATstCUIJE.obj
 0003:00005adf       $SG21919                   0000000180025adf     m_E5eYYMYEC9250ATstCUIJE.obj
 0003:00005ae0       $SG21921                   0000000180025ae0     m_E5eYYMYEC9250ATstCUIJE.obj
 0003:00005ae1       $SG21922                   0000000180025ae1     m_E5eYYMYEC9250ATstCUIJE.obj
 0003:00005ae2       $SG21912                   0000000180025ae2     m_KfaDhNL7xJVG1u0RUxB9sH.obj
 0003:00005ae3       $SG21913                   0000000180025ae3     m_KfaDhNL7xJVG1u0RUxB9sH.obj
 0003:00005ae4       $SG21915                   0000000180025ae4     m_KfaDhNL7xJVG1u0RUxB9sH.obj
 0003:00005ae5       $SG21916                   0000000180025ae5     m_KfaDhNL7xJVG1u0RUxB9sH.obj
 0003:00005ae6       $SG21918                   0000000180025ae6     m_KfaDhNL7xJVG1u0RUxB9sH.obj
 0003:00005ae7       $SG21919                   0000000180025ae7     m_KfaDhNL7xJVG1u0RUxB9sH.obj
 0003:00005ae8       $SG21921                   0000000180025ae8     m_KfaDhNL7xJVG1u0RUxB9sH.obj
 0003:00005ae9       $SG21922                   0000000180025ae9     m_KfaDhNL7xJVG1u0RUxB9sH.obj
 0003:00005aea       $SG21912                   0000000180025aea     m_nyucgZWjM3Ai1CT2jftVoF.obj
 0003:00005aeb       $SG21913                   0000000180025aeb     m_nyucgZWjM3Ai1CT2jftVoF.obj
 0003:00005aec       $SG21915                   0000000180025aec     m_nyucgZWjM3Ai1CT2jftVoF.obj
 0003:00005aed       $SG21916                   0000000180025aed     m_nyucgZWjM3Ai1CT2jftVoF.obj
 0003:00005aee       $SG21918                   0000000180025aee     m_nyucgZWjM3Ai1CT2jftVoF.obj
 0003:00005aef       $SG21919                   0000000180025aef     m_nyucgZWjM3Ai1CT2jftVoF.obj
 0003:00005af0       $SG21921                   0000000180025af0     m_nyucgZWjM3Ai1CT2jftVoF.obj
 0003:00005af1       $SG21922                   0000000180025af1     m_nyucgZWjM3Ai1CT2jftVoF.obj
 0003:00005af2       $SG21912                   0000000180025af2     m_KDwHGQ2xXp4wmWKPmnDGqC.obj
 0003:00005af3       $SG21913                   0000000180025af3     m_KDwHGQ2xXp4wmWKPmnDGqC.obj
 0003:00005af4       $SG21915                   0000000180025af4     m_KDwHGQ2xXp4wmWKPmnDGqC.obj
 0003:00005af5       $SG21916                   0000000180025af5     m_KDwHGQ2xXp4wmWKPmnDGqC.obj
 0003:00005af6       $SG21918                   0000000180025af6     m_KDwHGQ2xXp4wmWKPmnDGqC.obj
 0003:00005af7       $SG21919                   0000000180025af7     m_KDwHGQ2xXp4wmWKPmnDGqC.obj
 0003:00005af8       $SG21921                   0000000180025af8     m_KDwHGQ2xXp4wmWKPmnDGqC.obj
 0003:00005af9       $SG21922                   0000000180025af9     m_KDwHGQ2xXp4wmWKPmnDGqC.obj
 0003:00005afa       $SG21912                   0000000180025afa     m_N6wSUtJycDbE8bKJByzvlC.obj
 0003:00005afb       $SG21913                   0000000180025afb     m_N6wSUtJycDbE8bKJByzvlC.obj
 0003:00005afc       $SG21915                   0000000180025afc     m_N6wSUtJycDbE8bKJByzvlC.obj
 0003:00005afd       $SG21916                   0000000180025afd     m_N6wSUtJycDbE8bKJByzvlC.obj
 0003:00005afe       $SG21918                   0000000180025afe     m_N6wSUtJycDbE8bKJByzvlC.obj
 0003:00005aff       $SG21919                   0000000180025aff     m_N6wSUtJycDbE8bKJByzvlC.obj
 0003:00005b00       $SG21921                   0000000180025b00     m_N6wSUtJycDbE8bKJByzvlC.obj
 0003:00005b01       $SG21922                   0000000180025b01     m_N6wSUtJycDbE8bKJByzvlC.obj
 0003:00005b02       $SG21906                   0000000180025b02     m_rv2q6Si9yo15c6LurhHJ.obj
 0003:00005b03       $SG21907                   0000000180025b03     m_rv2q6Si9yo15c6LurhHJ.obj
 0003:00005b04       $SG21909                   0000000180025b04     m_rv2q6Si9yo15c6LurhHJ.obj
 0003:00005b05       $SG21910                   0000000180025b05     m_rv2q6Si9yo15c6LurhHJ.obj
 0003:00005b06       $SG21912                   0000000180025b06     m_rv2q6Si9yo15c6LurhHJ.obj
 0003:00005b07       $SG21913                   0000000180025b07     m_rv2q6Si9yo15c6LurhHJ.obj
 0003:00005b08       $SG21915                   0000000180025b08     m_rv2q6Si9yo15c6LurhHJ.obj
 0003:00005b09       $SG21916                   0000000180025b09     m_rv2q6Si9yo15c6LurhHJ.obj
 0003:00005b0a       $SG21912                   0000000180025b0a     m_0IWK4xPALvAwGYJfiJSKHC.obj
 0003:00005b0b       $SG21913                   0000000180025b0b     m_0IWK4xPALvAwGYJfiJSKHC.obj
 0003:00005b0c       $SG21915                   0000000180025b0c     m_0IWK4xPALvAwGYJfiJSKHC.obj
 0003:00005b0d       $SG21916                   0000000180025b0d     m_0IWK4xPALvAwGYJfiJSKHC.obj
 0003:00005b0e       $SG21918                   0000000180025b0e     m_0IWK4xPALvAwGYJfiJSKHC.obj
 0003:00005b0f       $SG21919                   0000000180025b0f     m_0IWK4xPALvAwGYJfiJSKHC.obj
 0003:00005b10       $SG21921                   0000000180025b10     m_0IWK4xPALvAwGYJfiJSKHC.obj
 0003:00005b11       $SG21922                   0000000180025b11     m_0IWK4xPALvAwGYJfiJSKHC.obj
 0003:00005b14       $SG23326                   0000000180025b14     Child_App_cgxe_registry.obj
 0003:00005b16       ?warningGuard@?1??ssGetRootSS@@9@9 0000000180025b16     Child_App_cgxe_registry.obj
 0003:00005b17       ?warningGuard@?1??ssGetParentSS@@9@9 0000000180025b17     Child_App_cgxe_registry.obj
 0003:00005b20       GS_ExceptionRecord         0000000180025b20     MSVCRT:gs_report.obj
 0003:00005bc0       GS_ContextRecord           0000000180025bc0     MSVCRT:gs_report.obj
 0003:00006090       ?__proc_attached@@3HA      0000000180026090     MSVCRT:dll_dllmain.obj
 0003:000060d0       ?is_initialized_as_dll@@3_NA 00000001800260d0     MSVCRT:utility.obj
 0003:000060d1       ?module_local_atexit_table_initialized@@3_NA 00000001800260d1     MSVCRT:utility.obj
 0003:000060d8       ?module_local_atexit_table@@3U_onexit_table_t@@A 00000001800260d8     MSVCRT:utility.obj
 0003:000060f0       ?module_local_at_quick_exit_table@@3U_onexit_table_t@@A 00000001800260f0     MSVCRT:utility.obj
